Component: ARM Compiler 5.06 update 7 (build 960) Tool: armlink [4d3601]

==============================================================================

Section Cross References

    usbh_msc.o(i.USBH_MSC_ClassRequest) refers to usbh_msc_bot.o(i.USBH_MSC_BOT_REQ_GetMaxLUN) for USBH_MSC_BOT_REQ_GetMaxLUN
    usbh_msc.o(i.USBH_MSC_ClassRequest) refers to usbh_ctlreq.o(i.USBH_ClrFeature) for USBH_ClrFeature
    usbh_msc.o(i.USBH_MSC_GetLUNInfo) refers to memcpya.o(.text) for __aeabi_memcpy4
    usbh_msc.o(i.USBH_MSC_InterfaceDeInit) refers to usbh_pipes.o(i.USBH_ClosePipe) for USBH_ClosePipe
    usbh_msc.o(i.USBH_MSC_InterfaceDeInit) refers to usbh_pipes.o(i.USBH_FreePipe) for USBH_FreePipe
    usbh_msc.o(i.USBH_MSC_InterfaceDeInit) refers to malloc.o(i.free) for free
    usbh_msc.o(i.USBH_MSC_InterfaceInit) refers to usbh_core.o(i.USBH_FindInterface) for USBH_FindInterface
    usbh_msc.o(i.USBH_MSC_InterfaceInit) refers to usbh_core.o(i.USBH_SelectInterface) for USBH_SelectInterface
    usbh_msc.o(i.USBH_MSC_InterfaceInit) refers to malloc.o(i.malloc) for malloc
    usbh_msc.o(i.USBH_MSC_InterfaceInit) refers to memseta.o(.text) for __aeabi_memclr4
    usbh_msc.o(i.USBH_MSC_InterfaceInit) refers to usbh_pipes.o(i.USBH_AllocPipe) for USBH_AllocPipe
    usbh_msc.o(i.USBH_MSC_InterfaceInit) refers to usbh_msc_bot.o(i.USBH_MSC_BOT_Init) for USBH_MSC_BOT_Init
    usbh_msc.o(i.USBH_MSC_InterfaceInit) refers to usbh_pipes.o(i.USBH_OpenPipe) for USBH_OpenPipe
    usbh_msc.o(i.USBH_MSC_InterfaceInit) refers to usbh_conf.o(i.USBH_LL_SetToggle) for USBH_LL_SetToggle
    usbh_msc.o(i.USBH_MSC_Process) refers to usbh_msc_scsi.o(i.USBH_MSC_SCSI_Inquiry) for USBH_MSC_SCSI_Inquiry
    usbh_msc.o(i.USBH_MSC_Process) refers to usbh_msc_scsi.o(i.USBH_MSC_SCSI_TestUnitReady) for USBH_MSC_SCSI_TestUnitReady
    usbh_msc.o(i.USBH_MSC_Process) refers to usbh_msc_scsi.o(i.USBH_MSC_SCSI_ReadCapacity) for USBH_MSC_SCSI_ReadCapacity
    usbh_msc.o(i.USBH_MSC_Process) refers to usbh_msc_scsi.o(i.USBH_MSC_SCSI_RequestSense) for USBH_MSC_SCSI_RequestSense
    usbh_msc.o(i.USBH_MSC_RdWrProcess) refers to usbh_msc_scsi.o(i.USBH_MSC_SCSI_Read) for USBH_MSC_SCSI_Read
    usbh_msc.o(i.USBH_MSC_RdWrProcess) refers to usbh_msc_scsi.o(i.USBH_MSC_SCSI_Write) for USBH_MSC_SCSI_Write
    usbh_msc.o(i.USBH_MSC_RdWrProcess) refers to usbh_msc_scsi.o(i.USBH_MSC_SCSI_RequestSense) for USBH_MSC_SCSI_RequestSense
    usbh_msc.o(i.USBH_MSC_Read) refers to usbh_msc_scsi.o(i.USBH_MSC_SCSI_Read) for USBH_MSC_SCSI_Read
    usbh_msc.o(i.USBH_MSC_Read) refers to usbh_msc.o(i.USBH_MSC_RdWrProcess) for USBH_MSC_RdWrProcess
    usbh_msc.o(i.USBH_MSC_Write) refers to usbh_msc_scsi.o(i.USBH_MSC_SCSI_Write) for USBH_MSC_SCSI_Write
    usbh_msc.o(i.USBH_MSC_Write) refers to usbh_msc.o(i.USBH_MSC_RdWrProcess) for USBH_MSC_RdWrProcess
    usbh_msc.o(.data) refers to usbh_msc.o(.conststring) for .conststring
    usbh_msc.o(.data) refers to usbh_msc.o(i.USBH_MSC_InterfaceInit) for USBH_MSC_InterfaceInit
    usbh_msc.o(.data) refers to usbh_msc.o(i.USBH_MSC_InterfaceDeInit) for USBH_MSC_InterfaceDeInit
    usbh_msc.o(.data) refers to usbh_msc.o(i.USBH_MSC_ClassRequest) for USBH_MSC_ClassRequest
    usbh_msc.o(.data) refers to usbh_msc.o(i.USBH_MSC_Process) for USBH_MSC_Process
    usbh_msc.o(.data) refers to usbh_msc.o(i.USBH_MSC_SOFProcess) for USBH_MSC_SOFProcess
    usbh_msc_bot.o(i.USBH_MSC_BOT_Abort) refers to usbh_ctlreq.o(i.USBH_ClrFeature) for USBH_ClrFeature
    usbh_msc_bot.o(i.USBH_MSC_BOT_Process) refers to usbh_conf.o(i.USBH_LL_GetURBState) for USBH_LL_GetURBState
    usbh_msc_bot.o(i.USBH_MSC_BOT_Process) refers to usbh_ioreq.o(i.USBH_BulkReceiveData) for USBH_BulkReceiveData
    usbh_msc_bot.o(i.USBH_MSC_BOT_Process) refers to usbh_ioreq.o(i.USBH_BulkSendData) for USBH_BulkSendData
    usbh_msc_bot.o(i.USBH_MSC_BOT_Process) refers to usbh_conf.o(i.USBH_LL_GetLastXferSize) for USBH_LL_GetLastXferSize
    usbh_msc_bot.o(i.USBH_MSC_BOT_Process) refers to usbh_msc_bot.o(i.USBH_MSC_BOT_Abort) for USBH_MSC_BOT_Abort
    usbh_msc_bot.o(i.USBH_MSC_BOT_Process) refers to usbh_conf.o(i.USBH_LL_GetToggle) for USBH_LL_GetToggle
    usbh_msc_bot.o(i.USBH_MSC_BOT_Process) refers to usbh_conf.o(i.USBH_LL_SetToggle) for USBH_LL_SetToggle
    usbh_msc_bot.o(i.USBH_MSC_BOT_Process) refers to usbh_msc_bot.o(i.USBH_MSC_BOT_REQ_Reset) for USBH_MSC_BOT_REQ_Reset
    usbh_msc_bot.o(i.USBH_MSC_BOT_REQ_GetMaxLUN) refers to usbh_ctlreq.o(i.USBH_CtlReq) for USBH_CtlReq
    usbh_msc_bot.o(i.USBH_MSC_BOT_REQ_Reset) refers to usbh_ctlreq.o(i.USBH_CtlReq) for USBH_CtlReq
    usbh_msc_scsi.o(i.USBH_MSC_SCSI_Inquiry) refers to usbh_msc_bot.o(i.USBH_MSC_BOT_Process) for USBH_MSC_BOT_Process
    usbh_msc_scsi.o(i.USBH_MSC_SCSI_Inquiry) refers to memseta.o(.text) for __aeabi_memclr
    usbh_msc_scsi.o(i.USBH_MSC_SCSI_Inquiry) refers to memcpya.o(.text) for __aeabi_memcpy
    usbh_msc_scsi.o(i.USBH_MSC_SCSI_Read) refers to usbh_msc_bot.o(i.USBH_MSC_BOT_Process) for USBH_MSC_BOT_Process
[...]
    USBH_ParseEPDesc                         0x08003ca7   Thumb Code   180  usbh_ctlreq.o(i.USBH_ParseEPDesc)
    i.USBH_Process                           0x08003d5a   Section        0  usbh_core.o(i.USBH_Process)
    i.USBH_RegisterClass                     0x08003f8e   Section        0  usbh_core.o(i.USBH_RegisterClass)
    i.USBH_SelectInterface                   0x08003fac   Section        0  usbh_core.o(i.USBH_SelectInterface)
    i.USBH_SetAddress                        0x08003fc2   Section        0  usbh_ctlreq.o(i.USBH_SetAddress)
    i.USBH_SetCfg                            0x08003fde   Section        0  usbh_ctlreq.o(i.USBH_SetCfg)
    i.USBH_SetFeature                        0x08003ffa   Section        0  usbh_ctlreq.o(i.USBH_SetFeature)
    i.USBH_Start                             0x08004016   Section        0  usbh_core.o(i.USBH_Start)
    i.USBH_UserProcess                       0x0800402c   Section        0  main.o(i.USBH_UserProcess)
    USBH_UserProcess                         0x0800402d   Thumb Code    42  main.o(i.USBH_UserProcess)
    i.USBH_initialize                        0x08004060   Section        0  usbh_diskio.o(i.USBH_initialize)
    i.USBH_ioctl                             0x08004064   Section        0  usbh_diskio.o(i.USBH_ioctl)
    i.USBH_read                              0x080040d0   Section        0  usbh_diskio.o(i.USBH_read)
    i.USBH_status                            0x08004114   Section        0  usbh_diskio.o(i.USBH_status)
    i.USBH_write                             0x0800412c   Section        0  usbh_diskio.o(i.USBH_write)
    i.USB_CoreInit                           0x08004178   Section        0  stm32f7xx_ll_usb.o(i.USB_CoreInit)
    i.USB_CoreReset                          0x080041e4   Section        0  stm32f7xx_ll_usb.o(i.USB_CoreReset)
    USB_CoreReset                            0x080041e5   Thumb Code    58  stm32f7xx_ll_usb.o(i.USB_CoreReset)
    i.USB_DisableGlobalInt                   0x08004224   Section        0  stm32f7xx_ll_usb.o(i.USB_DisableGlobalInt)
    i.USB_DoPing                             0x08004230   Section        0  stm32f7xx_ll_usb.o(i.USB_DoPing)
    i.USB_DriveVbus                          0x08004254   Section        0  stm32f7xx_ll_usb.o(i.USB_DriveVbus)
    i.USB_EnableGlobalInt                    0x08004280   Section        0  stm32f7xx_ll_usb.o(i.USB_EnableGlobalInt)
    i.USB_FlushRxFifo                        0x0800428c   Section        0  stm32f7xx_ll_usb.o(i.USB_FlushRxFifo)
    i.USB_FlushTxFifo                        0x080042c8   Section        0  stm32f7xx_ll_usb.o(i.USB_FlushTxFifo)
    i.USB_GetCurrentFrame                    0x08004308   Section        0  stm32f7xx_ll_usb.o(i.USB_GetCurrentFrame)
    i.USB_GetHostSpeed                       0x08004310   Section        0  stm32f7xx_ll_usb.o(i.USB_GetHostSpeed)
    i.USB_GetMode                            0x0800431e   Section        0  stm32f7xx_ll_usb.o(i.USB_GetMode)
    i.USB_HC_Halt                            0x08004326   Section        0  stm32f7xx_ll_usb.o(i.USB_HC_Halt)
    i.USB_HC_Init                            0x080043ec   Section        0  stm32f7xx_ll_usb.o(i.USB_HC_Init)
    i.USB_HC_ReadInterrupt                   0x080044fe   Section        0  stm32f7xx_ll_usb.o(i.USB_HC_ReadInterrupt)
    i.USB_HC_StartXfer                       0x08004506   Section        0  stm32f7xx_ll_usb.o(i.USB_HC_StartXfer)
    i.USB_HostInit                           0x08004648   Section        0  stm32f7xx_ll_usb.o(i.USB_HostInit)
    i.USB_InitFSLSPClkSel                    0x08004708   Section        0  stm32f7xx_ll_usb.o(i.USB_InitFSLSPClkSel)
    i.USB_ReadChInterrupts                   0x08004740   Section        0  stm32f7xx_ll_usb.o(i.USB_ReadChInterrupts)
    i.USB_ReadInterrupts                     0x08004750   Section        0  stm32f7xx_ll_usb.o(i.USB_ReadInterrupts)
    i.USB_ReadPacket                         0x08004758   Section        0  stm32f7xx_ll_usb.o(i.USB_ReadPacket)
    i.USB_ResetPort                          0x08004798   Section        0  stm32f7xx_ll_usb.o(i.USB_ResetPort)
    i.USB_SetCurrentMode                     0x080047ca   Section        0  stm32f7xx_ll_usb.o(i.USB_SetCurrentMode)
    i.USB_StopHost                           0x08004828   Section        0  stm32f7xx_ll_usb.o(i.USB_StopHost)
    i.USB_WritePacket                        0x080048b8   Section        0  stm32f7xx_ll_usb.o(i.USB_WritePacket)
    i.UsageFault_Handler                     0x080048e0   Section        0  stm32f7xx_it.o(i.UsageFault_Handler)
    i.__NVIC_SetPriority                     0x080048e2   Section        0  stm32f7xx_hal_cortex.o(i.__NVIC_SetPriority)
    __NVIC_SetPriority                       0x080048e3   Thumb Code    34  stm32f7xx_hal_cortex.o(i.__NVIC_SetPriority)
    i.__scatterload_copy                     0x08004904   Section       14  handlers.o(i.__scatterload_copy)
    i.__scatterload_null                     0x08004912   Section        2  handlers.o(i.__scatterload_null)
    i.__scatterload_zeroinit                 0x08004914   Section       14  handlers.o(i.__scatterload_zeroinit)
    i.check_fs                               0x08004924   Section        0  ff.o(i.check_fs)
    check_fs                                 0x08004925   Thumb Code   102  ff.o(i.check_fs)
    i.chk_chr                                0x08004994   Section        0  ff.o(i.chk_chr)
    chk_chr                                  0x08004995   Thumb Code    16  ff.o(i.chk_chr)
    i.chk_lock                               0x080049a4   Section        0  ff.o(i.chk_lock)
    chk_lock                                 0x080049a5   Thumb Code    86  ff.o(i.chk_lock)
    i.clear_lock                             0x08004a00   Section        0  ff.o(i.clear_lock)
    clear_lock                               0x08004a01   Thumb Code    28  ff.o(i.clear_lock)
    i.clmt_clust                             0x08004a20   Section        0  ff.o(i.clmt_clust)
    clmt_clust                               0x08004a21   Thumb Code    36  ff.o(i.clmt_clust)
    i.clust2sect                             0x08004a44   Section        0  ff.o(i.clust2sect)
    clust2sect                               0x08004a45   Thumb Code    24  ff.o(i.clust2sect)
    i.cmp_lfn                                0x08004a5c   Section        0  ff.o(i.cmp_lfn)
    cmp_lfn                                  0x08004a5d   Thumb Code   124  ff.o(i.cmp_lfn)
    i.create_chain                           0x08004adc   Section        0  ff.o(i.create_chain)
    create_chain                             0x08004add   Thumb Code   166  ff.o(i.create_chain)
    i.create_name                            0x08004b84   Section        0  ff.o(i.create_name)
    create_name                              0x08004b85   Thumb Code   490  ff.o(i.create_name)
    i.dec_lock                               0x08004d88   Section        0  ff.o(i.dec_lock)
    dec_lock                                 0x08004d89   Thumb Code    48  ff.o(i.dec_lock)
    i.dir_find                               0x08004dbc   Section        0  ff.o(i.dir_find)
    dir_find                                 0x08004dbd   Thumb Code   210  ff.o(i.dir_find)
    i.dir_next                               0x08004e90   Section        0  ff.o(i.dir_next)
    dir_next                                 0x08004e91   Thumb Code   244  ff.o(i.dir_next)
    i.dir_register                           0x08004f84   Section        0  ff.o(i.dir_register)
    dir_register                             0x08004f85   Thumb Code   480  ff.o(i.dir_register)
    i.dir_sdi                                0x08005168   Section        0  ff.o(i.dir_sdi)
    dir_sdi                                  0x08005169   Thumb Code   130  ff.o(i.dir_sdi)
    i.disk_initialize                        0x080051ec   Section        0  diskio.o(i.disk_initialize)
    i.disk_ioctl                             0x08005214   Section        0  diskio.o(i.disk_ioctl)
    i.disk_read                              0x0800522c   Section        0  diskio.o(i.disk_read)
    i.disk_status                            0x08005248   Section        0  diskio.o(i.disk_status)
    i.disk_write                             0x0800525c   Section        0  diskio.o(i.disk_write)
    i.f_close                                0x08005278   Section        0  ff.o(i.f_close)
    i.f_mount                                0x080052a0   Section        0  ff.o(i.f_mount)
    i.f_open                                 0x080052f8   Section        0  ff.o(i.f_open)
    i.f_read                                 0x0800553c   Section        0  ff.o(i.f_read)
    i.f_sync                                 0x08005690   Section        0  ff.o(i.f_sync)
    i.ff_convert                             0x08005720   Section        0  unicode.o(i.ff_convert)
    i.ff_memalloc                            0x0800575c   Section        0  syscall.o(i.ff_memalloc)
    i.ff_memfree                             0x08005760   Section        0  syscall.o(i.ff_memfree)
    i.ff_wtoupper                            0x08005764   Section        0  unicode.o(i.ff_wtoupper)
    i.find_volume                            0x080057e4   Section        0  ff.o(i.find_volume)
    find_volume                              0x080057e5   Thumb Code   586  ff.o(i.find_volume)
    i.follow_path                            0x08005a3c   Section        0  ff.o(i.follow_path)
    follow_path                              0x08005a3d   Thumb Code   116  ff.o(i.follow_path)
    i.free                                   0x08005ab0   Section        0  malloc.o(i.free)
    i.gen_numname                            0x08005b00   Section        0  ff.o(i.gen_numname)
    gen_numname                              0x08005b01   Thumb Code   124  ff.o(i.gen_numname)
    i.get_fat                                0x08005b80   Section        0  ff.o(i.get_fat)
    get_fat                                  0x08005b81   Thumb Code   190  ff.o(i.get_fat)
    i.get_fattime                            0x08005c3e   Section        0  diskio.o(i.get_fattime)
    i.get_ldnumber                           0x08005c42   Section        0  ff.o(i.get_ldnumber)
    get_ldnumber                             0x08005c43   Thumb Code    60  ff.o(i.get_ldnumber)
    i.inc_lock                               0x08005c80   Section        0  ff.o(i.inc_lock)
    inc_lock                                 0x08005c81   Thumb Code   124  ff.o(i.inc_lock)
    i.ld_clust                               0x08005d00   Section        0  ff.o(i.ld_clust)
    ld_clust                                 0x08005d01   Thumb Code    38  ff.o(i.ld_clust)
    i.ld_dword                               0x08005d26   Section        0  ff.o(i.ld_dword)
    ld_dword                                 0x08005d27   Thumb Code    22  ff.o(i.ld_dword)
    i.ld_word                                0x08005d3c   Section        0  ff.o(i.ld_word)
    ld_word                                  0x08005d3d   Thumb Code    10  ff.o(i.ld_word)
    i.main                                   0x08005d48   Section        0  main.o(i.main)
    i.malloc                                 0x08005e40   Section        0  malloc.o(i.malloc)
    i.mem_cpy                                0x08005eac   Section        0  ff.o(i.mem_cpy)
    mem_cpy                                  0x08005ead   Thumb Code    18  ff.o(i.mem_cpy)
    i.mem_set                                0x08005ec0   Section        0  ff.o(i.mem_set)
    mem_set                                  0x08005ec1   Thumb Code    14  ff.o(i.mem_set)
    i.move_window                            0x08005ece   Section        0  ff.o(i.move_window)
    move_window                              0x08005ecf   Thumb Code    50  ff.o(i.move_window)
    i.put_fat                                0x08005f00   Section        0  ff.o(i.put_fat)
    put_fat                                  0x08005f01   Thumb Code   240  ff.o(i.put_fat)
    i.remove_chain                           0x08005ff0   Section        0  ff.o(i.remove_chain)
    remove_chain                             0x08005ff1   Thumb Code   116  ff.o(i.remove_chain)
    i.st_clust                               0x08006064   Section        0  ff.o(i.st_clust)
    st_clust                                 0x08006065   Thumb Code    40  ff.o(i.st_clust)
    i.st_dword                               0x0800608c   Section        0  ff.o(i.st_dword)
    st_dword                                 0x0800608d   Thumb Code    16  ff.o(i.st_dword)
    i.st_word                                0x0800609c   Section        0  ff.o(i.st_word)
    st_word                                  0x0800609d   Thumb Code     8  ff.o(i.st_word)
    i.sum_sfn                                0x080060a4   Section        0  ff.o(i.sum_sfn)
    sum_sfn                                  0x080060a5   Thumb Code    28  ff.o(i.sum_sfn)
    i.sync_fs                                0x080060c0   Section        0  ff.o(i.sync_fs)
    sync_fs                                  0x080060c1   Thumb Code   126  ff.o(i.sync_fs)
    i.sync_window                            0x08006148   Section        0  ff.o(i.sync_window)
    sync_window                              0x08006149   Thumb Code    82  ff.o(i.sync_window)
    i.validate                               0x0800619a   Section        0  ff.o(i.validate)
    validate                                 0x0800619b   Thumb Code    52  ff.o(i.validate)
    .constdata                               0x080061d0   Section       20  usbh_diskio.o(.constdata)
    .constdata                               0x080061e4   Section       16  system_stm32f7xx.o(.constdata)
    .constdata                               0x080061f4   Section      170  ff.o(.constdata)
    ExCvt                                    0x080061f4   Data         128  ff.o(.constdata)
    LfnOfs                                   0x08006274   Data          13  ff.o(.constdata)
    cst                                      0x08006282   Data          14  ff.o(.constdata)
    cst32                                    0x08006290   Data          14  ff.o(.constdata)
    .constdata                               0x0800629e   Section      942  unicode.o(.constdata)
    Tbl                                      0x0800629e   Data         256  unicode.o(.constdata)
    cvt1                                     0x0800639e   Data         498  unicode.o(.constdata)
    cvt2                                     0x08006590   Data         188  unicode.o(.constdata)
    .conststring                             0x0800664c   Section        4  usbh_msc.o(.conststring)
    .data                                    0x20000000   Section       32  usbh_msc.o(.data)
    .data                                    0x20000020   Section       44  main.o(.data)
    .data                                    0x2000004c   Section        4  system_stm32f7xx.o(.data)
    .data                                    0x20000050   Section       12  stm32f7xx_hal.o(.data)
    .data                                    0x2000005c   Section       12  ff.o(.data)
    Fsid                                     0x2000005c   Data           2  ff.o(.data)
    FatFs                                    0x20000060   Data           8  ff.o(.data)
    .data                                    0x20000068   Section        4  mvars.o(.data)
    .data                                    0x2000006c   Section        4  mvars.o(.data)
    .bss                                     0x20000070   Section      772  usbh_conf.o(.bss)
    .bss                                     0x20000374   Section     3404  main.o(.bss)
    EraseInitStruct                          0x200010b0   Data          16  main.o(.bss)
    .bss                                     0x200010c0   Section       76  tim.o(.bss)
    .bss                                     0x2000110c   Section       28  stm32f7xx_hal_flash.o(.bss)
    .bss                                     0x20001128   Section       16  ff_gen_drv.o(.bss)
    .bss                                     0x20001138   Section       32  ff.o(.bss)
    Files                                    0x20001138   Data          32  ff.o(.bss)
    HEAP                                     0x20001158   Section     1024  startup_stm32f746xx.o(HEAP)
    STACK                                    0x20001558   Section     4096  startup_stm32f746xx.o(STACK)

    Global Symbols

    Symbol Name                              Value     Ov Type        Size  Object(Section)

    BuildAttributes$$THM_ISAv4$E$P$D$K$B$S$7EM$VFPi5$EXTD16$VFPS$VFMA$PE$PLD8$A:L22UL41UL21$X:L11$S22US41US21$IEEE1$IW$USESV6$~STKCKD$USESV7$~SHL$OSPACE$EBA8$MICROLIB$REQ8$PRES8$EABIv2 0x00000000   Number         0  anon$$obj.o ABSOLUTE
    __ARM_use_no_argv                        0x00000000   Number         0  main.o ABSOLUTE
    __arm_fini_                               - Undefined Weak Reference
    __cpp_initialize__aeabi_                  - Undefined Weak Reference
    __cxa_finalize                            - Undefined Weak Reference
    __decompress                              - Undefined Weak Reference
    _clock_init                               - Undefined Weak Reference
    _microlib_exit                            - Undefined Weak Reference
    __Vectors_Size                           0x000001c8   Number         0  startup_stm32f746xx.o ABSOLUTE
    __Vectors                                0x08000000   Data           4  startup_stm32f746xx.o(RESET)
    __Vectors_End                            0x080001c8   Data           0  startup_stm32f746xx.o(RESET)
    __main                                   0x080001c9   Thumb Code     0  entry.o(.ARM.Collect$$$$00000000)
    _main_stk                                0x080001c9   Thumb Code     0  entry2.o(.ARM.Collect$$$$00000001)
    _main_scatterload                        0x080001cd   Thumb Code     0  entry5.o(.ARM.Collect$$$$00000004)
    __main_after_scatterload                 0x080001d1   Thumb Code     0  entry5.o(.ARM.Collect$$$$00000004)
    _main_clock                              0x080001d1   Thumb Code     0  entry7b.o(.ARM.Collect$$$$00000008)
    _main_cpp_init                           0x080001d1   Thumb Code     0  entry8b.o(.ARM.Collect$$$$0000000A)
    _main_init                               0x080001d1   Thumb Code     0  entry9a.o(.ARM.Collect$$$$0000000B)
    __rt_lib_shutdown_fini                   0x080001d9   Thumb Code     0  entry12b.o(.ARM.Collect$$$$0000000E)
    __rt_final_cpp                           0x080001dd   Thumb Code     0  entry10a.o(.ARM.Collect$$$$0000000F)
    __rt_final_exit                          0x080001dd   Thumb Code     0  entry11a.o(.ARM.Collect$$$$00000011)
    Reset_Handler                            0x080001e1   Thumb Code     8  startup_stm32f746xx.o(.text)
    ADC_IRQHandler                           0x080001fb   Thumb Code     0  startup_stm32f746xx.o(.text)
    CAN1_RX0_IRQHandler                      0x080001fb   Thumb Code     0  startup_stm32f746xx.o(.text)
    CAN1_RX1_IRQHandler                      0x080001fb   Thumb Code     0  startup_stm32f746xx.o(.text)
    CAN1_SCE_IRQHandler                      0x080001fb   Thumb Code     0  startup_stm32f746xx.o(.text)
    CAN1_TX_IRQHandler                       0x080001fb   Thumb Code     0  startup_stm32f746xx.o(.text)
    CAN2_RX0_IRQHandler                      0x080001fb   Thumb Code     0  startup_stm32f746xx.o(.text)
    CAN2_RX1_IRQHandler                      0x080001fb   Thumb Code     0  startup_stm32f746xx.o(.text)
    CAN2_SCE_IRQHandler                      0x080001fb   Thumb Code     0  startup_stm32f746xx.o(.text)
    CAN2_TX_IRQHandler                       0x080001fb   Thumb Code     0  startup_stm32f746xx.o(.text)
    CEC_IRQHandler                           0x080001fb   Thumb Code     0  startup_stm32f746xx.o(.text)
    DCMI_IRQHandler                          0x080001fb   Thumb Code     0  startup_stm32f746xx.o(.text)
    DMA1_Stream0_IRQHandler                  0x080001fb   Thumb Code     0  startup_stm32f746xx.o(.text)
    DMA1_Stream1_IRQHandler                  0x080001fb   Thumb Code     0  startup_stm32f746xx.o(.text)
    DMA1_Stream2_IRQHandler                  0x080001fb   Thumb Code     0  startup_stm32f746xx.o(.text)
    DMA1_Stream3_IRQHandler                  0x080001fb   Thumb Code     0  startup_stm32f746xx.o(.text)
    DMA1_Stream4_IRQHandler                  0x080001fb   Thumb Code     0  startup_stm32f746xx.o(.text)
    DMA1_Stream5_IRQHandler                  0x080001fb   Thumb Code     0  startup_stm32f746xx.o(.text)
    DMA1_Stream6_IRQHandler                  0x080001fb   Thumb Code     0  startup_stm32f746xx.o(.text)
    DMA1_Stream7_IRQHandler                  0x080001fb   Thumb Code     0  startup_stm32f746xx.o(.text)
    DMA2D_IRQHandler                         0x080001fb   Thumb Code     0  startup_stm32f746xx.o(.text)
    DMA2_Stream0_IRQHandler                  0x080001fb   Thumb Code     0  startup_stm32f746xx.o(.text)
    DMA2_Stream1_IRQHandler                  0x080001fb   Thumb Code     0  startup_stm32f746xx.o(.text)
    DMA2_Stream2_IRQHandler                  0x080001fb   Thumb Code     0  startup_stm32f746xx.o(.text)
    DMA2_Stream3_IRQHandler                  0x080001fb   Thumb Code     0  startup_stm32f746xx.o(.text)
    DMA2_Stream4_IRQHandler                  0x080001fb   Thumb Code     0  startup_stm32f746xx.o(.text)
    DMA2_Stream5_IRQHandler                  0x080001fb   Thumb Code     0  startup_stm32f746xx.o(.text)
    DMA2_Stream6_IRQHandler                  0x080001fb   Thumb Code     0  startup_stm32f746xx.o(.text)
    DMA2_Stream7_IRQHandler                  0x080001fb   Thumb Code     0  startup_stm32f746xx.o(.text)
    ETH_IRQHandler                           0x080001fb   Thumb Code     0  startup_stm32f746xx.o(.text)
    ETH_WKUP_IRQHandler                      0x080001fb   Thumb Code     0  startup_stm32f746xx.o(.text)
    EXTI0_IRQHandler                         0x080001fb   Thumb Code     0  startup_stm32f746xx.o(.text)
    EXTI15_10_IRQHandler                     0x080001fb   Thumb Code     0  startup_stm32f746xx.o(.text)
    EXTI1_IRQHandler                         0x080001fb   Thumb Code     0  startup_stm32f746xx.o(.text)
    EXTI2_IRQHandler                         0x080001fb   Thumb Code     0  startup_stm32f746xx.o(.text)
    EXTI3_IRQHandler                         0x080001fb   Thumb Code     0  startup_stm32f746xx.o(.text)
    EXTI4_IRQHandler                         0x080001fb   Thumb Code     0  startup_stm32f746xx.o(.text)
    EXTI9_5_IRQHandler                       0x080001fb   Thumb Code     0  startup_stm32f746xx.o(.text)
    FLASH_IRQHandler                         0x080001fb   Thumb Code     0  startup_stm32f746xx.o(.text)
    FMC_IRQHandler                           0x080001fb   Thumb Code     0  startup_stm32f746xx.o(.text)
    FPU_IRQHandler                           0x080001fb   Thumb Code     0  startup_stm32f746xx.o(.text)
    I2C1_ER_IRQHandler                       0x080001fb   Thumb Code     0  startup_stm32f746xx.o(.text)
    I2C1_EV_IRQHandler                       0x080001fb   Thumb Code     0  startup_stm32f746xx.o(.text)
    I2C2_ER_IRQHandler                       0x080001fb   Thumb Code     0  startup_stm32f746xx.o(.text)
    I2C2_EV_IRQHandler                       0x080001fb   Thumb Code     0  startup_stm32f746xx.o(.text)
    I2C3_ER_IRQHandler                       0x080001fb   Thumb Code     0  startup_stm32f746xx.o(.text)
    I2C3_EV_IRQHandler                       0x080001fb   Thumb Code     0  startup_stm32f746xx.o(.text)
    I2C4_ER_IRQHandler                       0x080001fb   Thumb Code     0  startup_stm32f746xx.o(.text)
    I2C4_EV_IRQHandler                       0x080001fb   Thumb Code     0  startup_stm32f746xx.o(.text)
    LPTIM1_IRQHandler                        0x080001fb   Thumb Code     0  startup_stm32f746xx.o(.text)
    LTDC_ER_IRQHandler                       0x080001fb   Thumb Code     0  startup_stm32f746xx.o(.text)
    LTDC_IRQHandler                          0x080001fb   Thumb Code     0  startup_stm32f746xx.o(.text)
    OTG_FS_WKUP_IRQHandler                   0x080001fb   Thumb Code     0  startup_stm32f746xx.o(.text)
    OTG_HS_EP1_IN_IRQHandler                 0x080001fb   Thumb Code     0  startup_stm32f746xx.o(.text)
    OTG_HS_EP1_OUT_IRQHandler                0x080001fb   Thumb Code     0  startup_stm32f746xx.o(.text)
    OTG_HS_IRQHandler                        0x080001fb   Thumb Code     0  startup_stm32f746xx.o(.text)
    OTG_HS_WKUP_IRQHandler                   0x080001fb   Thumb Code     0  startup_stm32f746xx.o(.text)
    PVD_IRQHandler                           0x080001fb   Thumb Code     0  startup_stm32f746xx.o(.text)
    QUADSPI_IRQHandler                       0x080001fb   Thumb Code     0  startup_stm32f746xx.o(.text)
    RCC_IRQHandler                           0x080001fb   Thumb Code     0  startup_stm32f746xx.o(.text)
    RNG_IRQHandler                           0x080001fb   Thumb Code     0  startup_stm32f746xx.o(.text)
    RTC_Alarm_IRQHandler                     0x080001fb   Thumb Code     0  startup_stm32f746xx.o(.text)
    RTC_WKUP_IRQHandler                      0x080001fb   Thumb Code     0  startup_stm32f746xx.o(.text)
    SAI1_IRQHandler                          0x080001fb   Thumb Code     0  startup_stm32f746xx.o(.text)
    SAI2_IRQHandler                          0x080001fb   Thumb Code     0  startup_stm32f746xx.o(.text)
    SDMMC1_IRQHandler                        0x080001fb   Thumb Code     0  startup_stm32f746xx.o(.text)
    SPDIF_RX_IRQHandler                      0x080001fb   Thumb Code     0  startup_stm32f746xx.o(.text)
    SPI1_IRQHandler                          0x080001fb   Thumb Code     0  startup_stm32f746xx.o(.text)
    SPI2_IRQHandler                          0x080001fb   Thumb Code     0  startup_stm32f746xx.o(.text)
    SPI3_IRQHandler                          0x080001fb   Thumb Code     0  startup_stm32f746xx.o(.text)
    SPI4_IRQHandler                          0x080001fb   Thumb Code     0  startup_stm32f746xx.o(.text)
    SPI5_IRQHandler                          0x080001fb   Thumb Code     0  startup_stm32f746xx.o(.text)
    SPI6_IRQHandler                          0x080001fb   Thumb Code     0  startup_stm32f746xx.o(.text)
    TAMP_STAMP_IRQHandler                    0x080001fb   Thumb Code     0  startup_stm32f746xx.o(.text)
    TIM1_BRK_TIM9_IRQHandler                 0x080001fb   Thumb Code     0  startup_stm32f746xx.o(.text)
    TIM1_CC_IRQHandler                       0x080001fb   Thumb Code     0  startup_stm32f746xx.o(.text)
    TIM1_TRG_COM_TIM11_IRQHandler            0x080001fb   Thumb Code     0  startup_stm32f746xx.o(.text)
    TIM1_UP_TIM10_IRQHandler                 0x080001fb   Thumb Code     0  startup_stm32f746xx.o(.text)
    TIM2_IRQHandler                          0x080001fb   Thumb Code     0  startup_stm32f746xx.o(.text)
    TIM3_IRQHandler                          0x080001fb   Thumb Code     0  startup_stm32f746xx.o(.text)
    TIM4_IRQHandler                          0x080001fb   Thumb Code     0  startup_stm32f746xx.o(.text)
    TIM5_IRQHandler                          0x080001fb   Thumb Code     0  startup_stm32f746xx.o(.text)
    TIM7_IRQHandler                          0x080001fb   Thumb Code     0  startup_stm32f746xx.o(.text)
    TIM8_BRK_TIM12_IRQHandler                0x080001fb   Thumb Code     0  startup_stm32f746xx.o(.text)
    TIM8_CC_IRQHandler                       0x080001fb   Thumb Code     0  startup_stm32f746xx.o(.text)
    TIM8_TRG_COM_TIM14_IRQHandler            0x080001fb   Thumb Code     0  startup_stm32f746xx.o(.text)
    TIM8_UP_TIM13_IRQHandler                 0x080001fb   Thumb Code     0  startup_stm32f746xx.o(.text)
    UART4_IRQHandler                         0x080001fb   Thumb Code     0  startup_stm32f746xx.o(.text)
    UART5_IRQHandler                         0x080001fb   Thumb Code     0  startup_stm32f746xx.o(.text)
    UART7_IRQHandler                         0x080001fb   Thumb Code     0  startup_stm32f746xx.o(.text)
    UART8_IRQHandler                         0x080001fb   Thumb Code     0  startup_stm32f746xx.o(.text)
    USART1_IRQHandler                        0x080001fb   Thumb Code     0  startup_stm32f746xx.o(.text)
    USART2_IRQHandler                        0x080001fb   Thumb Code     0  startup_stm32f746xx.o(.text)
    USART3_IRQHandler                        0x080001fb   Thumb Code     0  startup_stm32f746xx.o(.text)
    USART6_IRQHandler                        0x080001fb   Thumb Code     0  startup_stm32f746xx.o(.text)
    WWDG_IRQHandler                          0x080001fb   Thumb Code     0  startup_stm32f746xx.o(.text)
    __aeabi_uldivmod                         0x08000205   Thumb Code    98  uldiv.o(.text)
    __aeabi_memcpy                           0x08000267   Thumb Code    36  memcpya.o(.text)
    __aeabi_memcpy4                          0x08000267   Thumb Code     0  memcpya.o(.text)
    __aeabi_memcpy8                          0x08000267   Thumb Code     0  memcpya.o(.text)
    __aeabi_memset                           0x0800028b   Thumb Code    14  memseta.o(.text)
    __aeabi_memset4                          0x0800028b   Thumb Code     0  memseta.o(.text)
    __aeabi_memset8                          0x0800028b   Thumb Code     0  memseta.o(.text)
    __aeabi_memclr                           0x08000299   Thumb Code     4  memseta.o(.text)
    __aeabi_memclr4                          0x08000299   Thumb Code     0  memseta.o(.text)
    __aeabi_memclr8                          0x08000299   Thumb Code     0  memseta.o(.text)
    _memset$wrapper                          0x0800029d   Thumb Code    18  memseta.o(.text)
    __aeabi_llsl                             0x080002af   Thumb Code    30  llshl.o(.text)
    _ll_shift_l                              0x080002af   Thumb Code     0  llshl.o(.text)
    __aeabi_llsr                             0x080002cd   Thumb Code    32  llushr.o(.text)
    _ll_ushift_r                             0x080002cd   Thumb Code     0  llushr.o(.text)
    __scatterload                            0x080002ed   Thumb Code    28  init.o(.text)
    __scatterload_rt2                        0x080002ed   Thumb Code     0  init.o(.text)
    BusFault_Handler                         0x08000311   Thumb Code     2  stm32f7xx_it.o(i.BusFault_Handler)
    DebugMon_Handler                         0x08000415   Thumb Code     2  stm32f7xx_it.o(i.DebugMon_Handler)
    Error_Handler                            0x08000417   Thumb Code     2  main.o(i.Error_Handler)
    FATFS_LinkDriver                         0x08000419   Thumb Code     6  ff_gen_drv.o(i.FATFS_LinkDriver)
    FATFS_LinkDriverEx                       0x08000421   Thumb Code    60  ff_gen_drv.o(i.FATFS_LinkDriverEx)
    FATFS_UnLinkDriver                       0x08000461   Thumb Code     6  ff_gen_drv.o(i.FATFS_UnLinkDriver)
    FATFS_UnLinkDriverEx                     0x08000469   Thumb Code    46  ff_gen_drv.o(i.FATFS_UnLinkDriverEx)
    FLASH_Erase_Sector                       0x0800049d   Thumb Code    80  stm32f7xx_hal_flash_ex.o(i.FLASH_Erase_Sector)
    FLASH_WaitForLastOperation               0x08000619   Thumb Code    76  stm32f7xx_hal_flash.o(i.FLASH_WaitForLastOperation)
    HAL_DeInit                               0x080006e9   Thumb Code    48  stm32f7xx_hal.o(i.HAL_DeInit)
    HAL_Delay                                0x0800071d   Thumb Code    32  stm32f7xx_hal.o(i.HAL_Delay)
    HAL_FLASHEx_Erase                        0x08000741   Thumb Code   130  stm32f7xx_hal_flash_ex.o(i.HAL_FLASHEx_Erase)
    HAL_FLASH_Lock                           0x080007cd   Thumb Code    14  stm32f7xx_hal_flash.o(i.HAL_FLASH_Lock)
    HAL_FLASH_Program                        0x080007e1   Thumb Code   122  stm32f7xx_hal_flash.o(i.HAL_FLASH_Program)
    HAL_FLASH_Unlock                         0x08000865   Thumb Code    34  stm32f7xx_hal_flash.o(i.HAL_FLASH_Unlock)
    HAL_GPIO_DeInit                          0x08000895   Thumb Code   306  stm32f7xx_hal_gpio.o(i.HAL_GPIO_DeInit)
    HAL_GPIO_Init                            0x080009f9   Thumb Code   530  stm32f7xx_hal_gpio.o(i.HAL_GPIO_Init)
    HAL_GPIO_TogglePin                       0x08000c41   Thumb Code    16  stm32f7xx_hal_gpio.o(i.HAL_GPIO_TogglePin)
    HAL_GPIO_WritePin                        0x08000c51   Thumb Code    10  stm32f7xx_hal_gpio.o(i.HAL_GPIO_WritePin)
    HAL_GetTick                              0x08000c5d   Thumb Code     6  stm32f7xx_hal.o(i.HAL_GetTick)
    HAL_HCD_Connect_Callback                 0x08000c69   Thumb Code     8  usbh_conf.o(i.HAL_HCD_Connect_Callback)
    HAL_HCD_Disconnect_Callback              0x08000c71   Thumb Code     8  usbh_conf.o(i.HAL_HCD_Disconnect_Callback)
    HAL_HCD_GetCurrentFrame                  0x08000c79   Thumb Code     6  stm32f7xx_hal_hcd.o(i.HAL_HCD_GetCurrentFrame)
    HAL_HCD_GetCurrentSpeed                  0x08000c7f   Thumb Code     6  stm32f7xx_hal_hcd.o(i.HAL_HCD_GetCurrentSpeed)
    HAL_HCD_HC_GetURBState                   0x08000c85   Thumb Code    18  stm32f7xx_hal_hcd.o(i.HAL_HCD_HC_GetURBState)
    HAL_HCD_HC_GetXferCount                  0x08000c97   Thumb Code    16  stm32f7xx_hal_hcd.o(i.HAL_HCD_HC_GetXferCount)
    HAL_HCD_HC_Halt                          0x08000ca7   Thumb Code    36  stm32f7xx_hal_hcd.o(i.HAL_HCD_HC_Halt)
    HAL_HCD_HC_Init                          0x08000ccb   Thumb Code   122  stm32f7xx_hal_hcd.o(i.HAL_HCD_HC_Init)
    HAL_HCD_HC_NotifyURBChange_Callback      0x08000d45   Thumb Code     2  usbh_conf.o(i.HAL_HCD_HC_NotifyURBChange_Callback)
    HAL_HCD_HC_SubmitRequest                 0x08000d49   Thumb Code   160  stm32f7xx_hal_hcd.o(i.HAL_HCD_HC_SubmitRequest)
    HAL_HCD_IRQHandler                       0x08000de9   Thumb Code   314  stm32f7xx_hal_hcd.o(i.HAL_HCD_IRQHandler)
    HAL_HCD_Init                             0x08000f23   Thumb Code   114  stm32f7xx_hal_hcd.o(i.HAL_HCD_Init)
    HAL_HCD_MspDeInit                        0x08000f95   Thumb Code    12  usbh_conf.o(i.HAL_HCD_MspDeInit)
    HAL_HCD_MspInit                          0x08000fa5   Thumb Code   154  usbh_conf.o(i.HAL_HCD_MspInit)
    HAL_HCD_PortDisabled_Callback            0x0800104d   Thumb Code     8  usbh_conf.o(i.HAL_HCD_PortDisabled_Callback)
    HAL_HCD_PortEnabled_Callback             0x08001055   Thumb Code     8  usbh_conf.o(i.HAL_HCD_PortEnabled_Callback)
    HAL_HCD_ResetPort                        0x0800105d   Thumb Code     6  stm32f7xx_hal_hcd.o(i.HAL_HCD_ResetPort)
    HAL_HCD_SOF_Callback                     0x08001063   Thumb Code     8  usbh_conf.o(i.HAL_HCD_SOF_Callback)
    HAL_HCD_Start                            0x0800106b   Thumb Code    44  stm32f7xx_hal_hcd.o(i.HAL_HCD_Start)
    HAL_HCD_Stop                             0x08001097   Thumb Code    36  stm32f7xx_hal_hcd.o(i.HAL_HCD_Stop)
    HAL_IncTick                              0x080010bd   Thumb Code    12  stm32f7xx_hal.o(i.HAL_IncTick)
    HAL_Init                                 0x080010cd   Thumb Code    40  stm32f7xx_hal.o(i.HAL_Init)
    HAL_InitTick                             0x080010f9   Thumb Code    54  stm32f7xx_hal.o(i.HAL_InitTick)
    HAL_MPU_ConfigRegion                     0x08001139   Thumb Code    86  stm32f7xx_hal_cortex.o(i.HAL_MPU_ConfigRegion)
    HAL_MPU_Disable                          0x08001195   Thumb Code    24  stm32f7xx_hal_cortex.o(i.HAL_MPU_Disable)
    HAL_MPU_Enable                           0x080011b1   Thumb Code    30  stm32f7xx_hal_cortex.o(i.HAL_MPU_Enable)
    HAL_MspDeInit                            0x080011d5   Thumb Code     2  stm32f7xx_hal.o(i.HAL_MspDeInit)
    HAL_MspInit                              0x080011d7   Thumb Code     2  stm32f7xx_hal.o(i.HAL_MspInit)
    HAL_NVIC_DisableIRQ                      0x080011d9   Thumb Code    34  stm32f7xx_hal_cortex.o(i.HAL_NVIC_DisableIRQ)
    HAL_NVIC_EnableIRQ                       0x080011fb   Thumb Code    26  stm32f7xx_hal_cortex.o(i.HAL_NVIC_EnableIRQ)
    HAL_NVIC_SetPriority                     0x08001215   Thumb Code    60  stm32f7xx_hal_cortex.o(i.HAL_NVIC_SetPriority)
    HAL_NVIC_SetPriorityGrouping             0x08001255   Thumb Code    28  stm32f7xx_hal_cortex.o(i.HAL_NVIC_SetPriorityGrouping)
    HAL_PWR_EnableBkUpAccess                 0x08001279   Thumb Code    12  stm32f7xx_hal_pwr.o(i.HAL_PWR_EnableBkUpAccess)
    HAL_RCC_ClockConfig                      0x08001289   Thumb Code   284  stm32f7xx_hal_rcc.o(i.HAL_RCC_ClockConfig)
    HAL_RCC_DeInit                           0x080013b9   Thumb Code   306  stm32f7xx_hal_rcc.o(i.HAL_RCC_DeInit)
    HAL_RCC_GetSysClockFreq                  0x08001501   Thumb Code    88  stm32f7xx_hal_rcc.o(i.HAL_RCC_GetSysClockFreq)
    HAL_RCC_OscConfig                        0x08001561   Thumb Code   888  stm32f7xx_hal_rcc.o(i.HAL_RCC_OscConfig)
    HAL_SYSTICK_Config                       0x080018e5   Thumb Code    38  stm32f7xx_hal_cortex.o(i.HAL_SYSTICK_Config)
    HAL_TIMEx_Break2Callback                 0x0800190b   Thumb Code     2  stm32f7xx_hal_tim_ex.o(i.HAL_TIMEx_Break2Callback)
    HAL_TIMEx_BreakCallback                  0x0800190d   Thumb Code     2  stm32f7xx_hal_tim_ex.o(i.HAL_TIMEx_BreakCallback)
    HAL_TIMEx_CommutCallback                 0x0800190f   Thumb Code     2  stm32f7xx_hal_tim_ex.o(i.HAL_TIMEx_CommutCallback)
    HAL_TIMEx_MasterConfigSynchronization    0x08001911   Thumb Code   134  stm32f7xx_hal_tim_ex.o(i.HAL_TIMEx_MasterConfigSynchronization)
    HAL_TIM_Base_Init                        0x080019b5   Thumb Code    98  stm32f7xx_hal_tim.o(i.HAL_TIM_Base_Init)
    HAL_TIM_Base_MspDeInit                   0x08001a19   Thumb Code    26  tim.o(i.HAL_TIM_Base_MspDeInit)
    HAL_TIM_Base_MspInit                     0x08001a3d   Thumb Code    86  tim.o(i.HAL_TIM_Base_MspInit)
    HAL_TIM_Base_Start_IT                    0x08001aa1   Thumb Code   106  stm32f7xx_hal_tim.o(i.HAL_TIM_Base_Start_IT)
    HAL_TIM_Base_Stop_IT                     0x08001b2d   Thumb Code    48  stm32f7xx_hal_tim.o(i.HAL_TIM_Base_Stop_IT)
    HAL_TIM_IC_CaptureCallback               0x08001b5d   Thumb Code     2  stm32f7xx_hal_tim.o(i.HAL_TIM_IC_CaptureCallback)
    HAL_TIM_IRQHandler                       0x08001b5f   Thumb Code   386  stm32f7xx_hal_tim.o(i.HAL_TIM_IRQHandler)
    HAL_TIM_OC_DelayElapsedCallback          0x08001ce1   Thumb Code     2  stm32f7xx_hal_tim.o(i.HAL_TIM_OC_DelayElapsedCallback)
    HAL_TIM_PWM_PulseFinishedCallback        0x08001ce3   Thumb Code     2  stm32f7xx_hal_tim.o(i.HAL_TIM_PWM_PulseFinishedCallback)
    HAL_TIM_PeriodElapsedCallback            0x08001ce5   Thumb Code     2  stm32f7xx_hal_tim.o(i.HAL_TIM_PeriodElapsedCallback)
    HAL_TIM_TriggerCallback                  0x08001ce7   Thumb Code     2  stm32f7xx_hal_tim.o(i.HAL_TIM_TriggerCallback)
    HardFault_Handler                        0x08002345   Thumb Code     2  stm32f7xx_it.o(i.HardFault_Handler)
    MX_GPIO_DeInit                           0x08002469   Thumb Code    34  gpio.o(i.MX_GPIO_DeInit)
    MX_GPIO_Init                             0x08002495   Thumb Code    56  gpio.o(i.MX_GPIO_Init)
    MX_TIM6_Init                             0x080024d5   Thumb Code    64  tim.o(i.MX_TIM6_Init)
    MemManage_Handler                        0x0800251d   Thumb Code     2  stm32f7xx_it.o(i.MemManage_Handler)
    NMI_Handler                              0x0800251f   Thumb Code     2  stm32f7xx_it.o(i.NMI_Handler)
    OTG_FS_IRQHandler                        0x08002521   Thumb Code     6  stm32f7xx_it.o(i.OTG_FS_IRQHandler)
    PendSV_Handler                           0x0800252d   Thumb Code     2  stm32f7xx_it.o(i.PendSV_Handler)
    SVC_Handler                              0x0800252f   Thumb Code     2  stm32f7xx_it.o(i.SVC_Handler)
    SysTick_Handler                          0x08002531   Thumb Code     4  stm32f7xx_it.o(i.SysTick_Handler)
    SystemInit                               0x080025cd   Thumb Code    68  system_stm32f7xx.o(i.SystemInit)
    TIM6_DAC_IRQHandler                      0x08002621   Thumb Code    28  stm32f7xx_it.o(i.TIM6_DAC_IRQHandler)
    TIM_Base_SetConfig                       0x08002649   Thumb Code   158  stm32f7xx_hal_tim.o(i.TIM_Base_SetConfig)
    USBH_AllocPipe                           0x08002715   Thumb Code    56  usbh_pipes.o(i.USBH_AllocPipe)
    USBH_BulkReceiveData                     0x0800274d   Thumb Code    32  usbh_ioreq.o(i.USBH_BulkReceiveData)
    USBH_BulkSendData                        0x0800276d   Thumb Code    40  usbh_ioreq.o(i.USBH_BulkSendData)
    USBH_ClosePipe                           0x08002795   Thumb Code    10  usbh_pipes.o(i.USBH_ClosePipe)
    USBH_ClrFeature                          0x0800279f   Thumb Code    34  usbh_ctlreq.o(i.USBH_ClrFeature)
    USBH_CtlReceiveData                      0x080027c1   Thumb Code    30  usbh_ioreq.o(i.USBH_CtlReceiveData)
    USBH_CtlReq                              0x080027df   Thumb Code    58  usbh_ctlreq.o(i.USBH_CtlReq)
    USBH_CtlSendData                         0x08002819   Thumb Code    40  usbh_ioreq.o(i.USBH_CtlSendData)
    USBH_CtlSendSetup                        0x08002841   Thumb Code    30  usbh_ioreq.o(i.USBH_CtlSendSetup)
    USBH_Delay                               0x0800285f   Thumb Code     4  usbh_conf.o(i.USBH_Delay)
    USBH_FindInterface                       0x08002863   Thumb Code    64  usbh_core.o(i.USBH_FindInterface)
    USBH_FreePipe                            0x080028a3   Thumb Code    24  usbh_pipes.o(i.USBH_FreePipe)
    USBH_GetDescriptor                       0x080028bb   Thumb Code    52  usbh_ctlreq.o(i.USBH_GetDescriptor)
    USBH_GetNextDesc                         0x080028ef   Thumb Code    14  usbh_ctlreq.o(i.USBH_GetNextDesc)
    USBH_Get_CfgDesc                         0x080028fd   Thumb Code    52  usbh_ctlreq.o(i.USBH_Get_CfgDesc)
    USBH_Get_DevDesc                         0x08002931   Thumb Code    54  usbh_ctlreq.o(i.USBH_Get_DevDesc)
    USBH_Get_StringDesc                      0x08002967   Thumb Code    84  usbh_ctlreq.o(i.USBH_Get_StringDesc)
    USBH_Init                                0x08002cc3   Thumb Code    62  usbh_core.o(i.USBH_Init)
    USBH_LL_ClosePipe                        0x08002d01   Thumb Code    14  usbh_conf.o(i.USBH_LL_ClosePipe)
    USBH_LL_Connect                          0x08002d0f   Thumb Code    20  usbh_core.o(i.USBH_LL_Connect)
    USBH_LL_Disconnect                       0x08002d23   Thumb Code    46  usbh_core.o(i.USBH_LL_Disconnect)
    USBH_LL_DriverVBUS                       0x08002d51   Thumb Code    28  usbh_conf.o(i.USBH_LL_DriverVBUS)
    USBH_LL_GetLastXferSize                  0x08002d71   Thumb Code     8  usbh_conf.o(i.USBH_LL_GetLastXferSize)
    USBH_LL_GetSpeed                         0x08002d79   Thumb Code    34  usbh_conf.o(i.USBH_LL_GetSpeed)
    USBH_LL_GetToggle                        0x08002d9d   Thumb Code    32  usbh_conf.o(i.USBH_LL_GetToggle)
    USBH_LL_GetURBState                      0x08002dc1   Thumb Code     8  usbh_conf.o(i.USBH_LL_GetURBState)
    USBH_LL_IncTimer                         0x08002dc9   Thumb Code    30  usbh_core.o(i.USBH_LL_IncTimer)
    USBH_LL_Init                             0x08002de9   Thumb Code    66  usbh_conf.o(i.USBH_LL_Init)
    USBH_LL_OpenPipe                         0x08002e31   Thumb Code    24  usbh_conf.o(i.USBH_LL_OpenPipe)
    USBH_LL_PortDisabled                     0x08002e49   Thumb Code     8  usbh_core.o(i.USBH_LL_PortDisabled)
    USBH_LL_PortEnabled                      0x08002e51   Thumb Code     8  usbh_core.o(i.USBH_LL_PortEnabled)
    USBH_LL_ResetPort                        0x08002e59   Thumb Code    14  usbh_conf.o(i.USBH_LL_ResetPort)
    USBH_LL_SetTimer                         0x08002e67   Thumb Code     6  usbh_core.o(i.USBH_LL_SetTimer)
    USBH_LL_SetToggle                        0x08002e6d   Thumb Code    34  usbh_conf.o(i.USBH_LL_SetToggle)
    USBH_LL_Start                            0x08002e95   Thumb Code    14  usbh_conf.o(i.USBH_LL_Start)
    USBH_LL_Stop                             0x08002ea3   Thumb Code    14  usbh_conf.o(i.USBH_LL_Stop)
    USBH_LL_SubmitURB                        0x08002eb1   Thumb Code    32  usbh_conf.o(i.USBH_LL_SubmitURB)
    USBH_MSC_BOT_Init                        0x08002ef1   Thumb Code    28  usbh_msc_bot.o(i.USBH_MSC_BOT_Init)
    USBH_MSC_BOT_Process                     0x08002f15   Thumb Code   472  usbh_msc_bot.o(i.USBH_MSC_BOT_Process)
    USBH_MSC_BOT_REQ_GetMaxLUN               0x080030f1   Thumb Code    28  usbh_msc_bot.o(i.USBH_MSC_BOT_REQ_GetMaxLUN)
    USBH_MSC_BOT_REQ_Reset                   0x0800310d   Thumb Code    22  usbh_msc_bot.o(i.USBH_MSC_BOT_REQ_Reset)
    USBH_MSC_GetLUNInfo                      0x0800319b   Thumb Code    52  usbh_msc.o(i.USBH_MSC_GetLUNInfo)
    USBH_MSC_Read                            0x0800364d   Thumb Code   118  usbh_msc.o(i.USBH_MSC_Read)
    USBH_MSC_SCSI_Inquiry                    0x080036c3   Thumb Code   212  usbh_msc_scsi.o(i.USBH_MSC_SCSI_Inquiry)
    USBH_MSC_SCSI_Read                       0x08003797   Thumb Code   148  usbh_msc_scsi.o(i.USBH_MSC_SCSI_Read)
    USBH_MSC_SCSI_ReadCapacity               0x0800382b   Thumb Code   122  usbh_msc_scsi.o(i.USBH_MSC_SCSI_ReadCapacity)
    USBH_MSC_SCSI_RequestSense               0x080038a5   Thumb Code   156  usbh_msc_scsi.o(i.USBH_MSC_SCSI_RequestSense)
    USBH_MSC_SCSI_TestUnitReady              0x08003941   Thumb Code    78  usbh_msc_scsi.o(i.USBH_MSC_SCSI_TestUnitReady)
    USBH_MSC_SCSI_Write                      0x0800398f   Thumb Code   148  usbh_msc_scsi.o(i.USBH_MSC_SCSI_Write)
    USBH_MSC_UnitIsReady                     0x08003a27   Thumb Code    42  usbh_msc.o(i.USBH_MSC_UnitIsReady)
    USBH_MSC_Write                           0x08003a51   Thumb Code   118  usbh_msc.o(i.USBH_MSC_Write)
    USBH_OpenPipe                            0x08003ac7   Thumb Code    20  usbh_pipes.o(i.USBH_OpenPipe)
    USBH_Process                             0x08003d5b   Thumb Code   564  usbh_core.o(i.USBH_Process)
    USBH_RegisterClass                       0x08003f8f   Thumb Code    30  usbh_core.o(i.USBH_RegisterClass)
    USBH_SelectInterface                     0x08003fad   Thumb Code    22  usbh_core.o(i.USBH_SelectInterface)
    USBH_SetAddress                          0x08003fc3   Thumb Code    28  usbh_ctlreq.o(i.USBH_SetAddress)
    USBH_SetCfg                              0x08003fdf   Thumb Code    28  usbh_ctlreq.o(i.USBH_SetCfg)
    USBH_SetFeature                          0x08003ffb   Thumb Code    28  usbh_ctlreq.o(i.USBH_SetFeature)
    USBH_Start                               0x08004017   Thumb Code    20  usbh_core.o(i.USBH_Start)
    USBH_initialize                          0x08004061   Thumb Code     4  usbh_diskio.o(i.USBH_initialize)
    USBH_ioctl                               0x08004065   Thumb Code   102  usbh_diskio.o(i.USBH_ioctl)
    USBH_read                                0x080040d1   Thumb Code    62  usbh_diskio.o(i.USBH_read)
    USBH_status                              0x08004115   Thumb Code    20  usbh_diskio.o(i.USBH_status)
    USBH_write                               0x0800412d   Thumb Code    70  usbh_diskio.o(i.USBH_write)
    USB_CoreInit                             0x08004179   Thumb Code   104  stm32f7xx_ll_usb.o(i.USB_CoreInit)
    USB_DisableGlobalInt                     0x08004225   Thumb Code    12  stm32f7xx_ll_usb.o(i.USB_DisableGlobalInt)
    USB_DoPing                               0x08004231   Thumb Code    30  stm32f7xx_ll_usb.o(i.USB_DoPing)
    USB_DriveVbus                            0x08004255   Thumb Code    44  stm32f7xx_ll_usb.o(i.USB_DriveVbus)
    USB_EnableGlobalInt                      0x08004281   Thumb Code    12  stm32f7xx_ll_usb.o(i.USB_EnableGlobalInt)
    USB_FlushRxFifo                          0x0800428d   Thumb Code    54  stm32f7xx_ll_usb.o(i.USB_FlushRxFifo)
    USB_FlushTxFifo                          0x080042c9   Thumb Code    58  stm32f7xx_ll_usb.o(i.USB_FlushTxFifo)
    USB_GetCurrentFrame                      0x08004309   Thumb Code     8  stm32f7xx_ll_usb.o(i.USB_GetCurrentFrame)
    USB_GetHostSpeed                         0x08004311   Thumb Code    14  stm32f7xx_ll_usb.o(i.USB_GetHostSpeed)
    USB_GetMode                              0x0800431f   Thumb Code     8  stm32f7xx_ll_usb.o(i.USB_GetMode)
    USB_HC_Halt                              0x08004327   Thumb Code   198  stm32f7xx_ll_usb.o(i.USB_HC_Halt)
    USB_HC_Init                              0x080043ed   Thumb Code   274  stm32f7xx_ll_usb.o(i.USB_HC_Init)
    USB_HC_ReadInterrupt                     0x080044ff   Thumb Code     8  stm32f7xx_ll_usb.o(i.USB_HC_ReadInterrupt)
    USB_HC_StartXfer                         0x08004507   Thumb Code   320  stm32f7xx_ll_usb.o(i.USB_HC_StartXfer)
    USB_HostInit                             0x08004649   Thumb Code   172  stm32f7xx_ll_usb.o(i.USB_HostInit)
    USB_InitFSLSPClkSel                      0x08004709   Thumb Code    56  stm32f7xx_ll_usb.o(i.USB_InitFSLSPClkSel)
    USB_ReadChInterrupts                     0x08004741   Thumb Code    16  stm32f7xx_ll_usb.o(i.USB_ReadChInterrupts)
    USB_ReadInterrupts                       0x08004751   Thumb Code     8  stm32f7xx_ll_usb.o(i.USB_ReadInterrupts)
    USB_ReadPacket                           0x08004759   Thumb Code    64  stm32f7xx_ll_usb.o(i.USB_ReadPacket)
    USB_ResetPort                            0x08004799   Thumb Code    50  stm32f7xx_ll_usb.o(i.USB_ResetPort)
    USB_SetCurrentMode                       0x080047cb   Thumb Code    94  stm32f7xx_ll_usb.o(i.USB_SetCurrentMode)
    USB_StopHost                             0x08004829   Thumb Code   142  stm32f7xx_ll_usb.o(i.USB_StopHost)
    USB_WritePacket                          0x080048b9   Thumb Code    40  stm32f7xx_ll_usb.o(i.USB_WritePacket)
    UsageFault_Handler                       0x080048e1   Thumb Code     2  stm32f7xx_it.o(i.UsageFault_Handler)
    __scatterload_copy                       0x08004905   Thumb Code    14  handlers.o(i.__scatterload_copy)
    __scatterload_null                       0x08004913   Thumb Code     2  handlers.o(i.__scatterload_null)
    __scatterload_zeroinit                   0x08004915   Thumb Code    14  handlers.o(i.__scatterload_zeroinit)
    disk_initialize                          0x080051ed   Thumb Code    34  diskio.o(i.disk_initialize)
    disk_ioctl                               0x08005215   Thumb Code    20  diskio.o(i.disk_ioctl)
    disk_read                                0x0800522d   Thumb Code    22  diskio.o(i.disk_read)
    disk_status                              0x08005249   Thumb Code    16  diskio.o(i.disk_status)
    disk_write                               0x0800525d   Thumb Code    22  diskio.o(i.disk_write)
    f_close                                  0x08005279   Thumb Code    40  ff.o(i.f_close)
    f_mount                                  0x080052a1   Thumb Code    84  ff.o(i.f_mount)
    f_open                                   0x080052f9   Thumb Code   576  ff.o(i.f_open)
    f_read                                   0x0800553d   Thumb Code   340  ff.o(i.f_read)
    f_sync                                   0x08005691   Thumb Code   142  ff.o(i.f_sync)
    ff_convert                               0x08005721   Thumb Code    54  unicode.o(i.ff_convert)
    ff_memalloc                              0x0800575d   Thumb Code     4  syscall.o(i.ff_memalloc)
    ff_memfree                               0x08005761   Thumb Code     4  syscall.o(i.ff_memfree)
    ff_wtoupper                              0x08005765   Thumb Code   120  unicode.o(i.ff_wtoupper)
    free                                     0x08005ab1   Thumb Code    76  malloc.o(i.free)
    get_fattime                              0x08005c3f   Thumb Code     4  diskio.o(i.get_fattime)
    main                                     0x08005d49   Thumb Code   212  main.o(i.main)
    malloc                                   0x08005e41   Thumb Code    92  malloc.o(i.malloc)
    USBH_Driver                              0x080061d0   Data          20  usbh_diskio.o(.constdata)
    AHBPrescTable                            0x080061e4   Data          16  system_stm32f7xx.o(.constdata)
    Region$$Table$$Base                      0x08006650   Number         0  anon$$obj.o(Region$$Table)
    Region$$Table$$Limit                     0x08006670   Number         0  anon$$obj.o(Region$$Table)
    USBH_msc                                 0x20000000   Data          32  usbh_msc.o(.data)
    AppliState                               0x20000020   Data           1  main.o(.data)
    statusEasyFlash                          0x20000021   Data           1  main.o(.data)
    statusUnlockFlash                        0x20000022   Data           1  main.o(.data)
    FirstSector                              0x20000024   Data           4  main.o(.data)
    NbOfSectors                              0x20000028   Data           4  main.o(.data)
    Address                                  0x2000002c   Data           4  main.o(.data)
    SECTORError                              0x20000030   Data           4  main.o(.data)
    USBDISKPath                              0x20000034   Data           4  main.o(.data)
    bytesRead                                0x20000038   Data           4  main.o(.data)
    flashAddress                             0x2000003c   Data           4  main.o(.data)
    fireware_size                            0x20000040   Data           4  main.o(.data)
    time_counter                             0x20000044   Data           4  main.o(.data)
    init_bootload                            0x20000048   Data           4  main.o(.data)
    SystemCoreClock                          0x2000004c   Data           4  system_stm32f7xx.o(.data)
    uwTickFreq                               0x20000050   Data           1  stm32f7xx_hal.o(.data)
    uwTickPrio                               0x20000054   Data           4  stm32f7xx_hal.o(.data)
    uwTick                                   0x20000058   Data           4  stm32f7xx_hal.o(.data)
    __microlib_freelist                      0x20000068   Data           4  mvars.o(.data)
    __microlib_freelist_initialised          0x2000006c   Data           4  mvars.o(.data)
    hhcd                                     0x20000070   Data         772  usbh_conf.o(.bss)
    USBDISKFatFs                             0x20000374   Data         564  main.o(.bss)
    firewareFile                             0x200005a8   Data         560  main.o(.bss)
    hUSBHost                                 0x200007d8   Data        1240  main.o(.bss)
    buffer                                   0x20000cb0   Data        1024  main.o(.bss)
    htim6                                    0x200010c0   Data          76  tim.o(.bss)
    pFlash                                   0x2000110c   Data          28  stm32f7xx_hal_flash.o(.bss)
    disk                                     0x20001128   Data          16  ff_gen_drv.o(.bss)
    __heap_base                              0x20001158   Data           0  startup_stm32f746xx.o(HEAP)
    __heap_limit                             0x20001558   Data           0  startup_stm32f746xx.o(HEAP)
    __initial_sp                             0x20002558   Data           0  startup_stm32f746xx.o(STACK)



==============================================================================

Memory Map of the image

  Image Entry point : 0x080001c9

  Load Region LR_IROM1 (Base: 0x08000000, Size: 0x000066e0, Max: 0x00008000, ABSOLUTE)

    Execution Region ER_IROM1 (Exec base: 0x08000000, Load base: 0x08000000, Size: 0x00006670, Max: 0x00008000, ABSOLUTE)

    Exec Addr    Load Addr    Size         Type   Attr      Idx    E Section Name        Object

    0x08000000   0x08000000   0x000001c8   Data   RO          764    RESET               startup_stm32f746xx.o
    0x080001c8   0x080001c8   0x00000000   Code   RO         4770  * .ARM.Collect$$$$00000000  mc_w.l(entry.o)
    0x080001c8   0x080001c8   0x00000004   Code   RO         4809    .ARM.Collect$$$$00000001  mc_w.l(entry2.o)
    0x080001cc   0x080001cc   0x00000004   Code   RO         4812    .ARM.Collect$$$$00000004  mc_w.l(entry5.o)
    0x080001d0   0x080001d0   0x00000000   Code   RO         4814    .ARM.Collect$$$$00000008  mc_w.l(entry7b.o)
    0x080001d0   0x080001d0   0x00000000   Code   RO         4816    .ARM.Collect$$$$0000000A  mc_w.l(entry8b.o)
    0x080001d0   0x080001d0   0x00000008   Code   RO         4817    .ARM.Collect$$$$0000000B  mc_w.l(entry9a.o)
    0x080001d8   0x080001d8   0x00000004   Code   RO         4824    .ARM.Collect$$$$0000000E  mc_w.l(entry12b.o)
    0x080001dc   0x080001dc   0x00000000   Code   RO         4819    .ARM.Collect$$$$0000000F  mc_w.l(entry10a.o)
    0x080001dc   0x080001dc   0x00000000   Code   RO         4821    .ARM.Collect$$$$00000011  mc_w.l(entry11a.o)
    0x080001dc   0x080001dc   0x00000004   Code   RO         4810    .ARM.Collect$$$$00002712  mc_w.l(entry2.o)
    0x080001e0   0x080001e0   0x00000024   Code   RO          765    .text               startup_stm32f746xx.o
    0x08000204   0x08000204   0x00000062   Code   RO         4773    .text               mc_w.l(uldiv.o)
    0x08000266   0x08000266   0x00000024   Code   RO         4775    .text               mc_w.l(memcpya.o)
    0x0800028a   0x0800028a   0x00000024   Code   RO         4777    .text               mc_w.l(memseta.o)
    0x080002ae   0x080002ae   0x0000001e   Code   RO         4825    .text               mc_w.l(llshl.o)
    0x080002cc   0x080002cc   0x00000020   Code   RO         4827    .text               mc_w.l(llushr.o)
    0x080002ec   0x080002ec   0x00000024   Code   RO         4831    .text               mc_w.l(init.o)
    0x08000310   0x08000310   0x00000002   Code   RO          343    i.BusFault_Handler  stm32f7xx_it.o
    0x08000312   0x08000312   0x00000002   PAD
    0x08000314   0x08000314   0x00000088   Code   RO          622    i.CPU_CACHE_Enable  main.o
    0x0800039c   0x0800039c   0x00000078   Code   RO         4373    i.DeInitStateMachine  usbh_core.o
    0x08000414   0x08000414   0x00000002   Code   RO          344    i.DebugMon_Handler  stm32f7xx_it.o
    0x08000416   0x08000416   0x00000002   Code   RO          623    i.Error_Handler     main.o
    0x08000418   0x08000418   0x00000006   Code   RO         3970    i.FATFS_LinkDriver  ff_gen_drv.o
    0x0800041e   0x0800041e   0x00000002   PAD
    0x08000420   0x08000420   0x00000040   Code   RO         3971    i.FATFS_LinkDriverEx  ff_gen_drv.o
    0x08000460   0x08000460   0x00000006   Code   RO         3972    i.FATFS_UnLinkDriver  ff_gen_drv.o
    0x08000466   0x08000466   0x00000002   PAD
    0x08000468   0x08000468   0x00000034   Code   RO         3973    i.FATFS_UnLinkDriverEx  ff_gen_drv.o
    0x0800049c   0x0800049c   0x00000054   Code   RO         2913    i.FLASH_Erase_Sector  stm32f7xx_hal_flash_ex.o
    0x080004f0   0x080004f0   0x0000002c   Code   RO         2914    i.FLASH_MassErase   stm32f7xx_hal_flash_ex.o
    0x0800051c   0x0800051c   0x00000024   Code   RO         2795    i.FLASH_Program_Byte  stm32f7xx_hal_flash.o
    0x08000540   0x08000540   0x00000030   Code   RO         2796    i.FLASH_Program_DoubleWord  stm32f7xx_hal_flash.o
    0x08000570   0x08000570   0x00000028   Code   RO         2797    i.FLASH_Program_HalfWord  stm32f7xx_hal_flash.o
    0x08000598   0x08000598   0x00000028   Code   RO         2798    i.FLASH_Program_Word  stm32f7xx_hal_flash.o
    0x080005c0   0x080005c0   0x00000058   Code   RO         2799    i.FLASH_SetErrorCode  stm32f7xx_hal_flash.o
    0x08000618   0x08000618   0x00000054   Code   RO         2800    i.FLASH_WaitForLastOperation  stm32f7xx_hal_flash.o
    0x0800066c   0x0800066c   0x0000007c   Code   RO          624    i.GetSector         main.o
    0x080006e8   0x080006e8   0x00000034   Code   RO         1019    i.HAL_DeInit        stm32f7xx_hal.o
    0x0800071c   0x0800071c   0x00000024   Code   RO         1020    i.HAL_Delay         stm32f7xx_hal.o
    0x08000740   0x08000740   0x0000008c   Code   RO         2917    i.HAL_FLASHEx_Erase  stm32f7xx_hal_flash_ex.o
    0x080007cc   0x080007cc   0x00000014   Code   RO         2804    i.HAL_FLASH_Lock    stm32f7xx_hal_flash.o
    0x080007e0   0x080007e0   0x00000084   Code   RO         2809    i.HAL_FLASH_Program  stm32f7xx_hal_flash.o
    0x08000864   0x08000864   0x00000030   Code   RO         2811    i.HAL_FLASH_Unlock  stm32f7xx_hal_flash.o
    0x08000894   0x08000894   0x00000164   Code   RO         1844    i.HAL_GPIO_DeInit   stm32f7xx_hal_gpio.o
    0x080009f8   0x080009f8   0x00000248   Code   RO         1847    i.HAL_GPIO_Init     stm32f7xx_hal_gpio.o
    0x08000c40   0x08000c40   0x00000010   Code   RO         1850    i.HAL_GPIO_TogglePin  stm32f7xx_hal_gpio.o
    0x08000c50   0x08000c50   0x0000000a   Code   RO         1851    i.HAL_GPIO_WritePin  stm32f7xx_hal_gpio.o
    0x08000c5a   0x08000c5a   0x00000002   PAD
    0x08000c5c   0x08000c5c   0x0000000c   Code   RO         1028    i.HAL_GetTick       stm32f7xx_hal.o
    0x08000c68   0x08000c68   0x00000008   Code   RO          463    i.HAL_HCD_Connect_Callback  usbh_conf.o
    0x08000c70   0x08000c70   0x00000008   Code   RO          464    i.HAL_HCD_Disconnect_Callback  usbh_conf.o
    0x08000c78   0x08000c78   0x00000006   Code   RO         2104    i.HAL_HCD_GetCurrentFrame  stm32f7xx_hal_hcd.o
    0x08000c7e   0x08000c7e   0x00000006   Code   RO         2105    i.HAL_HCD_GetCurrentSpeed  stm32f7xx_hal_hcd.o
    0x08000c84   0x08000c84   0x00000012   Code   RO         2108    i.HAL_HCD_HC_GetURBState  stm32f7xx_hal_hcd.o
    0x08000c96   0x08000c96   0x00000010   Code   RO         2109    i.HAL_HCD_HC_GetXferCount  stm32f7xx_hal_hcd.o
    0x08000ca6   0x08000ca6   0x00000024   Code   RO         2110    i.HAL_HCD_HC_Halt   stm32f7xx_hal_hcd.o
    0x08000cca   0x08000cca   0x0000007a   Code   RO         2111    i.HAL_HCD_HC_Init   stm32f7xx_hal_hcd.o
    0x08000d44   0x08000d44   0x00000002   Code   RO          465    i.HAL_HCD_HC_NotifyURBChange_Callback  usbh_conf.o
    0x08000d46   0x08000d46   0x00000002   PAD
    0x08000d48   0x08000d48   0x000000a0   Code   RO         2113    i.HAL_HCD_HC_SubmitRequest  stm32f7xx_hal_hcd.o
    0x08000de8   0x08000de8   0x0000013a   Code   RO         2114    i.HAL_HCD_IRQHandler  stm32f7xx_hal_hcd.o
    0x08000f22   0x08000f22   0x00000072   Code   RO         2115    i.HAL_HCD_Init      stm32f7xx_hal_hcd.o
    0x08000f94   0x08000f94   0x00000010   Code   RO          466    i.HAL_HCD_MspDeInit  usbh_conf.o
    0x08000fa4   0x08000fa4   0x000000a8   Code   RO          467    i.HAL_HCD_MspInit   usbh_conf.o
    0x0800104c   0x0800104c   0x00000008   Code   RO          468    i.HAL_HCD_PortDisabled_Callback  usbh_conf.o
    0x08001054   0x08001054   0x00000008   Code   RO          469    i.HAL_HCD_PortEnabled_Callback  usbh_conf.o
    0x0800105c   0x0800105c   0x00000006   Code   RO         2120    i.HAL_HCD_ResetPort  stm32f7xx_hal_hcd.o
    0x08001062   0x08001062   0x00000008   Code   RO          470    i.HAL_HCD_SOF_Callback  usbh_conf.o
    0x0800106a   0x0800106a   0x0000002c   Code   RO         2122    i.HAL_HCD_Start     stm32f7xx_hal_hcd.o
    0x08001096   0x08001096   0x00000024   Code   RO         2123    i.HAL_HCD_Stop      stm32f7xx_hal_hcd.o
    0x080010ba   0x080010ba   0x00000002   PAD
    0x080010bc   0x080010bc   0x00000010   Code   RO         1034    i.HAL_IncTick       stm32f7xx_hal.o
    0x080010cc   0x080010cc   0x0000002c   Code   RO         1035    i.HAL_Init          stm32f7xx_hal.o
    0x080010f8   0x080010f8   0x00000040   Code   RO         1036    i.HAL_InitTick      stm32f7xx_hal.o
    0x08001138   0x08001138   0x0000005c   Code   RO          878    i.HAL_MPU_ConfigRegion  stm32f7xx_hal_cortex.o
    0x08001194   0x08001194   0x0000001c   Code   RO          879    i.HAL_MPU_Disable   stm32f7xx_hal_cortex.o
    0x080011b0   0x080011b0   0x00000024   Code   RO          880    i.HAL_MPU_Enable    stm32f7xx_hal_cortex.o
    0x080011d4   0x080011d4   0x00000002   Code   RO         1037    i.HAL_MspDeInit     stm32f7xx_hal.o
    0x080011d6   0x080011d6   0x00000002   Code   RO         1038    i.HAL_MspInit       stm32f7xx_hal.o
    0x080011d8   0x080011d8   0x00000022   Code   RO          882    i.HAL_NVIC_DisableIRQ  stm32f7xx_hal_cortex.o
    0x080011fa   0x080011fa   0x0000001a   Code   RO          883    i.HAL_NVIC_EnableIRQ  stm32f7xx_hal_cortex.o
    0x08001214   0x08001214   0x00000040   Code   RO          889    i.HAL_NVIC_SetPriority  stm32f7xx_hal_cortex.o
    0x08001254   0x08001254   0x00000024   Code   RO          890    i.HAL_NVIC_SetPriorityGrouping  stm32f7xx_hal_cortex.o
    0x08001278   0x08001278   0x00000010   Code   RO         2290    i.HAL_PWR_EnableBkUpAccess  stm32f7xx_hal_pwr.o
    0x08001288   0x08001288   0x00000130   Code   RO         1743    i.HAL_RCC_ClockConfig  stm32f7xx_hal_rcc.o
    0x080013b8   0x080013b8   0x00000148   Code   RO         1744    i.HAL_RCC_DeInit    stm32f7xx_hal_rcc.o
    0x08001500   0x08001500   0x00000060   Code   RO         1752    i.HAL_RCC_GetSysClockFreq  stm32f7xx_hal_rcc.o
    0x08001560   0x08001560   0x00000384   Code   RO         1755    i.HAL_RCC_OscConfig  stm32f7xx_hal_rcc.o
    0x080018e4   0x080018e4   0x00000026   Code   RO          894    i.HAL_SYSTICK_Config  stm32f7xx_hal_cortex.o
    0x0800190a   0x0800190a   0x00000002   Code   RO         3693    i.HAL_TIMEx_Break2Callback  stm32f7xx_hal_tim_ex.o
    0x0800190c   0x0800190c   0x00000002   Code   RO         3694    i.HAL_TIMEx_BreakCallback  stm32f7xx_hal_tim_ex.o
    0x0800190e   0x0800190e   0x00000002   Code   RO         3695    i.HAL_TIMEx_CommutCallback  stm32f7xx_hal_tim_ex.o
    0x08001910   0x08001910   0x000000a4   Code   RO         3714    i.HAL_TIMEx_MasterConfigSynchronization  stm32f7xx_hal_tim_ex.o
    0x080019b4   0x080019b4   0x00000062   Code   RO         2979    i.HAL_TIM_Base_Init  stm32f7xx_hal_tim.o
    0x08001a16   0x08001a16   0x00000002   PAD
    0x08001a18   0x08001a18   0x00000024   Code   RO          693    i.HAL_TIM_Base_MspDeInit  tim.o
    0x08001a3c   0x08001a3c   0x00000064   Code   RO          694    i.HAL_TIM_Base_MspInit  tim.o
    0x08001aa0   0x08001aa0   0x0000008c   Code   RO         2984    i.HAL_TIM_Base_Start_IT  stm32f7xx_hal_tim.o
    0x08001b2c   0x08001b2c   0x00000030   Code   RO         2987    i.HAL_TIM_Base_Stop_IT  stm32f7xx_hal_tim.o
    0x08001b5c   0x08001b5c   0x00000002   Code   RO         3013    i.HAL_TIM_IC_CaptureCallback  stm32f7xx_hal_tim.o
    0x08001b5e   0x08001b5e   0x00000182   Code   RO         3027    i.HAL_TIM_IRQHandler  stm32f7xx_hal_tim.o
    0x08001ce0   0x08001ce0   0x00000002   Code   RO         3030    i.HAL_TIM_OC_DelayElapsedCallback  stm32f7xx_hal_tim.o
    0x08001ce2   0x08001ce2   0x00000002   Code   RO         3057    i.HAL_TIM_PWM_PulseFinishedCallback  stm32f7xx_hal_tim.o
    0x08001ce4   0x08001ce4   0x00000002   Code   RO         3065    i.HAL_TIM_PeriodElapsedCallback  stm32f7xx_hal_tim.o
    0x08001ce6   0x08001ce6   0x00000002   Code   RO         3070    i.HAL_TIM_TriggerCallback  stm32f7xx_hal_tim.o
    0x08001ce8   0x08001ce8   0x000002aa   Code   RO         2125    i.HCD_HC_IN_IRQHandler  stm32f7xx_hal_hcd.o
    0x08001f92   0x08001f92   0x00000290   Code   RO         2126    i.HCD_HC_OUT_IRQHandler  stm32f7xx_hal_hcd.o
    0x08002222   0x08002222   0x00000094   Code   RO         2127    i.HCD_Port_IRQHandler  stm32f7xx_hal_hcd.o
    0x080022b6   0x080022b6   0x0000008e   Code   RO         2128    i.HCD_RXQLVL_IRQHandler  stm32f7xx_hal_hcd.o
    0x08002344   0x08002344   0x00000002   Code   RO          345    i.HardFault_Handler  stm32f7xx_it.o
    0x08002346   0x08002346   0x00000002   PAD
    0x08002348   0x08002348   0x0000005c   Code   RO          625    i.JumpToApplication  main.o
    0x080023a4   0x080023a4   0x000000c4   Code   RO          626    i.Loading_Program   main.o
    0x08002468   0x08002468   0x0000002c   Code   RO          735    i.MX_GPIO_DeInit    gpio.o
    0x08002494   0x08002494   0x00000040   Code   RO          736    i.MX_GPIO_Init      gpio.o
    0x080024d4   0x080024d4   0x00000048   Code   RO          695    i.MX_TIM6_Init      tim.o
    0x0800251c   0x0800251c   0x00000002   Code   RO          346    i.MemManage_Handler  stm32f7xx_it.o
    0x0800251e   0x0800251e   0x00000002   Code   RO          347    i.NMI_Handler       stm32f7xx_it.o
    0x08002520   0x08002520   0x0000000c   Code   RO          348    i.OTG_FS_IRQHandler  stm32f7xx_it.o
    0x0800252c   0x0800252c   0x00000002   Code   RO          349    i.PendSV_Handler    stm32f7xx_it.o
    0x0800252e   0x0800252e   0x00000002   Code   RO          350    i.SVC_Handler       stm32f7xx_it.o
    0x08002530   0x08002530   0x00000004   Code   RO          351    i.SysTick_Handler   stm32f7xx_it.o
    0x08002534   0x08002534   0x00000098   Code   RO          627    i.SystemClock_Config  main.o
    0x080025cc   0x080025cc   0x00000054   Code   RO          841    i.SystemInit        system_stm32f7xx.o
    0x08002620   0x08002620   0x00000028   Code   RO          352    i.TIM6_DAC_IRQHandler  stm32f7xx_it.o
    0x08002648   0x08002648   0x000000cc   Code   RO         3072    i.TIM_Base_SetConfig  stm32f7xx_hal_tim.o
    0x08002714   0x08002714   0x00000038   Code   RO         4684    i.USBH_AllocPipe    usbh_pipes.o
    0x0800274c   0x0800274c   0x00000020   Code   RO         4612    i.USBH_BulkReceiveData  usbh_ioreq.o
    0x0800276c   0x0800276c   0x00000028   Code   RO         4613    i.USBH_BulkSendData  usbh_ioreq.o
    0x08002794   0x08002794   0x0000000a   Code   RO         4685    i.USBH_ClosePipe    usbh_pipes.o
    0x0800279e   0x0800279e   0x00000022   Code   RO         4508    i.USBH_ClrFeature   usbh_ctlreq.o
    0x080027c0   0x080027c0   0x0000001e   Code   RO         4614    i.USBH_CtlReceiveData  usbh_ioreq.o
    0x080027de   0x080027de   0x0000003a   Code   RO         4509    i.USBH_CtlReq       usbh_ctlreq.o
    0x08002818   0x08002818   0x00000028   Code   RO         4615    i.USBH_CtlSendData  usbh_ioreq.o
    0x08002840   0x08002840   0x0000001e   Code   RO         4616    i.USBH_CtlSendSetup  usbh_ioreq.o
    0x0800285e   0x0800285e   0x00000004   Code   RO          471    i.USBH_Delay        usbh_conf.o
    0x08002862   0x08002862   0x00000040   Code   RO         4375    i.USBH_FindInterface  usbh_core.o
    0x080028a2   0x080028a2   0x00000018   Code   RO         4686    i.USBH_FreePipe     usbh_pipes.o
    0x080028ba   0x080028ba   0x00000034   Code   RO         4510    i.USBH_GetDescriptor  usbh_ctlreq.o
    0x080028ee   0x080028ee   0x0000000e   Code   RO         4511    i.USBH_GetNextDesc  usbh_ctlreq.o
    0x080028fc   0x080028fc   0x00000034   Code   RO         4512    i.USBH_Get_CfgDesc  usbh_ctlreq.o
    0x08002930   0x08002930   0x00000036   Code   RO         4513    i.USBH_Get_DevDesc  usbh_ctlreq.o
    0x08002966   0x08002966   0x00000054   Code   RO         4514    i.USBH_Get_StringDesc  usbh_ctlreq.o
    0x080029ba   0x080029ba   0x00000184   Code   RO         4515    i.USBH_HandleControl  usbh_ctlreq.o
    0x08002b3e   0x08002b3e   0x00000002   PAD
    0x08002b40   0x08002b40   0x00000182   Code   RO         4378    i.USBH_HandleEnum   usbh_core.o
    0x08002cc2   0x08002cc2   0x0000003e   Code   RO         4379    i.USBH_Init         usbh_core.o
    0x08002d00   0x08002d00   0x0000000e   Code   RO          472    i.USBH_LL_ClosePipe  usbh_conf.o
    0x08002d0e   0x08002d0e   0x00000014   Code   RO         4381    i.USBH_LL_Connect   usbh_core.o
    0x08002d22   0x08002d22   0x0000002e   Code   RO         4382    i.USBH_LL_Disconnect  usbh_core.o
    0x08002d50   0x08002d50   0x00000020   Code   RO          474    i.USBH_LL_DriverVBUS  usbh_conf.o
    0x08002d70   0x08002d70   0x00000008   Code   RO          475    i.USBH_LL_GetLastXferSize  usbh_conf.o
    0x08002d78   0x08002d78   0x00000022   Code   RO          476    i.USBH_LL_GetSpeed  usbh_conf.o
    0x08002d9a   0x08002d9a   0x00000002   PAD
    0x08002d9c   0x08002d9c   0x00000024   Code   RO          477    i.USBH_LL_GetToggle  usbh_conf.o
    0x08002dc0   0x08002dc0   0x00000008   Code   RO          478    i.USBH_LL_GetURBState  usbh_conf.o
    0x08002dc8   0x08002dc8   0x0000001e   Code   RO         4383    i.USBH_LL_IncTimer  usbh_core.o
    0x08002de6   0x08002de6   0x00000002   PAD
    0x08002de8   0x08002de8   0x00000048   Code   RO          479    i.USBH_LL_Init      usbh_conf.o
    0x08002e30   0x08002e30   0x00000018   Code   RO          480    i.USBH_LL_OpenPipe  usbh_conf.o
    0x08002e48   0x08002e48   0x00000008   Code   RO         4384    i.USBH_LL_PortDisabled  usbh_core.o
    0x08002e50   0x08002e50   0x00000008   Code   RO         4385    i.USBH_LL_PortEnabled  usbh_core.o
    0x08002e58   0x08002e58   0x0000000e   Code   RO          481    i.USBH_LL_ResetPort  usbh_conf.o
    0x08002e66   0x08002e66   0x00000006   Code   RO         4386    i.USBH_LL_SetTimer  usbh_core.o
    0x08002e6c   0x08002e6c   0x00000028   Code   RO          482    i.USBH_LL_SetToggle  usbh_conf.o
    0x08002e94   0x08002e94   0x0000000e   Code   RO          483    i.USBH_LL_Start     usbh_conf.o
    0x08002ea2   0x08002ea2   0x0000000e   Code   RO          484    i.USBH_LL_Stop      usbh_conf.o
    0x08002eb0   0x08002eb0   0x00000020   Code   RO          485    i.USBH_LL_SubmitURB  usbh_conf.o
    0x08002ed0   0x08002ed0   0x00000020   Code   RO          238    i.USBH_MSC_BOT_Abort  usbh_msc_bot.o
    0x08002ef0   0x08002ef0   0x00000024   Code   RO          239    i.USBH_MSC_BOT_Init  usbh_msc_bot.o
    0x08002f14   0x08002f14   0x000001dc   Code   RO          240    i.USBH_MSC_BOT_Process  usbh_msc_bot.o
    0x080030f0   0x080030f0   0x0000001c   Code   RO          241    i.USBH_MSC_BOT_REQ_GetMaxLUN  usbh_msc_bot.o
    0x0800310c   0x0800310c   0x00000016   Code   RO          242    i.USBH_MSC_BOT_REQ_Reset  usbh_msc_bot.o
    0x08003122   0x08003122   0x00000078   Code   RO            4    i.USBH_MSC_ClassRequest  usbh_msc.o
    0x0800319a   0x0800319a   0x00000034   Code   RO            5    i.USBH_MSC_GetLUNInfo  usbh_msc.o
    0x080031ce   0x080031ce   0x0000004a   Code   RO            7    i.USBH_MSC_InterfaceDeInit  usbh_msc.o
    0x08003218   0x08003218   0x00000104   Code   RO            8    i.USBH_MSC_InterfaceInit  usbh_msc.o
    0x0800331c   0x0800331c   0x000002a0   Code   RO           10    i.USBH_MSC_Process  usbh_msc.o
    0x080035bc   0x080035bc   0x00000090   Code   RO           11    i.USBH_MSC_RdWrProcess  usbh_msc.o
    0x0800364c   0x0800364c   0x00000076   Code   RO           12    i.USBH_MSC_Read     usbh_msc.o
    0x080036c2   0x080036c2   0x000000d4   Code   RO          289    i.USBH_MSC_SCSI_Inquiry  usbh_msc_scsi.o
    0x08003796   0x08003796   0x00000094   Code   RO          290    i.USBH_MSC_SCSI_Read  usbh_msc_scsi.o
    0x0800382a   0x0800382a   0x0000007a   Code   RO          291    i.USBH_MSC_SCSI_ReadCapacity  usbh_msc_scsi.o
    0x080038a4   0x080038a4   0x0000009c   Code   RO          292    i.USBH_MSC_SCSI_RequestSense  usbh_msc_scsi.o
    0x08003940   0x08003940   0x0000004e   Code   RO          293    i.USBH_MSC_SCSI_TestUnitReady  usbh_msc_scsi.o
    0x0800398e   0x0800398e   0x00000094   Code   RO          294    i.USBH_MSC_SCSI_Write  usbh_msc_scsi.o
    0x08003a22   0x08003a22   0x00000004   Code   RO           13    i.USBH_MSC_SOFProcess  usbh_msc.o
    0x08003a26   0x08003a26   0x0000002a   Code   RO           14    i.USBH_MSC_UnitIsReady  usbh_msc.o
    0x08003a50   0x08003a50   0x00000076   Code   RO           15    i.USBH_MSC_Write    usbh_msc.o
    0x08003ac6   0x08003ac6   0x00000014   Code   RO         4687    i.USBH_OpenPipe     usbh_pipes.o
    0x08003ada   0x08003ada   0x00000002   PAD
    0x08003adc   0x08003adc   0x0000014e   Code   RO         4516    i.USBH_ParseCfgDesc  usbh_ctlreq.o
    0x08003c2a   0x08003c2a   0x0000007c   Code   RO         4517    i.USBH_ParseDevDesc  usbh_ctlreq.o
    0x08003ca6   0x08003ca6   0x000000b4   Code   RO         4518    i.USBH_ParseEPDesc  usbh_ctlreq.o
    0x08003d5a   0x08003d5a   0x00000234   Code   RO         4387    i.USBH_Process      usbh_core.o
    0x08003f8e   0x08003f8e   0x0000001e   Code   RO         4389    i.USBH_RegisterClass  usbh_core.o
    0x08003fac   0x08003fac   0x00000016   Code   RO         4390    i.USBH_SelectInterface  usbh_core.o
    0x08003fc2   0x08003fc2   0x0000001c   Code   RO         4519    i.USBH_SetAddress   usbh_ctlreq.o
    0x08003fde   0x08003fde   0x0000001c   Code   RO         4520    i.USBH_SetCfg       usbh_ctlreq.o
    0x08003ffa   0x08003ffa   0x0000001c   Code   RO         4521    i.USBH_SetFeature   usbh_ctlreq.o
    0x08004016   0x08004016   0x00000014   Code   RO         4391    i.USBH_Start        usbh_core.o
    0x0800402a   0x0800402a   0x00000002   PAD
    0x0800402c   0x0800402c   0x00000034   Code   RO          628    i.USBH_UserProcess  main.o
    0x08004060   0x08004060   0x00000004   Code   RO          772    i.USBH_initialize   usbh_diskio.o
    0x08004064   0x08004064   0x0000006c   Code   RO          773    i.USBH_ioctl        usbh_diskio.o
    0x080040d0   0x080040d0   0x00000044   Code   RO          774    i.USBH_read         usbh_diskio.o
    0x08004114   0x08004114   0x00000018   Code   RO          775    i.USBH_status       usbh_diskio.o
    0x0800412c   0x0800412c   0x0000004c   Code   RO          776    i.USBH_write        usbh_diskio.o
    0x08004178   0x08004178   0x0000006c   Code   RO         1436    i.USB_CoreInit      stm32f7xx_ll_usb.o
    0x080041e4   0x080041e4   0x00000040   Code   RO         1437    i.USB_CoreReset     stm32f7xx_ll_usb.o
    0x08004224   0x08004224   0x0000000c   Code   RO         1444    i.USB_DisableGlobalInt  stm32f7xx_ll_usb.o
    0x08004230   0x08004230   0x00000024   Code   RO         1445    i.USB_DoPing        stm32f7xx_ll_usb.o
    0x08004254   0x08004254   0x0000002c   Code   RO         1446    i.USB_DriveVbus     stm32f7xx_ll_usb.o
    0x08004280   0x08004280   0x0000000c   Code   RO         1453    i.USB_EnableGlobalInt  stm32f7xx_ll_usb.o
    0x0800428c   0x0800428c   0x0000003c   Code   RO         1454    i.USB_FlushRxFifo   stm32f7xx_ll_usb.o
    0x080042c8   0x080042c8   0x00000040   Code   RO         1455    i.USB_FlushTxFifo   stm32f7xx_ll_usb.o
    0x08004308   0x08004308   0x00000008   Code   RO         1456    i.USB_GetCurrentFrame  stm32f7xx_ll_usb.o
    0x08004310   0x08004310   0x0000000e   Code   RO         1458    i.USB_GetHostSpeed  stm32f7xx_ll_usb.o
    0x0800431e   0x0800431e   0x00000008   Code   RO         1459    i.USB_GetMode       stm32f7xx_ll_usb.o
    0x08004326   0x08004326   0x000000c6   Code   RO         1460    i.USB_HC_Halt       stm32f7xx_ll_usb.o
    0x080043ec   0x080043ec   0x00000112   Code   RO         1461    i.USB_HC_Init       stm32f7xx_ll_usb.o
    0x080044fe   0x080044fe   0x00000008   Code   RO         1462    i.USB_HC_ReadInterrupt  stm32f7xx_ll_usb.o
    0x08004506   0x08004506   0x00000140   Code   RO         1463    i.USB_HC_StartXfer  stm32f7xx_ll_usb.o
    0x08004646   0x08004646   0x00000002   PAD
    0x08004648   0x08004648   0x000000c0   Code   RO         1464    i.USB_HostInit      stm32f7xx_ll_usb.o
    0x08004708   0x08004708   0x00000038   Code   RO         1465    i.USB_InitFSLSPClkSel  stm32f7xx_ll_usb.o
    0x08004740   0x08004740   0x00000010   Code   RO         1466    i.USB_ReadChInterrupts  stm32f7xx_ll_usb.o
    0x08004750   0x08004750   0x00000008   Code   RO         1471    i.USB_ReadInterrupts  stm32f7xx_ll_usb.o
    0x08004758   0x08004758   0x00000040   Code   RO         1472    i.USB_ReadPacket    stm32f7xx_ll_usb.o
    0x08004798   0x08004798   0x00000032   Code   RO         1473    i.USB_ResetPort     stm32f7xx_ll_usb.o
    0x080047ca   0x080047ca   0x0000005e   Code   RO         1474    i.USB_SetCurrentMode  stm32f7xx_ll_usb.o
    0x08004828   0x08004828   0x0000008e   Code   RO         1479    i.USB_StopHost      stm32f7xx_ll_usb.o
    0x080048b6   0x080048b6   0x00000002   PAD
    0x080048b8   0x080048b8   0x00000028   Code   RO         1480    i.USB_WritePacket   stm32f7xx_ll_usb.o
    0x080048e0   0x080048e0   0x00000002   Code   RO          353    i.UsageFault_Handler  stm32f7xx_it.o
    0x080048e2   0x080048e2   0x00000022   Code   RO          896    i.__NVIC_SetPriority  stm32f7xx_hal_cortex.o
    0x08004904   0x08004904   0x0000000e   Code   RO         4835    i.__scatterload_copy  mc_w.l(handlers.o)
    0x08004912   0x08004912   0x00000002   Code   RO         4836    i.__scatterload_null  mc_w.l(handlers.o)
    0x08004914   0x08004914   0x0000000e   Code   RO         4837    i.__scatterload_zeroinit  mc_w.l(handlers.o)
    0x08004922   0x08004922   0x00000002   PAD
    0x08004924   0x08004924   0x00000070   Code   RO         4063    i.check_fs          ff.o
    0x08004994   0x08004994   0x00000010   Code   RO         4064    i.chk_chr           ff.o
    0x080049a4   0x080049a4   0x0000005c   Code   RO         4065    i.chk_lock          ff.o
    0x08004a00   0x08004a00   0x00000020   Code   RO         4066    i.clear_lock        ff.o
    0x08004a20   0x08004a20   0x00000024   Code   RO         4067    i.clmt_clust        ff.o
    0x08004a44   0x08004a44   0x00000018   Code   RO         4068    i.clust2sect        ff.o
    0x08004a5c   0x08004a5c   0x00000080   Code   RO         4069    i.cmp_lfn           ff.o
    0x08004adc   0x08004adc   0x000000a6   Code   RO         4070    i.create_chain      ff.o
    0x08004b82   0x08004b82   0x00000002   PAD
    0x08004b84   0x08004b84   0x00000204   Code   RO         4071    i.create_name       ff.o
    0x08004d88   0x08004d88   0x00000034   Code   RO         4072    i.dec_lock          ff.o
    0x08004dbc   0x08004dbc   0x000000d2   Code   RO         4073    i.dir_find          ff.o
    0x08004e8e   0x08004e8e   0x00000002   PAD
    0x08004e90   0x08004e90   0x000000f4   Code   RO         4074    i.dir_next          ff.o
    0x08004f84   0x08004f84   0x000001e4   Code   RO         4076    i.dir_register      ff.o
    0x08005168   0x08005168   0x00000082   Code   RO         4078    i.dir_sdi           ff.o
    0x080051ea   0x080051ea   0x00000002   PAD
    0x080051ec   0x080051ec   0x00000028   Code   RO         4020    i.disk_initialize   diskio.o
    0x08005214   0x08005214   0x00000018   Code   RO         4021    i.disk_ioctl        diskio.o
    0x0800522c   0x0800522c   0x0000001c   Code   RO         4022    i.disk_read         diskio.o
    0x08005248   0x08005248   0x00000014   Code   RO         4023    i.disk_status       diskio.o
    0x0800525c   0x0800525c   0x0000001c   Code   RO         4024    i.disk_write        diskio.o
    0x08005278   0x08005278   0x00000028   Code   RO         4079    i.f_close           ff.o
    0x080052a0   0x080052a0   0x00000058   Code   RO         4085    i.f_mount           ff.o
    0x080052f8   0x080052f8   0x00000244   Code   RO         4086    i.f_open            ff.o
    0x0800553c   0x0800553c   0x00000154   Code   RO         4088    i.f_read            ff.o
    0x08005690   0x08005690   0x0000008e   Code   RO         4092    i.f_sync            ff.o
    0x0800571e   0x0800571e   0x00000002   PAD
    0x08005720   0x08005720   0x0000003c   Code   RO         4747    i.ff_convert        unicode.o
    0x0800575c   0x0800575c   0x00000004   Code   RO         4723    i.ff_memalloc       syscall.o
    0x08005760   0x08005760   0x00000004   Code   RO         4724    i.ff_memfree        syscall.o
    0x08005764   0x08005764   0x00000080   Code   RO         4748    i.ff_wtoupper       unicode.o
    0x080057e4   0x080057e4   0x00000258   Code   RO         4096    i.find_volume       ff.o
    0x08005a3c   0x08005a3c   0x00000074   Code   RO         4097    i.follow_path       ff.o
    0x08005ab0   0x08005ab0   0x00000050   Code   RO         4781    i.free              mc_w.l(malloc.o)
    0x08005b00   0x08005b00   0x00000080   Code   RO         4098    i.gen_numname       ff.o
    0x08005b80   0x08005b80   0x000000be   Code   RO         4099    i.get_fat           ff.o
    0x08005c3e   0x08005c3e   0x00000004   Code   RO         4025    i.get_fattime       diskio.o
    0x08005c42   0x08005c42   0x0000003c   Code   RO         4101    i.get_ldnumber      ff.o
    0x08005c7e   0x08005c7e   0x00000002   PAD
    0x08005c80   0x08005c80   0x00000080   Code   RO         4102    i.inc_lock          ff.o
    0x08005d00   0x08005d00   0x00000026   Code   RO         4103    i.ld_clust          ff.o
    0x08005d26   0x08005d26   0x00000016   Code   RO         4104    i.ld_dword          ff.o
    0x08005d3c   0x08005d3c   0x0000000a   Code   RO         4105    i.ld_word           ff.o
    0x08005d46   0x08005d46   0x00000002   PAD
    0x08005d48   0x08005d48   0x000000f8   Code   RO          629    i.main              main.o
    0x08005e40   0x08005e40   0x0000006c   Code   RO         4782    i.malloc            mc_w.l(malloc.o)
    0x08005eac   0x08005eac   0x00000012   Code   RO         4106    i.mem_cpy           ff.o
    0x08005ebe   0x08005ebe   0x00000002   PAD
    0x08005ec0   0x08005ec0   0x0000000e   Code   RO         4107    i.mem_set           ff.o
    0x08005ece   0x08005ece   0x00000032   Code   RO         4108    i.move_window       ff.o
    0x08005f00   0x08005f00   0x000000f0   Code   RO         4110    i.put_fat           ff.o
    0x08005ff0   0x08005ff0   0x00000074   Code   RO         4111    i.remove_chain      ff.o
    0x08006064   0x08006064   0x00000028   Code   RO         4112    i.st_clust          ff.o
    0x0800608c   0x0800608c   0x00000010   Code   RO         4113    i.st_dword          ff.o
    0x0800609c   0x0800609c   0x00000008   Code   RO         4114    i.st_word           ff.o
    0x080060a4   0x080060a4   0x0000001c   Code   RO         4115    i.sum_sfn           ff.o
    0x080060c0   0x080060c0   0x00000088   Code   RO         4116    i.sync_fs           ff.o
    0x08006148   0x08006148   0x00000052   Code   RO         4117    i.sync_window       ff.o
    0x0800619a   0x0800619a   0x00000034   Code   RO         4118    i.validate          ff.o
    0x080061ce   0x080061ce   0x00000002   PAD
    0x080061d0   0x080061d0   0x00000014   Data   RO          777    .constdata          usbh_diskio.o
    0x080061e4   0x080061e4   0x00000010   Data   RO          842    .constdata          system_stm32f7xx.o
    0x080061f4   0x080061f4   0x000000aa   Data   RO         4120    .constdata          ff.o
    0x0800629e   0x0800629e   0x000003ae   Data   RO         4749    .constdata          unicode.o
    0x0800664c   0x0800664c   0x00000004   Data   RO           16    .conststring        usbh_msc.o
    0x08006650   0x08006650   0x00000020   Data   RO         4833    Region$$Table       anon$$obj.o


    Execution Region RW_IRAM1 (Exec base: 0x20000000, Load base: 0x08006670, Size: 0x00002558, Max: 0x00050000, ABSOLUTE)

    Exec Addr    Load Addr    Size         Type   Attr      Idx    E Section Name        Object

    0x20000000   0x08006670   0x00000020   Data   RW           17    .data               usbh_msc.o
    0x20000020   0x08006690   0x0000002c   Data   RW          631    .data               main.o
    0x2000004c   0x080066bc   0x00000004   Data   RW          844    .data               system_stm32f7xx.o
    0x20000050   0x080066c0   0x0000000c   Data   RW         1042    .data               stm32f7xx_hal.o
    0x2000005c   0x080066cc   0x0000000c   Data   RW         4121    .data               ff.o
    0x20000068   0x080066d8   0x00000004   Data   RW         4829    .data               mc_w.l(mvars.o)
    0x2000006c   0x080066dc   0x00000004   Data   RW         4830    .data               mc_w.l(mvars.o)
    0x20000070        -       0x00000304   Zero   RW          486    .bss                usbh_conf.o
    0x20000374        -       0x00000d4c   Zero   RW          630    .bss                main.o
    0x200010c0        -       0x0000004c   Zero   RW          696    .bss                tim.o
    0x2000110c        -       0x0000001c   Zero   RW         2812    .bss                stm32f7xx_hal_flash.o
    0x20001128        -       0x00000010   Zero   RW         3974    .bss                ff_gen_drv.o
    0x20001138        -       0x00000020   Zero   RW         4119    .bss                ff.o
    0x20001158        -       0x00000400   Zero   RW          763    HEAP                startup_stm32f746xx.o
    0x20001558        -       0x00001000   Zero   RW          762    STACK               startup_stm32f746xx.o


==============================================================================

Image component sizes


      Code (inc. data)   RO Data    RW Data    ZI Data      Debug   Object Name

       144         26          0          0          0       4691   diskio.o
      5524         98        170         12         32      45488   ff.o
       128         10          0          0         16       7979   ff_gen_drv.o
       108         18          0          0          0       1472   gpio.o
      1002        144          0         44       3404      13722   main.o
        36          8        456          0       5120        824   startup_stm32f746xx.o
       228         32          0         12          0      11316   stm32f7xx_hal.o
       388         28          0          0          0      42387   stm32f7xx_hal_cortex.o
       536         70          0          0         28       7318   stm32f7xx_hal_flash.o
       268         20          0          0          0       3826   stm32f7xx_hal_flash_ex.o
       966        104          0          0          0       4207   stm32f7xx_hal_gpio.o
      2506          0          0          0          0      15181   stm32f7xx_hal_hcd.o
        16          4          0          0          0        603   stm32f7xx_hal_pwr.o
      1628         62          0          0          0       5199   stm32f7xx_hal_rcc.o
       886         80          0          0          0       8752   stm32f7xx_hal_tim.o
       170         30          0          0          0       3420   stm32f7xx_hal_tim_ex.o
        72         18          0          0          0      10148   stm32f7xx_it.o
      1892         48          0          0          0      20796   stm32f7xx_ll_usb.o
         8          0          0          0          0       1851   syscall.o
        84         16         16          4          0       1391   system_stm32f7xx.o
       208         32          0          0         76       2363   tim.o
       188         24        942          0          0       2459   unicode.o
       572         38          0          0        772      13796   usbh_conf.o
      1386         20          0          0          0      12085   usbh_core.o
      1458         12          0          0          0      13950   usbh_ctlreq.o
       280         22         20          0          0       4355   usbh_diskio.o
       172          0          0          0          0       4736   usbh_ioreq.o
      1604         10          4         32          0     860009   usbh_msc.o
       594         24          0          0          0       6892   usbh_msc_bot.o
       864          0          0          0          0       6867   usbh_msc_scsi.o
       110          0          0          0          0       3662   usbh_pipes.o

    ----------------------------------------------------------------------
     24072        998       1640        104       9448    1141745   Object Totals
         0          0         32          0          0          0   (incl. Generated)
        46          0          0          0          0          0   (incl. Padding)

    ----------------------------------------------------------------------

      Code (inc. data)   RO Data    RW Data    ZI Data      Debug   Library Member Name

         0          0          0          0          0          0   entry.o
         0          0          0          0          0          0   entry10a.o
         0          0          0          0          0          0   entry11a.o
         4          0          0          0          0          0   entry12b.o
         8          4          0          0          0          0   entry2.o
         4          0          0          0          0          0   entry5.o
         0          0          0          0          0          0   entry7b.o
         0          0          0          0          0          0   entry8b.o
         8          4          0          0          0          0   entry9a.o
        30          0          0          0          0          0   handlers.o
        36          8          0          0          0         68   init.o
        30          0          0          0          0         68   llshl.o
        32          0          0          0          0         68   llushr.o
       188         20          0          0          0        160   malloc.o
        36          0          0          0          0         68   memcpya.o
        36          0          0          0          0        108   memseta.o
         0          0          0          8          0          0   mvars.o
        98          0          0          0          0         92   uldiv.o

    ----------------------------------------------------------------------
       512         36          0          8          0        632   Library Totals
         2          0          0          0          0          0   (incl. Padding)

    ----------------------------------------------------------------------

      Code (inc. data)   RO Data    RW Data    ZI Data      Debug   Library Name

       510         36          0          8          0        632   mc_w.l

    ----------------------------------------------------------------------
       512         36          0          8          0        632   Library Totals

    ----------------------------------------------------------------------

==============================================================================


      Code (inc. data)   RO Data    RW Data    ZI Data      Debug   

     24584       1034       1640        112       9448    1117521   Grand Totals
     24584       1034       1640        112       9448    1117521   ELF Image Totals
     24584       1034       1640        112          0          0   ROM Totals

==============================================================================

    Total RO  Size (Code + RO Data)                26224 (  25.61kB)
    Total RW  Size (RW Data + ZI Data)              9560 (   9.34kB)
    Total ROM Size (Code + RO Data + RW Data)      26336 (  25.72kB)

==============================================================================

