Component: ARM Compiler 5.06 update 7 (build 960) Tool: armlink [4d3601]

==============================================================================

Section Cross References

    usbh_msc.o(i.USBH_MSC_ClassRequest) refers to usbh_msc_bot.o(i.USBH_MSC_BOT_REQ_GetMaxLUN) for USBH_MSC_BOT_REQ_GetMaxLUN
    usbh_msc.o(i.USBH_MSC_ClassRequest) refers to usbh_ctlreq.o(i.USBH_ClrFeature) for USBH_ClrFeature
    usbh_msc.o(i.USBH_MSC_GetLUNInfo) refers to memcpya.o(.text) for __aeabi_memcpy4
    usbh_msc.o(i.USBH_MSC_InterfaceDeInit) refers to usbh_pipes.o(i.USBH_ClosePipe) for USBH_ClosePipe
    usbh_msc.o(i.USBH_MSC_InterfaceDeInit) refers to usbh_pipes.o(i.USBH_FreePipe) for USBH_FreePipe
    usbh_msc.o(i.USBH_MSC_InterfaceDeInit) refers to malloc.o(i.free) for free
    usbh_msc.o(i.USBH_MSC_InterfaceInit) refers to usbh_core.o(i.USBH_FindInterface) for USBH_FindInterface
    usbh_msc.o(i.USBH_MSC_InterfaceInit) refers to usbh_core.o(i.USBH_SelectInterface) for USBH_SelectInterface
    usbh_msc.o(i.USBH_MSC_InterfaceInit) refers to malloc.o(i.malloc) for malloc
    usbh_msc.o(i.USBH_MSC_InterfaceInit) refers to memseta.o(.text) for __aeabi_memclr4
    usbh_msc.o(i.USBH_MSC_InterfaceInit) refers to usbh_pipes.o(i.USBH_AllocPipe) for USBH_AllocPipe
    usbh_msc.o(i.USBH_MSC_InterfaceInit) refers to usbh_msc_bot.o(i.USBH_MSC_BOT_Init) for USBH_MSC_BOT_Init
    usbh_msc.o(i.USBH_MSC_InterfaceInit) refers to usbh_pipes.o(i.USBH_OpenPipe) for USBH_OpenPipe
    usbh_msc.o(i.USBH_MSC_InterfaceInit) refers to usbh_conf.o(i.USBH_LL_SetToggle) for USBH_LL_SetToggle
    usbh_msc.o(i.USBH_MSC_Process) refers to usbh_msc_scsi.o(i.USBH_MSC_SCSI_Inquiry) for USBH_MSC_SCSI_Inquiry
    usbh_msc.o(i.USBH_MSC_Process) refers to usbh_msc_scsi.o(i.USBH_MSC_SCSI_TestUnitReady) for USBH_MSC_SCSI_TestUnitReady
    usbh_msc.o(i.USBH_MSC_Process) refers to usbh_msc_scsi.o(i.USBH_MSC_SCSI_ReadCapacity) for USBH_MSC_SCSI_ReadCapacity
    usbh_msc.o(i.USBH_MSC_Process) refers to usbh_msc_scsi.o(i.USBH_MSC_SCSI_RequestSense) for USBH_MSC_SCSI_RequestSense
    usbh_msc.o(i.USBH_MSC_RdWrProcess) refers to usbh_msc_scsi.o(i.USBH_MSC_SCSI_Read) for USBH_MSC_SCSI_Read
    usbh_msc.o(i.USBH_MSC_RdWrProcess) refers to usbh_msc_scsi.o(i.USBH_MSC_SCSI_Write) for USBH_MSC_SCSI_Write
    usbh_msc.o(i.USBH_MSC_RdWrProcess) refers to usbh_msc_scsi.o(i.USBH_MSC_SCSI_RequestSense) for USBH_MSC_SCSI_RequestSense
    usbh_msc.o(i.USBH_MSC_Read) refers to usbh_msc_scsi.o(i.USBH_MSC_SCSI_Read) for USBH_MSC_SCSI_Read
    usbh_msc.o(i.USBH_MSC_Read) refers to usbh_msc.o(i.USBH_MSC_RdWrProcess) for USBH_MSC_RdWrProcess
    usbh_msc.o(i.USBH_MSC_Write) refers to usbh_msc_scsi.o(i.USBH_MSC_SCSI_Write) for USBH_MSC_SCSI_Write
    usbh_msc.o(i.USBH_MSC_Write) refers to usbh_msc.o(i.USBH_MSC_RdWrProcess) for USBH_MSC_RdWrProcess
    usbh_msc.o(.data) refers to usbh_msc.o(.conststring) for .conststring
    usbh_msc.o(.data) refers to usbh_msc.o(i.USBH_MSC_InterfaceInit) for USBH_MSC_InterfaceInit
    usbh_msc.o(.data) refers to usbh_msc.o(i.USBH_MSC_InterfaceDeInit) for USBH_MSC_InterfaceDeInit
    usbh_msc.o(.data) refers to usbh_msc.o(i.USBH_MSC_ClassRequest) for USBH_MSC_ClassRequest
    usbh_msc.o(.data) refers to usbh_msc.o(i.USBH_MSC_Process) for USBH_MSC_Process
    usbh_msc.o(.data) refers to usbh_msc.o(i.USBH_MSC_SOFProcess) for USBH_MSC_SOFProcess
    usbh_msc_bot.o(i.USBH_MSC_BOT_Abort) refers to usbh_ctlreq.o(i.USBH_ClrFeature) for USBH_ClrFeature
    usbh_msc_bot.o(i.USBH_MSC_BOT_Process) refers to usbh_conf.o(i.USBH_LL_GetURBState) for USBH_LL_GetURBState
    usbh_msc_bot.o(i.USBH_MSC_BOT_Process) refers to usbh_ioreq.o(i.USBH_BulkReceiveData) for USBH_BulkReceiveData
    usbh_msc_bot.o(i.USBH_MSC_BOT_Process) refers to usbh_ioreq.o(i.USBH_BulkSendData) for USBH_BulkSendData
    usbh_msc_bot.o(i.USBH_MSC_BOT_Process) refers to usbh_conf.o(i.USBH_LL_GetLastXferSize) for USBH_LL_GetLastXferSize
    usbh_msc_bot.o(i.USBH_MSC_BOT_Process) refers to usbh_msc_bot.o(i.USBH_MSC_BOT_Abort) for USBH_MSC_BOT_Abort
    usbh_msc_bot.o(i.USBH_MSC_BOT_Process) refers to usbh_conf.o(i.USBH_LL_GetToggle) for USBH_LL_GetToggle
    usbh_msc_bot.o(i.USBH_MSC_BOT_Process) refers to usbh_conf.o(i.USBH_LL_SetToggle) for USBH_LL_SetToggle
    usbh_msc_bot.o(i.USBH_MSC_BOT_Process) refers to usbh_msc_bot.o(i.USBH_MSC_BOT_REQ_Reset) for USBH_MSC_BOT_REQ_Reset
    usbh_msc_bot.o(i.USBH_MSC_BOT_REQ_GetMaxLUN) refers to usbh_ctlreq.o(i.USBH_CtlReq) for USBH_CtlReq
    usbh_msc_bot.o(i.USBH_MSC_BOT_REQ_Reset) refers to usbh_ctlreq.o(i.USBH_CtlReq) for USBH_CtlReq
    usbh_msc_scsi.o(i.USBH_MSC_SCSI_Inquiry) refers to usbh_msc_bot.o(i.USBH_MSC_BOT_Process) for USBH_MSC_BOT_Process
    usbh_msc_scsi.o(i.USBH_MSC_SCSI_Inquiry) refers to memseta.o(.text) for __aeabi_memclr
    usbh_msc_scsi.o(i.USBH_MSC_SCSI_Inquiry) refers to memcpya.o(.text) for __aeabi_memcpy
    usbh_msc_scsi.o(i.USBH_MSC_SCSI_Read) refers to usbh_msc_bot.o(i.USBH_MSC_BOT_Process) for USBH_MSC_BOT_Process
[...]
    i.USBH_Init                              0x080024b6   Section        0  usbh_core.o(i.USBH_Init)
    i.USBH_LL_ClosePipe                      0x080024f4   Section        0  usbh_conf.o(i.USBH_LL_ClosePipe)
    i.USBH_LL_Connect                        0x08002502   Section        0  usbh_core.o(i.USBH_LL_Connect)
    i.USBH_LL_Disconnect                     0x08002516   Section        0  usbh_core.o(i.USBH_LL_Disconnect)
    i.USBH_LL_DriverVBUS                     0x08002544   Section        0  usbh_conf.o(i.USBH_LL_DriverVBUS)
    i.USBH_LL_GetLastXferSize                0x08002564   Section        0  usbh_conf.o(i.USBH_LL_GetLastXferSize)
    i.USBH_LL_GetSpeed                       0x0800256c   Section        0  usbh_conf.o(i.USBH_LL_GetSpeed)
    i.USBH_LL_GetToggle                      0x08002590   Section        0  usbh_conf.o(i.USBH_LL_GetToggle)
    i.USBH_LL_GetURBState                    0x080025b4   Section        0  usbh_conf.o(i.USBH_LL_GetURBState)
    i.USBH_LL_IncTimer                       0x080025bc   Section        0  usbh_core.o(i.USBH_LL_IncTimer)
    i.USBH_LL_Init                           0x080025dc   Section        0  usbh_conf.o(i.USBH_LL_Init)
    i.USBH_LL_OpenPipe                       0x08002624   Section        0  usbh_conf.o(i.USBH_LL_OpenPipe)
    i.USBH_LL_PortDisabled                   0x0800263c   Section        0  usbh_core.o(i.USBH_LL_PortDisabled)
    i.USBH_LL_PortEnabled                    0x08002644   Section        0  usbh_core.o(i.USBH_LL_PortEnabled)
    i.USBH_LL_ResetPort                      0x0800264c   Section        0  usbh_conf.o(i.USBH_LL_ResetPort)
    i.USBH_LL_SetTimer                       0x0800265a   Section        0  usbh_core.o(i.USBH_LL_SetTimer)
    i.USBH_LL_SetToggle                      0x08002660   Section        0  usbh_conf.o(i.USBH_LL_SetToggle)
    i.USBH_LL_Start                          0x08002688   Section        0  usbh_conf.o(i.USBH_LL_Start)
    i.USBH_LL_Stop                           0x08002696   Section        0  usbh_conf.o(i.USBH_LL_Stop)
    i.USBH_LL_SubmitURB                      0x080026a4   Section        0  usbh_conf.o(i.USBH_LL_SubmitURB)
    i.USBH_MSC_BOT_Abort                     0x080026c4   Section        0  usbh_msc_bot.o(i.USBH_MSC_BOT_Abort)
    USBH_MSC_BOT_Abort                       0x080026c5   Thumb Code    32  usbh_msc_bot.o(i.USBH_MSC_BOT_Abort)
    i.USBH_MSC_BOT_Init                      0x080026e4   Section        0  usbh_msc_bot.o(i.USBH_MSC_BOT_Init)
    i.USBH_MSC_BOT_Process                   0x08002708   Section        0  usbh_msc_bot.o(i.USBH_MSC_BOT_Process)
    i.USBH_MSC_BOT_REQ_GetMaxLUN             0x080028e4   Section        0  usbh_msc_bot.o(i.USBH_MSC_BOT_REQ_GetMaxLUN)
    i.USBH_MSC_BOT_REQ_Reset                 0x08002900   Section        0  usbh_msc_bot.o(i.USBH_MSC_BOT_REQ_Reset)
    i.USBH_MSC_ClassRequest                  0x08002916   Section        0  usbh_msc.o(i.USBH_MSC_ClassRequest)
    USBH_MSC_ClassRequest                    0x08002917   Thumb Code   120  usbh_msc.o(i.USBH_MSC_ClassRequest)
    i.USBH_MSC_GetLUNInfo                    0x0800298e   Section        0  usbh_msc.o(i.USBH_MSC_GetLUNInfo)
    i.USBH_MSC_InterfaceDeInit               0x080029c2   Section        0  usbh_msc.o(i.USBH_MSC_InterfaceDeInit)
    USBH_MSC_InterfaceDeInit                 0x080029c3   Thumb Code    74  usbh_msc.o(i.USBH_MSC_InterfaceDeInit)
    i.USBH_MSC_InterfaceInit                 0x08002a0c   Section        0  usbh_msc.o(i.USBH_MSC_InterfaceInit)
    USBH_MSC_InterfaceInit                   0x08002a0d   Thumb Code   260  usbh_msc.o(i.USBH_MSC_InterfaceInit)
    i.USBH_MSC_Process                       0x08002b10   Section        0  usbh_msc.o(i.USBH_MSC_Process)
    USBH_MSC_Process                         0x08002b11   Thumb Code   672  usbh_msc.o(i.USBH_MSC_Process)
    i.USBH_MSC_RdWrProcess                   0x08002db0   Section        0  usbh_msc.o(i.USBH_MSC_RdWrProcess)
    USBH_MSC_RdWrProcess                     0x08002db1   Thumb Code   144  usbh_msc.o(i.USBH_MSC_RdWrProcess)
    i.USBH_MSC_Read                          0x08002e40   Section        0  usbh_msc.o(i.USBH_MSC_Read)
    i.USBH_MSC_SCSI_Inquiry                  0x08002eb6   Section        0  usbh_msc_scsi.o(i.USBH_MSC_SCSI_Inquiry)
    i.USBH_MSC_SCSI_Read                     0x08002f8a   Section        0  usbh_msc_scsi.o(i.USBH_MSC_SCSI_Read)
    i.USBH_MSC_SCSI_ReadCapacity             0x0800301e   Section        0  usbh_msc_scsi.o(i.USBH_MSC_SCSI_ReadCapacity)
    i.USBH_MSC_SCSI_RequestSense             0x08003098   Section        0  usbh_msc_scsi.o(i.USBH_MSC_SCSI_RequestSense)
    i.USBH_MSC_SCSI_TestUnitReady            0x08003134   Section        0  usbh_msc_scsi.o(i.USBH_MSC_SCSI_TestUnitReady)
    i.USBH_MSC_SCSI_Write                    0x08003182   Section        0  usbh_msc_scsi.o(i.USBH_MSC_SCSI_Write)
    i.USBH_MSC_SOFProcess                    0x08003216   Section        0  usbh_msc.o(i.USBH_MSC_SOFProcess)
    USBH_MSC_SOFProcess                      0x08003217   Thumb Code     4  usbh_msc.o(i.USBH_MSC_SOFProcess)
    i.USBH_MSC_UnitIsReady                   0x0800321a   Section        0  usbh_msc.o(i.USBH_MSC_UnitIsReady)
    i.USBH_MSC_Write                         0x08003244   Section        0  usbh_msc.o(i.USBH_MSC_Write)
    i.USBH_OpenPipe                          0x080032ba   Section        0  usbh_pipes.o(i.USBH_OpenPipe)
    i.USBH_ParseCfgDesc                      0x080032d0   Section        0  usbh_ctlreq.o(i.USBH_ParseCfgDesc)
    USBH_ParseCfgDesc                        0x080032d1   Thumb Code   334  usbh_ctlreq.o(i.USBH_ParseCfgDesc)
    i.USBH_ParseDevDesc                      0x0800341e   Section        0  usbh_ctlreq.o(i.USBH_ParseDevDesc)
    USBH_ParseDevDesc                        0x0800341f   Thumb Code   124  usbh_ctlreq.o(i.USBH_ParseDevDesc)
    i.USBH_ParseEPDesc                       0x0800349a   Section        0  usbh_ctlreq.o(i.USBH_ParseEPDesc)
    USBH_ParseEPDesc                         0x0800349b   Thumb Code   180  usbh_ctlreq.o(i.USBH_ParseEPDesc)
    i.USBH_Process                           0x0800354e   Section        0  usbh_core.o(i.USBH_Process)
    i.USBH_RegisterClass                     0x08003782   Section        0  usbh_core.o(i.USBH_RegisterClass)
    i.USBH_SelectInterface                   0x080037a0   Section        0  usbh_core.o(i.USBH_SelectInterface)
    i.USBH_SetAddress                        0x080037b6   Section        0  usbh_ctlreq.o(i.USBH_SetAddress)
    i.USBH_SetCfg                            0x080037d2   Section        0  usbh_ctlreq.o(i.USBH_SetCfg)
    i.USBH_SetFeature                        0x080037ee   Section        0  usbh_ctlreq.o(i.USBH_SetFeature)
    i.USBH_Start                             0x0800380a   Section        0  usbh_core.o(i.USBH_Start)
    i.USBH_UserProcess                       0x08003820   Section        0  main.o(i.USBH_UserProcess)
    USBH_UserProcess                         0x08003821   Thumb Code    42  main.o(i.USBH_UserProcess)
    i.USBH_initialize                        0x08003854   Section        0  usbh_diskio.o(i.USBH_initialize)
    i.USBH_ioctl                             0x08003858   Section        0  usbh_diskio.o(i.USBH_ioctl)
    i.USBH_read                              0x080038c4   Section        0  usbh_diskio.o(i.USBH_read)
    i.USBH_status                            0x08003908   Section        0  usbh_diskio.o(i.USBH_status)
    i.USBH_write                             0x08003920   Section        0  usbh_diskio.o(i.USBH_write)
    i.USB_CoreInit                           0x0800396c   Section        0  stm32f7xx_ll_usb.o(i.USB_CoreInit)
    i.USB_CoreReset                          0x080039d8   Section        0  stm32f7xx_ll_usb.o(i.USB_CoreReset)
    USB_CoreReset                            0x080039d9   Thumb Code    58  stm32f7xx_ll_usb.o(i.USB_CoreReset)
    i.USB_DisableGlobalInt                   0x08003a18   Section        0  stm32f7xx_ll_usb.o(i.USB_DisableGlobalInt)
    i.USB_DoPing                             0x08003a24   Section        0  stm32f7xx_ll_usb.o(i.USB_DoPing)
    i.USB_DriveVbus                          0x08003a48   Section        0  stm32f7xx_ll_usb.o(i.USB_DriveVbus)
    i.USB_EnableGlobalInt                    0x08003a74   Section        0  stm32f7xx_ll_usb.o(i.USB_EnableGlobalInt)
    i.USB_FlushRxFifo                        0x08003a80   Section        0  stm32f7xx_ll_usb.o(i.USB_FlushRxFifo)
    i.USB_FlushTxFifo                        0x08003abc   Section        0  stm32f7xx_ll_usb.o(i.USB_FlushTxFifo)
    i.USB_GetCurrentFrame                    0x08003afc   Section        0  stm32f7xx_ll_usb.o(i.USB_GetCurrentFrame)
    i.USB_GetHostSpeed                       0x08003b04   Section        0  stm32f7xx_ll_usb.o(i.USB_GetHostSpeed)
    i.USB_GetMode                            0x08003b12   Section        0  stm32f7xx_ll_usb.o(i.USB_GetMode)
    i.USB_HC_Halt                            0x08003b1a   Section        0  stm32f7xx_ll_usb.o(i.USB_HC_Halt)
    i.USB_HC_Init                            0x08003be0   Section        0  stm32f7xx_ll_usb.o(i.USB_HC_Init)
    i.USB_HC_ReadInterrupt                   0x08003cf2   Section        0  stm32f7xx_ll_usb.o(i.USB_HC_ReadInterrupt)
    i.USB_HC_StartXfer                       0x08003cfa   Section        0  stm32f7xx_ll_usb.o(i.USB_HC_StartXfer)
    i.USB_HostInit                           0x08003e3c   Section        0  stm32f7xx_ll_usb.o(i.USB_HostInit)
    i.USB_InitFSLSPClkSel                    0x08003efc   Section        0  stm32f7xx_ll_usb.o(i.USB_InitFSLSPClkSel)
    i.USB_ReadChInterrupts                   0x08003f34   Section        0  stm32f7xx_ll_usb.o(i.USB_ReadChInterrupts)
    i.USB_ReadInterrupts                     0x08003f44   Section        0  stm32f7xx_ll_usb.o(i.USB_ReadInterrupts)
    i.USB_ReadPacket                         0x08003f4c   Section        0  stm32f7xx_ll_usb.o(i.USB_ReadPacket)
    i.USB_ResetPort                          0x08003f8c   Section        0  stm32f7xx_ll_usb.o(i.USB_ResetPort)
    i.USB_SetCurrentMode                     0x08003fbe   Section        0  stm32f7xx_ll_usb.o(i.USB_SetCurrentMode)
    i.USB_StopHost                           0x0800401c   Section        0  stm32f7xx_ll_usb.o(i.USB_StopHost)
    i.USB_WritePacket                        0x080040ac   Section        0  stm32f7xx_ll_usb.o(i.USB_WritePacket)
    i.UsageFault_Handler                     0x080040d4   Section        0  stm32f7xx_it.o(i.UsageFault_Handler)
    i.__NVIC_SetPriority                     0x080040d6   Section        0  stm32f7xx_hal_cortex.o(i.__NVIC_SetPriority)
    __NVIC_SetPriority                       0x080040d7   Thumb Code    34  stm32f7xx_hal_cortex.o(i.__NVIC_SetPriority)
    i.__scatterload_copy                     0x080040f8   Section       14  handlers.o(i.__scatterload_copy)
    i.__scatterload_null                     0x08004106   Section        2  handlers.o(i.__scatterload_null)
    i.__scatterload_zeroinit                 0x08004108   Section       14  handlers.o(i.__scatterload_zeroinit)
    i.check_fs                               0x08004118   Section        0  ff.o(i.check_fs)
    check_fs                                 0x08004119   Thumb Code   102  ff.o(i.check_fs)
    i.chk_chr                                0x08004188   Section        0  ff.o(i.chk_chr)
    chk_chr                                  0x08004189   Thumb Code    16  ff.o(i.chk_chr)
    i.chk_lock                               0x08004198   Section        0  ff.o(i.chk_lock)
    chk_lock                                 0x08004199   Thumb Code    86  ff.o(i.chk_lock)
    i.clear_lock                             0x080041f4   Section        0  ff.o(i.clear_lock)
    clear_lock                               0x080041f5   Thumb Code    28  ff.o(i.clear_lock)
    i.clmt_clust                             0x08004214   Section        0  ff.o(i.clmt_clust)
    clmt_clust                               0x08004215   Thumb Code    36  ff.o(i.clmt_clust)
    i.clust2sect                             0x08004238   Section        0  ff.o(i.clust2sect)
    clust2sect                               0x08004239   Thumb Code    24  ff.o(i.clust2sect)
    i.cmp_lfn                                0x08004250   Section        0  ff.o(i.cmp_lfn)
    cmp_lfn                                  0x08004251   Thumb Code   124  ff.o(i.cmp_lfn)
    i.create_chain                           0x080042d0   Section        0  ff.o(i.create_chain)
    create_chain                             0x080042d1   Thumb Code   166  ff.o(i.create_chain)
    i.create_name                            0x08004378   Section        0  ff.o(i.create_name)
    create_name                              0x08004379   Thumb Code   490  ff.o(i.create_name)
    i.dec_lock                               0x0800457c   Section        0  ff.o(i.dec_lock)
    dec_lock                                 0x0800457d   Thumb Code    48  ff.o(i.dec_lock)
    i.dir_find                               0x080045b0   Section        0  ff.o(i.dir_find)
    dir_find                                 0x080045b1   Thumb Code   210  ff.o(i.dir_find)
    i.dir_next                               0x08004684   Section        0  ff.o(i.dir_next)
    dir_next                                 0x08004685   Thumb Code   244  ff.o(i.dir_next)
    i.dir_register                           0x08004778   Section        0  ff.o(i.dir_register)
    dir_register                             0x08004779   Thumb Code   480  ff.o(i.dir_register)
    i.dir_sdi                                0x0800495c   Section        0  ff.o(i.dir_sdi)
    dir_sdi                                  0x0800495d   Thumb Code   130  ff.o(i.dir_sdi)
    i.disk_initialize                        0x080049e0   Section        0  diskio.o(i.disk_initialize)
    i.disk_ioctl                             0x08004a08   Section        0  diskio.o(i.disk_ioctl)
    i.disk_read                              0x08004a20   Section        0  diskio.o(i.disk_read)
    i.disk_status                            0x08004a3c   Section        0  diskio.o(i.disk_status)
    i.disk_write                             0x08004a50   Section        0  diskio.o(i.disk_write)
    i.f_close                                0x08004a6c   Section        0  ff.o(i.f_close)
    i.f_mount                                0x08004a94   Section        0  ff.o(i.f_mount)
    i.f_open                                 0x08004aec   Section        0  ff.o(i.f_open)
    i.f_read                                 0x08004d30   Section        0  ff.o(i.f_read)
    i.f_sync                                 0x08004e84   Section        0  ff.o(i.f_sync)
    i.ff_convert                             0x08004f14   Section        0  unicode.o(i.ff_convert)
    i.ff_memalloc                            0x08004f50   Section        0  syscall.o(i.ff_memalloc)
    i.ff_memfree                             0x08004f54   Section        0  syscall.o(i.ff_memfree)
    i.ff_wtoupper                            0x08004f58   Section        0  unicode.o(i.ff_wtoupper)
    i.find_volume                            0x08004fd8   Section        0  ff.o(i.find_volume)
    find_volume                              0x08004fd9   Thumb Code   586  ff.o(i.find_volume)
    i.follow_path                            0x08005230   Section        0  ff.o(i.follow_path)
    follow_path                              0x08005231   Thumb Code   116  ff.o(i.follow_path)
    i.free                                   0x080052a4   Section        0  malloc.o(i.free)
    i.gen_numname                            0x080052f4   Section        0  ff.o(i.gen_numname)
    gen_numname                              0x080052f5   Thumb Code   124  ff.o(i.gen_numname)
    i.get_fat                                0x08005374   Section        0  ff.o(i.get_fat)
    get_fat                                  0x08005375   Thumb Code   190  ff.o(i.get_fat)
    i.get_fattime                            0x08005432   Section        0  diskio.o(i.get_fattime)
    i.get_ldnumber                           0x08005436   Section        0  ff.o(i.get_ldnumber)
    get_ldnumber                             0x08005437   Thumb Code    60  ff.o(i.get_ldnumber)
    i.inc_lock                               0x08005474   Section        0  ff.o(i.inc_lock)
    inc_lock                                 0x08005475   Thumb Code   124  ff.o(i.inc_lock)
    i.ld_clust                               0x080054f4   Section        0  ff.o(i.ld_clust)
    ld_clust                                 0x080054f5   Thumb Code    38  ff.o(i.ld_clust)
    i.ld_dword                               0x0800551a   Section        0  ff.o(i.ld_dword)
    ld_dword                                 0x0800551b   Thumb Code    22  ff.o(i.ld_dword)
    i.ld_word                                0x08005530   Section        0  ff.o(i.ld_word)
    ld_word                                  0x08005531   Thumb Code    10  ff.o(i.ld_word)
    i.load                                   0x0800553c   Section        0  main.o(i.load)
    load                                     0x0800553d   Thumb Code   170  main.o(i.load)
    i.main                                   0x08005634   Section        0  main.o(i.main)
    i.malloc                                 0x08005724   Section        0  malloc.o(i.malloc)
    i.mem_cpy                                0x08005790   Section        0  ff.o(i.mem_cpy)
    mem_cpy                                  0x08005791   Thumb Code    18  ff.o(i.mem_cpy)
    i.mem_set                                0x080057a4   Section        0  ff.o(i.mem_set)
    mem_set                                  0x080057a5   Thumb Code    14  ff.o(i.mem_set)
    i.move_window                            0x080057b2   Section        0  ff.o(i.move_window)
    move_window                              0x080057b3   Thumb Code    50  ff.o(i.move_window)
    i.put_fat                                0x080057e4   Section        0  ff.o(i.put_fat)
    put_fat                                  0x080057e5   Thumb Code   240  ff.o(i.put_fat)
    i.remove_chain                           0x080058d4   Section        0  ff.o(i.remove_chain)
    remove_chain                             0x080058d5   Thumb Code   116  ff.o(i.remove_chain)
    i.st_clust                               0x08005948   Section        0  ff.o(i.st_clust)
    st_clust                                 0x08005949   Thumb Code    40  ff.o(i.st_clust)
    i.st_dword                               0x08005970   Section        0  ff.o(i.st_dword)
    st_dword                                 0x08005971   Thumb Code    16  ff.o(i.st_dword)
    i.st_word                                0x08005980   Section        0  ff.o(i.st_word)
    st_word                                  0x08005981   Thumb Code     8  ff.o(i.st_word)
    i.sum_sfn                                0x08005988   Section        0  ff.o(i.sum_sfn)
    sum_sfn                                  0x08005989   Thumb Code    28  ff.o(i.sum_sfn)
    i.sync_fs                                0x080059a4   Section        0  ff.o(i.sync_fs)
    sync_fs                                  0x080059a5   Thumb Code   126  ff.o(i.sync_fs)
    i.sync_window                            0x08005a2c   Section        0  ff.o(i.sync_window)
    sync_window                              0x08005a2d   Thumb Code    82  ff.o(i.sync_window)
    i.validate                               0x08005a7e   Section        0  ff.o(i.validate)
    validate                                 0x08005a7f   Thumb Code    52  ff.o(i.validate)
    .constdata                               0x08005ab4   Section       20  usbh_diskio.o(.constdata)
    .constdata                               0x08005ac8   Section       16  system_stm32f7xx.o(.constdata)
    .constdata                               0x08005ad8   Section      170  ff.o(.constdata)
    ExCvt                                    0x08005ad8   Data         128  ff.o(.constdata)
    LfnOfs                                   0x08005b58   Data          13  ff.o(.constdata)
    cst                                      0x08005b66   Data          14  ff.o(.constdata)
    cst32                                    0x08005b74   Data          14  ff.o(.constdata)
    .constdata                               0x08005b82   Section      942  unicode.o(.constdata)
    Tbl                                      0x08005b82   Data         256  unicode.o(.constdata)
    cvt1                                     0x08005c82   Data         498  unicode.o(.constdata)
    cvt2                                     0x08005e74   Data         188  unicode.o(.constdata)
    .conststring                             0x08005f30   Section        4  usbh_msc.o(.conststring)
    .data                                    0x20000000   Section       32  usbh_msc.o(.data)
    .data                                    0x20000020   Section       44  main.o(.data)
    .data                                    0x2000004c   Section        4  system_stm32f7xx.o(.data)
    .data                                    0x20000050   Section       12  stm32f7xx_hal.o(.data)
    .data                                    0x2000005c   Section       12  ff.o(.data)
    Fsid                                     0x2000005c   Data           2  ff.o(.data)
    FatFs                                    0x20000060   Data           8  ff.o(.data)
    .data                                    0x20000068   Section        4  mvars.o(.data)
    .data                                    0x2000006c   Section        4  mvars.o(.data)
    .bss                                     0x20000070   Section      772  usbh_conf.o(.bss)
    .bss                                     0x20000374   Section     3404  main.o(.bss)
    EraseInitStruct                          0x200010b0   Data          16  main.o(.bss)
    .bss                                     0x200010c0   Section       28  stm32f7xx_hal_flash.o(.bss)
    .bss                                     0x200010dc   Section       16  ff_gen_drv.o(.bss)
    .bss                                     0x200010ec   Section       32  ff.o(.bss)
    Files                                    0x200010ec   Data          32  ff.o(.bss)
    HEAP                                     0x20001110   Section     1024  startup_stm32f746xx.o(HEAP)
    STACK                                    0x20001510   Section     4096  startup_stm32f746xx.o(STACK)

    Global Symbols

    Symbol Name                              Value     Ov Type        Size  Object(Section)

    BuildAttributes$$THM_ISAv4$E$P$D$K$B$S$7EM$VFPi5$EXTD16$VFPS$VFMA$PE$PLD8$A:L22UL41UL21$X:L11$S22US41US21$IEEE1$IW$USESV6$~STKCKD$USESV7$~SHL$OSPACE$EBA8$MICROLIB$REQ8$PRES8$EABIv2 0x00000000   Number         0  anon$$obj.o ABSOLUTE
    __ARM_use_no_argv                        0x00000000   Number         0  main.o ABSOLUTE
    __arm_fini_                               - Undefined Weak Reference
    __cpp_initialize__aeabi_                  - Undefined Weak Reference
    __cxa_finalize                            - Undefined Weak Reference
    __decompress                              - Undefined Weak Reference
    _clock_init                               - Undefined Weak Reference
    _microlib_exit                            - Undefined Weak Reference
    __Vectors_Size                           0x000001c8   Number         0  startup_stm32f746xx.o ABSOLUTE
    __Vectors                                0x08000000   Data           4  startup_stm32f746xx.o(RESET)
    __Vectors_End                            0x080001c8   Data           0  startup_stm32f746xx.o(RESET)
    __main                                   0x080001c9   Thumb Code     0  entry.o(.ARM.Collect$$$$00000000)
    _main_stk                                0x080001c9   Thumb Code     0  entry2.o(.ARM.Collect$$$$00000001)
    _main_scatterload                        0x080001cd   Thumb Code     0  entry5.o(.ARM.Collect$$$$00000004)
    __main_after_scatterload                 0x080001d1   Thumb Code     0  entry5.o(.ARM.Collect$$$$00000004)
    _main_clock                              0x080001d1   Thumb Code     0  entry7b.o(.ARM.Collect$$$$00000008)
    _main_cpp_init                           0x080001d1   Thumb Code     0  entry8b.o(.ARM.Collect$$$$0000000A)
    _main_init                               0x080001d1   Thumb Code     0  entry9a.o(.ARM.Collect$$$$0000000B)
    __rt_lib_shutdown_fini                   0x080001d9   Thumb Code     0  entry12b.o(.ARM.Collect$$$$0000000E)
    __rt_final_cpp                           0x080001dd   Thumb Code     0  entry10a.o(.ARM.Collect$$$$0000000F)
    __rt_final_exit                          0x080001dd   Thumb Code     0  entry11a.o(.ARM.Collect$$$$00000011)
    Reset_Handler                            0x080001e1   Thumb Code     8  startup_stm32f746xx.o(.text)
    ADC_IRQHandler                           0x080001fb   Thumb Code     0  startup_stm32f746xx.o(.text)
    CAN1_RX0_IRQHandler                      0x080001fb   Thumb Code     0  startup_stm32f746xx.o(.text)
    CAN1_RX1_IRQHandler                      0x080001fb   Thumb Code     0  startup_stm32f746xx.o(.text)
    CAN1_SCE_IRQHandler                      0x080001fb   Thumb Code     0  startup_stm32f746xx.o(.text)
    CAN1_TX_IRQHandler                       0x080001fb   Thumb Code     0  startup_stm32f746xx.o(.text)
    CAN2_RX0_IRQHandler                      0x080001fb   Thumb Code     0  startup_stm32f746xx.o(.text)
    CAN2_RX1_IRQHandler                      0x080001fb   Thumb Code     0  startup_stm32f746xx.o(.text)
    CAN2_SCE_IRQHandler                      0x080001fb   Thumb Code     0  startup_stm32f746xx.o(.text)
    CAN2_TX_IRQHandler                       0x080001fb   Thumb Code     0  startup_stm32f746xx.o(.text)
    CEC_IRQHandler                           0x080001fb   Thumb Code     0  startup_stm32f746xx.o(.text)
    DCMI_IRQHandler                          0x080001fb   Thumb Code     0  startup_stm32f746xx.o(.text)
    DMA1_Stream0_IRQHandler                  0x080001fb   Thumb Code     0  startup_stm32f746xx.o(.text)
    DMA1_Stream1_IRQHandler                  0x080001fb   Thumb Code     0  startup_stm32f746xx.o(.text)
    DMA1_Stream2_IRQHandler                  0x080001fb   Thumb Code     0  startup_stm32f746xx.o(.text)
    DMA1_Stream3_IRQHandler                  0x080001fb   Thumb Code     0  startup_stm32f746xx.o(.text)
    DMA1_Stream4_IRQHandler                  0x080001fb   Thumb Code     0  startup_stm32f746xx.o(.text)
    DMA1_Stream5_IRQHandler                  0x080001fb   Thumb Code     0  startup_stm32f746xx.o(.text)
    DMA1_Stream6_IRQHandler                  0x080001fb   Thumb Code     0  startup_stm32f746xx.o(.text)
    DMA1_Stream7_IRQHandler                  0x080001fb   Thumb Code     0  startup_stm32f746xx.o(.text)
    DMA2D_IRQHandler                         0x080001fb   Thumb Code     0  startup_stm32f746xx.o(.text)
    DMA2_Stream0_IRQHandler                  0x080001fb   Thumb Code     0  startup_stm32f746xx.o(.text)
    DMA2_Stream1_IRQHandler                  0x080001fb   Thumb Code     0  startup_stm32f746xx.o(.text)
    DMA2_Stream2_IRQHandler                  0x080001fb   Thumb Code     0  startup_stm32f746xx.o(.text)
    DMA2_Stream3_IRQHandler                  0x080001fb   Thumb Code     0  startup_stm32f746xx.o(.text)
    DMA2_Stream4_IRQHandler                  0x080001fb   Thumb Code     0  startup_stm32f746xx.o(.text)
    DMA2_Stream5_IRQHandler                  0x080001fb   Thumb Code     0  startup_stm32f746xx.o(.text)
    DMA2_Stream6_IRQHandler                  0x080001fb   Thumb Code     0  startup_stm32f746xx.o(.text)
    DMA2_Stream7_IRQHandler                  0x080001fb   Thumb Code     0  startup_stm32f746xx.o(.text)
    ETH_IRQHandler                           0x080001fb   Thumb Code     0  startup_stm32f746xx.o(.text)
    ETH_WKUP_IRQHandler                      0x080001fb   Thumb Code     0  startup_stm32f746xx.o(.text)
    EXTI0_IRQHandler                         0x080001fb   Thumb Code     0  startup_stm32f746xx.o(.text)
    EXTI15_10_IRQHandler                     0x080001fb   Thumb Code     0  startup_stm32f746xx.o(.text)
    EXTI1_IRQHandler                         0x080001fb   Thumb Code     0  startup_stm32f746xx.o(.text)
    EXTI2_IRQHandler                         0x080001fb   Thumb Code     0  startup_stm32f746xx.o(.text)
    EXTI3_IRQHandler                         0x080001fb   Thumb Code     0  startup_stm32f746xx.o(.text)
    EXTI4_IRQHandler                         0x080001fb   Thumb Code     0  startup_stm32f746xx.o(.text)
    EXTI9_5_IRQHandler                       0x080001fb   Thumb Code     0  startup_stm32f746xx.o(.text)
    FLASH_IRQHandler                         0x080001fb   Thumb Code     0  startup_stm32f746xx.o(.text)
    FMC_IRQHandler                           0x080001fb   Thumb Code     0  startup_stm32f746xx.o(.text)
    FPU_IRQHandler                           0x080001fb   Thumb Code     0  startup_stm32f746xx.o(.text)
    I2C1_ER_IRQHandler                       0x080001fb   Thumb Code     0  startup_stm32f746xx.o(.text)
    I2C1_EV_IRQHandler                       0x080001fb   Thumb Code     0  startup_stm32f746xx.o(.text)
    I2C2_ER_IRQHandler                       0x080001fb   Thumb Code     0  startup_stm32f746xx.o(.text)
    I2C2_EV_IRQHandler                       0x080001fb   Thumb Code     0  startup_stm32f746xx.o(.text)
    I2C3_ER_IRQHandler                       0x080001fb   Thumb Code     0  startup_stm32f746xx.o(.text)
    I2C3_EV_IRQHandler                       0x080001fb   Thumb Code     0  startup_stm32f746xx.o(.text)
    I2C4_ER_IRQHandler                       0x080001fb   Thumb Code     0  startup_stm32f746xx.o(.text)
    I2C4_EV_IRQHandler                       0x080001fb   Thumb Code     0  startup_stm32f746xx.o(.text)
    LPTIM1_IRQHandler                        0x080001fb   Thumb Code     0  startup_stm32f746xx.o(.text)
    LTDC_ER_IRQHandler                       0x080001fb   Thumb Code     0  startup_stm32f746xx.o(.text)
    LTDC_IRQHandler                          0x080001fb   Thumb Code     0  startup_stm32f746xx.o(.text)
    OTG_FS_WKUP_IRQHandler                   0x080001fb   Thumb Code     0  startup_stm32f746xx.o(.text)
    OTG_HS_EP1_IN_IRQHandler                 0x080001fb   Thumb Code     0  startup_stm32f746xx.o(.text)
    OTG_HS_EP1_OUT_IRQHandler                0x080001fb   Thumb Code     0  startup_stm32f746xx.o(.text)
    OTG_HS_IRQHandler                        0x080001fb   Thumb Code     0  startup_stm32f746xx.o(.text)
    OTG_HS_WKUP_IRQHandler                   0x080001fb   Thumb Code     0  startup_stm32f746xx.o(.text)
    PVD_IRQHandler                           0x080001fb   Thumb Code     0  startup_stm32f746xx.o(.text)
    QUADSPI_IRQHandler                       0x080001fb   Thumb Code     0  startup_stm32f746xx.o(.text)
    RCC_IRQHandler                           0x080001fb   Thumb Code     0  startup_stm32f746xx.o(.text)
    RNG_IRQHandler                           0x080001fb   Thumb Code     0  startup_stm32f746xx.o(.text)
    RTC_Alarm_IRQHandler                     0x080001fb   Thumb Code     0  startup_stm32f746xx.o(.text)
    RTC_WKUP_IRQHandler                      0x080001fb   Thumb Code     0  startup_stm32f746xx.o(.text)
    SAI1_IRQHandler                          0x080001fb   Thumb Code     0  startup_stm32f746xx.o(.text)
    SAI2_IRQHandler                          0x080001fb   Thumb Code     0  startup_stm32f746xx.o(.text)
    SDMMC1_IRQHandler                        0x080001fb   Thumb Code     0  startup_stm32f746xx.o(.text)
    SPDIF_RX_IRQHandler                      0x080001fb   Thumb Code     0  startup_stm32f746xx.o(.text)
    SPI1_IRQHandler                          0x080001fb   Thumb Code     0  startup_stm32f746xx.o(.text)
    SPI2_IRQHandler                          0x080001fb   Thumb Code     0  startup_stm32f746xx.o(.text)
    SPI3_IRQHandler                          0x080001fb   Thumb Code     0  startup_stm32f746xx.o(.text)
    SPI4_IRQHandler                          0x080001fb   Thumb Code     0  startup_stm32f746xx.o(.text)
    SPI5_IRQHandler                          0x080001fb   Thumb Code     0  startup_stm32f746xx.o(.text)
    SPI6_IRQHandler                          0x080001fb   Thumb Code     0  startup_stm32f746xx.o(.text)
    TAMP_STAMP_IRQHandler                    0x080001fb   Thumb Code     0  startup_stm32f746xx.o(.text)
    TIM1_BRK_TIM9_IRQHandler                 0x080001fb   Thumb Code     0  startup_stm32f746xx.o(.text)
    TIM1_CC_IRQHandler                       0x080001fb   Thumb Code     0  startup_stm32f746xx.o(.text)
    TIM1_TRG_COM_TIM11_IRQHandler            0x080001fb   Thumb Code     0  startup_stm32f746xx.o(.text)
    TIM1_UP_TIM10_IRQHandler                 0x080001fb   Thumb Code     0  startup_stm32f746xx.o(.text)
    TIM2_IRQHandler                          0x080001fb   Thumb Code     0  startup_stm32f746xx.o(.text)
    TIM3_IRQHandler                          0x080001fb   Thumb Code     0  startup_stm32f746xx.o(.text)
    TIM4_IRQHandler                          0x080001fb   Thumb Code     0  startup_stm32f746xx.o(.text)
    TIM5_IRQHandler                          0x080001fb   Thumb Code     0  startup_stm32f746xx.o(.text)
    TIM6_DAC_IRQHandler                      0x080001fb   Thumb Code     0  startup_stm32f746xx.o(.text)
    TIM7_IRQHandler                          0x080001fb   Thumb Code     0  startup_stm32f746xx.o(.text)
    TIM8_BRK_TIM12_IRQHandler                0x080001fb   Thumb Code     0  startup_stm32f746xx.o(.text)
    TIM8_CC_IRQHandler                       0x080001fb   Thumb Code     0  startup_stm32f746xx.o(.text)
    TIM8_TRG_COM_TIM14_IRQHandler            0x080001fb   Thumb Code     0  startup_stm32f746xx.o(.text)
    TIM8_UP_TIM13_IRQHandler                 0x080001fb   Thumb Code     0  startup_stm32f746xx.o(.text)
    UART4_IRQHandler                         0x080001fb   Thumb Code     0  startup_stm32f746xx.o(.text)
    UART5_IRQHandler                         0x080001fb   Thumb Code     0  startup_stm32f746xx.o(.text)
    UART7_IRQHandler                         0x080001fb   Thumb Code     0  startup_stm32f746xx.o(.text)
    UART8_IRQHandler                         0x080001fb   Thumb Code     0  startup_stm32f746xx.o(.text)
    USART1_IRQHandler                        0x080001fb   Thumb Code     0  startup_stm32f746xx.o(.text)
    USART2_IRQHandler                        0x080001fb   Thumb Code     0  startup_stm32f746xx.o(.text)
    USART3_IRQHandler                        0x080001fb   Thumb Code     0  startup_stm32f746xx.o(.text)
    USART6_IRQHandler                        0x080001fb   Thumb Code     0  startup_stm32f746xx.o(.text)
    WWDG_IRQHandler                          0x080001fb   Thumb Code     0  startup_stm32f746xx.o(.text)
    __aeabi_uldivmod                         0x08000205   Thumb Code    98  uldiv.o(.text)
    __aeabi_memcpy                           0x08000267   Thumb Code    36  memcpya.o(.text)
    __aeabi_memcpy4                          0x08000267   Thumb Code     0  memcpya.o(.text)
    __aeabi_memcpy8                          0x08000267   Thumb Code     0  memcpya.o(.text)
    __aeabi_memset                           0x0800028b   Thumb Code    14  memseta.o(.text)
    __aeabi_memset4                          0x0800028b   Thumb Code     0  memseta.o(.text)
    __aeabi_memset8                          0x0800028b   Thumb Code     0  memseta.o(.text)
    __aeabi_memclr                           0x08000299   Thumb Code     4  memseta.o(.text)
    __aeabi_memclr4                          0x08000299   Thumb Code     0  memseta.o(.text)
    __aeabi_memclr8                          0x08000299   Thumb Code     0  memseta.o(.text)
    _memset$wrapper                          0x0800029d   Thumb Code    18  memseta.o(.text)
    __aeabi_llsl                             0x080002af   Thumb Code    30  llshl.o(.text)
    _ll_shift_l                              0x080002af   Thumb Code     0  llshl.o(.text)
    __aeabi_llsr                             0x080002cd   Thumb Code    32  llushr.o(.text)
    _ll_ushift_r                             0x080002cd   Thumb Code     0  llushr.o(.text)
    __scatterload                            0x080002ed   Thumb Code    28  init.o(.text)
    __scatterload_rt2                        0x080002ed   Thumb Code     0  init.o(.text)
    BusFault_Handler                         0x08000311   Thumb Code     2  stm32f7xx_it.o(i.BusFault_Handler)
    DebugMon_Handler                         0x08000415   Thumb Code     2  stm32f7xx_it.o(i.DebugMon_Handler)
    FATFS_LinkDriver                         0x08000417   Thumb Code     6  ff_gen_drv.o(i.FATFS_LinkDriver)
    FATFS_LinkDriverEx                       0x0800041d   Thumb Code    60  ff_gen_drv.o(i.FATFS_LinkDriverEx)
    FATFS_UnLinkDriver                       0x0800045d   Thumb Code     6  ff_gen_drv.o(i.FATFS_UnLinkDriver)
    FATFS_UnLinkDriverEx                     0x08000465   Thumb Code    46  ff_gen_drv.o(i.FATFS_UnLinkDriverEx)
    FLASH_Erase_Sector                       0x08000499   Thumb Code    80  stm32f7xx_hal_flash_ex.o(i.FLASH_Erase_Sector)
    FLASH_WaitForLastOperation               0x08000615   Thumb Code    76  stm32f7xx_hal_flash.o(i.FLASH_WaitForLastOperation)
    HAL_DeInit                               0x080006e5   Thumb Code    48  stm32f7xx_hal.o(i.HAL_DeInit)
    HAL_Delay                                0x08000719   Thumb Code    32  stm32f7xx_hal.o(i.HAL_Delay)
    HAL_FLASHEx_Erase                        0x0800073d   Thumb Code   130  stm32f7xx_hal_flash_ex.o(i.HAL_FLASHEx_Erase)
    HAL_FLASH_Lock                           0x080007c9   Thumb Code    14  stm32f7xx_hal_flash.o(i.HAL_FLASH_Lock)
    HAL_FLASH_Program                        0x080007dd   Thumb Code   122  stm32f7xx_hal_flash.o(i.HAL_FLASH_Program)
    HAL_FLASH_Unlock                         0x08000861   Thumb Code    34  stm32f7xx_hal_flash.o(i.HAL_FLASH_Unlock)
    HAL_GPIO_Init                            0x08000891   Thumb Code   530  stm32f7xx_hal_gpio.o(i.HAL_GPIO_Init)
    HAL_GPIO_WritePin                        0x08000ad9   Thumb Code    10  stm32f7xx_hal_gpio.o(i.HAL_GPIO_WritePin)
    HAL_GetTick                              0x08000ae5   Thumb Code     6  stm32f7xx_hal.o(i.HAL_GetTick)
    HAL_HCD_Connect_Callback                 0x08000af1   Thumb Code     8  usbh_conf.o(i.HAL_HCD_Connect_Callback)
    HAL_HCD_Disconnect_Callback              0x08000af9   Thumb Code     8  usbh_conf.o(i.HAL_HCD_Disconnect_Callback)
    HAL_HCD_GetCurrentFrame                  0x08000b01   Thumb Code     6  stm32f7xx_hal_hcd.o(i.HAL_HCD_GetCurrentFrame)
    HAL_HCD_GetCurrentSpeed                  0x08000b07   Thumb Code     6  stm32f7xx_hal_hcd.o(i.HAL_HCD_GetCurrentSpeed)
    HAL_HCD_HC_GetURBState                   0x08000b0d   Thumb Code    18  stm32f7xx_hal_hcd.o(i.HAL_HCD_HC_GetURBState)
    HAL_HCD_HC_GetXferCount                  0x08000b1f   Thumb Code    16  stm32f7xx_hal_hcd.o(i.HAL_HCD_HC_GetXferCount)
    HAL_HCD_HC_Halt                          0x08000b2f   Thumb Code    36  stm32f7xx_hal_hcd.o(i.HAL_HCD_HC_Halt)
    HAL_HCD_HC_Init                          0x08000b53   Thumb Code   122  stm32f7xx_hal_hcd.o(i.HAL_HCD_HC_Init)
    HAL_HCD_HC_NotifyURBChange_Callback      0x08000bcd   Thumb Code     2  usbh_conf.o(i.HAL_HCD_HC_NotifyURBChange_Callback)
    HAL_HCD_HC_SubmitRequest                 0x08000bd1   Thumb Code   160  stm32f7xx_hal_hcd.o(i.HAL_HCD_HC_SubmitRequest)
    HAL_HCD_IRQHandler                       0x08000c71   Thumb Code   314  stm32f7xx_hal_hcd.o(i.HAL_HCD_IRQHandler)
    HAL_HCD_Init                             0x08000dab   Thumb Code   114  stm32f7xx_hal_hcd.o(i.HAL_HCD_Init)
    HAL_HCD_MspInit                          0x08000e1d   Thumb Code   154  usbh_conf.o(i.HAL_HCD_MspInit)
    HAL_HCD_PortDisabled_Callback            0x08000ec5   Thumb Code     8  usbh_conf.o(i.HAL_HCD_PortDisabled_Callback)
    HAL_HCD_PortEnabled_Callback             0x08000ecd   Thumb Code     8  usbh_conf.o(i.HAL_HCD_PortEnabled_Callback)
    HAL_HCD_ResetPort                        0x08000ed5   Thumb Code     6  stm32f7xx_hal_hcd.o(i.HAL_HCD_ResetPort)
    HAL_HCD_SOF_Callback                     0x08000edb   Thumb Code     8  usbh_conf.o(i.HAL_HCD_SOF_Callback)
    HAL_HCD_Start                            0x08000ee3   Thumb Code    44  stm32f7xx_hal_hcd.o(i.HAL_HCD_Start)
    HAL_HCD_Stop                             0x08000f0f   Thumb Code    36  stm32f7xx_hal_hcd.o(i.HAL_HCD_Stop)
    HAL_IncTick                              0x08000f35   Thumb Code    12  stm32f7xx_hal.o(i.HAL_IncTick)
    HAL_Init                                 0x08000f45   Thumb Code    40  stm32f7xx_hal.o(i.HAL_Init)
    HAL_InitTick                             0x08000f71   Thumb Code    54  stm32f7xx_hal.o(i.HAL_InitTick)
    HAL_MPU_ConfigRegion                     0x08000fb1   Thumb Code    86  stm32f7xx_hal_cortex.o(i.HAL_MPU_ConfigRegion)
    HAL_MPU_Disable                          0x0800100d   Thumb Code    24  stm32f7xx_hal_cortex.o(i.HAL_MPU_Disable)
    HAL_MPU_Enable                           0x08001029   Thumb Code    30  stm32f7xx_hal_cortex.o(i.HAL_MPU_Enable)
    HAL_MspDeInit                            0x0800104d   Thumb Code     2  stm32f7xx_hal.o(i.HAL_MspDeInit)
    HAL_MspInit                              0x0800104f   Thumb Code     2  stm32f7xx_hal.o(i.HAL_MspInit)
    HAL_NVIC_EnableIRQ                       0x08001051   Thumb Code    26  stm32f7xx_hal_cortex.o(i.HAL_NVIC_EnableIRQ)
    HAL_NVIC_SetPriority                     0x0800106d   Thumb Code    60  stm32f7xx_hal_cortex.o(i.HAL_NVIC_SetPriority)
    HAL_NVIC_SetPriorityGrouping             0x080010ad   Thumb Code    28  stm32f7xx_hal_cortex.o(i.HAL_NVIC_SetPriorityGrouping)
    HAL_PWR_EnableBkUpAccess                 0x080010d1   Thumb Code    12  stm32f7xx_hal_pwr.o(i.HAL_PWR_EnableBkUpAccess)
    HAL_RCC_ClockConfig                      0x080010e1   Thumb Code   284  stm32f7xx_hal_rcc.o(i.HAL_RCC_ClockConfig)
    HAL_RCC_DeInit                           0x08001211   Thumb Code   306  stm32f7xx_hal_rcc.o(i.HAL_RCC_DeInit)
    HAL_RCC_GetSysClockFreq                  0x08001359   Thumb Code    88  stm32f7xx_hal_rcc.o(i.HAL_RCC_GetSysClockFreq)
    HAL_RCC_OscConfig                        0x080013b9   Thumb Code   888  stm32f7xx_hal_rcc.o(i.HAL_RCC_OscConfig)
    HAL_SYSTICK_Config                       0x0800173d   Thumb Code    38  stm32f7xx_hal_cortex.o(i.HAL_SYSTICK_Config)
    HardFault_Handler                        0x08001dc1   Thumb Code     2  stm32f7xx_it.o(i.HardFault_Handler)
    MemManage_Handler                        0x08001e05   Thumb Code     2  stm32f7xx_it.o(i.MemManage_Handler)
    NMI_Handler                              0x08001e07   Thumb Code     2  stm32f7xx_it.o(i.NMI_Handler)
    OTG_FS_IRQHandler                        0x08001e09   Thumb Code     6  stm32f7xx_it.o(i.OTG_FS_IRQHandler)
    PendSV_Handler                           0x08001e15   Thumb Code     2  stm32f7xx_it.o(i.PendSV_Handler)
    SVC_Handler                              0x08001e17   Thumb Code     2  stm32f7xx_it.o(i.SVC_Handler)
    SysTick_Handler                          0x08001e19   Thumb Code     4  stm32f7xx_it.o(i.SysTick_Handler)
    SystemInit                               0x08001eb5   Thumb Code    68  system_stm32f7xx.o(i.SystemInit)
    USBH_AllocPipe                           0x08001f09   Thumb Code    56  usbh_pipes.o(i.USBH_AllocPipe)
    USBH_BulkReceiveData                     0x08001f41   Thumb Code    32  usbh_ioreq.o(i.USBH_BulkReceiveData)
    USBH_BulkSendData                        0x08001f61   Thumb Code    40  usbh_ioreq.o(i.USBH_BulkSendData)
    USBH_ClosePipe                           0x08001f89   Thumb Code    10  usbh_pipes.o(i.USBH_ClosePipe)
    USBH_ClrFeature                          0x08001f93   Thumb Code    34  usbh_ctlreq.o(i.USBH_ClrFeature)
    USBH_CtlReceiveData                      0x08001fb5   Thumb Code    30  usbh_ioreq.o(i.USBH_CtlReceiveData)
    USBH_CtlReq                              0x08001fd3   Thumb Code    58  usbh_ctlreq.o(i.USBH_CtlReq)
    USBH_CtlSendData                         0x0800200d   Thumb Code    40  usbh_ioreq.o(i.USBH_CtlSendData)
    USBH_CtlSendSetup                        0x08002035   Thumb Code    30  usbh_ioreq.o(i.USBH_CtlSendSetup)
    USBH_Delay                               0x08002053   Thumb Code     4  usbh_conf.o(i.USBH_Delay)
    USBH_FindInterface                       0x08002057   Thumb Code    64  usbh_core.o(i.USBH_FindInterface)
    USBH_FreePipe                            0x08002097   Thumb Code    24  usbh_pipes.o(i.USBH_FreePipe)
    USBH_GetDescriptor                       0x080020af   Thumb Code    52  usbh_ctlreq.o(i.USBH_GetDescriptor)
    USBH_GetNextDesc                         0x080020e3   Thumb Code    14  usbh_ctlreq.o(i.USBH_GetNextDesc)
    USBH_Get_CfgDesc                         0x080020f1   Thumb Code    52  usbh_ctlreq.o(i.USBH_Get_CfgDesc)
    USBH_Get_DevDesc                         0x08002125   Thumb Code    54  usbh_ctlreq.o(i.USBH_Get_DevDesc)
    USBH_Get_StringDesc                      0x0800215b   Thumb Code    84  usbh_ctlreq.o(i.USBH_Get_StringDesc)
    USBH_Init                                0x080024b7   Thumb Code    62  usbh_core.o(i.USBH_Init)
    USBH_LL_ClosePipe                        0x080024f5   Thumb Code    14  usbh_conf.o(i.USBH_LL_ClosePipe)
    USBH_LL_Connect                          0x08002503   Thumb Code    20  usbh_core.o(i.USBH_LL_Connect)
    USBH_LL_Disconnect                       0x08002517   Thumb Code    46  usbh_core.o(i.USBH_LL_Disconnect)
    USBH_LL_DriverVBUS                       0x08002545   Thumb Code    28  usbh_conf.o(i.USBH_LL_DriverVBUS)
    USBH_LL_GetLastXferSize                  0x08002565   Thumb Code     8  usbh_conf.o(i.USBH_LL_GetLastXferSize)
    USBH_LL_GetSpeed                         0x0800256d   Thumb Code    34  usbh_conf.o(i.USBH_LL_GetSpeed)
    USBH_LL_GetToggle                        0x08002591   Thumb Code    32  usbh_conf.o(i.USBH_LL_GetToggle)
    USBH_LL_GetURBState                      0x080025b5   Thumb Code     8  usbh_conf.o(i.USBH_LL_GetURBState)
    USBH_LL_IncTimer                         0x080025bd   Thumb Code    30  usbh_core.o(i.USBH_LL_IncTimer)
    USBH_LL_Init                             0x080025dd   Thumb Code    66  usbh_conf.o(i.USBH_LL_Init)
    USBH_LL_OpenPipe                         0x08002625   Thumb Code    24  usbh_conf.o(i.USBH_LL_OpenPipe)
    USBH_LL_PortDisabled                     0x0800263d   Thumb Code     8  usbh_core.o(i.USBH_LL_PortDisabled)
    USBH_LL_PortEnabled                      0x08002645   Thumb Code     8  usbh_core.o(i.USBH_LL_PortEnabled)
    USBH_LL_ResetPort                        0x0800264d   Thumb Code    14  usbh_conf.o(i.USBH_LL_ResetPort)
    USBH_LL_SetTimer                         0x0800265b   Thumb Code     6  usbh_core.o(i.USBH_LL_SetTimer)
    USBH_LL_SetToggle                        0x08002661   Thumb Code    34  usbh_conf.o(i.USBH_LL_SetToggle)
    USBH_LL_Start                            0x08002689   Thumb Code    14  usbh_conf.o(i.USBH_LL_Start)
    USBH_LL_Stop                             0x08002697   Thumb Code    14  usbh_conf.o(i.USBH_LL_Stop)
    USBH_LL_SubmitURB                        0x080026a5   Thumb Code    32  usbh_conf.o(i.USBH_LL_SubmitURB)
    USBH_MSC_BOT_Init                        0x080026e5   Thumb Code    28  usbh_msc_bot.o(i.USBH_MSC_BOT_Init)
    USBH_MSC_BOT_Process                     0x08002709   Thumb Code   472  usbh_msc_bot.o(i.USBH_MSC_BOT_Process)
    USBH_MSC_BOT_REQ_GetMaxLUN               0x080028e5   Thumb Code    28  usbh_msc_bot.o(i.USBH_MSC_BOT_REQ_GetMaxLUN)
    USBH_MSC_BOT_REQ_Reset                   0x08002901   Thumb Code    22  usbh_msc_bot.o(i.USBH_MSC_BOT_REQ_Reset)
    USBH_MSC_GetLUNInfo                      0x0800298f   Thumb Code    52  usbh_msc.o(i.USBH_MSC_GetLUNInfo)
    USBH_MSC_Read                            0x08002e41   Thumb Code   118  usbh_msc.o(i.USBH_MSC_Read)
    USBH_MSC_SCSI_Inquiry                    0x08002eb7   Thumb Code   212  usbh_msc_scsi.o(i.USBH_MSC_SCSI_Inquiry)
    USBH_MSC_SCSI_Read                       0x08002f8b   Thumb Code   148  usbh_msc_scsi.o(i.USBH_MSC_SCSI_Read)
    USBH_MSC_SCSI_ReadCapacity               0x0800301f   Thumb Code   122  usbh_msc_scsi.o(i.USBH_MSC_SCSI_ReadCapacity)
    USBH_MSC_SCSI_RequestSense               0x08003099   Thumb Code   156  usbh_msc_scsi.o(i.USBH_MSC_SCSI_RequestSense)
    USBH_MSC_SCSI_TestUnitReady              0x08003135   Thumb Code    78  usbh_msc_scsi.o(i.USBH_MSC_SCSI_TestUnitReady)
    USBH_MSC_SCSI_Write                      0x08003183   Thumb Code   148  usbh_msc_scsi.o(i.USBH_MSC_SCSI_Write)
    USBH_MSC_UnitIsReady                     0x0800321b   Thumb Code    42  usbh_msc.o(i.USBH_MSC_UnitIsReady)
    USBH_MSC_Write                           0x08003245   Thumb Code   118  usbh_msc.o(i.USBH_MSC_Write)
    USBH_OpenPipe                            0x080032bb   Thumb Code    20  usbh_pipes.o(i.USBH_OpenPipe)
    USBH_Process                             0x0800354f   Thumb Code   564  usbh_core.o(i.USBH_Process)
    USBH_RegisterClass                       0x08003783   Thumb Code    30  usbh_core.o(i.USBH_RegisterClass)
    USBH_SelectInterface                     0x080037a1   Thumb Code    22  usbh_core.o(i.USBH_SelectInterface)
    USBH_SetAddress                          0x080037b7   Thumb Code    28  usbh_ctlreq.o(i.USBH_SetAddress)
    USBH_SetCfg                              0x080037d3   Thumb Code    28  usbh_ctlreq.o(i.USBH_SetCfg)
    USBH_SetFeature                          0x080037ef   Thumb Code    28  usbh_ctlreq.o(i.USBH_SetFeature)
    USBH_Start                               0x0800380b   Thumb Code    20  usbh_core.o(i.USBH_Start)
    USBH_initialize                          0x08003855   Thumb Code     4  usbh_diskio.o(i.USBH_initialize)
    USBH_ioctl                               0x08003859   Thumb Code   102  usbh_diskio.o(i.USBH_ioctl)
    USBH_read                                0x080038c5   Thumb Code    62  usbh_diskio.o(i.USBH_read)
    USBH_status                              0x08003909   Thumb Code    20  usbh_diskio.o(i.USBH_status)
    USBH_write                               0x08003921   Thumb Code    70  usbh_diskio.o(i.USBH_write)
    USB_CoreInit                             0x0800396d   Thumb Code   104  stm32f7xx_ll_usb.o(i.USB_CoreInit)
    USB_DisableGlobalInt                     0x08003a19   Thumb Code    12  stm32f7xx_ll_usb.o(i.USB_DisableGlobalInt)
    USB_DoPing                               0x08003a25   Thumb Code    30  stm32f7xx_ll_usb.o(i.USB_DoPing)
    USB_DriveVbus                            0x08003a49   Thumb Code    44  stm32f7xx_ll_usb.o(i.USB_DriveVbus)
    USB_EnableGlobalInt                      0x08003a75   Thumb Code    12  stm32f7xx_ll_usb.o(i.USB_EnableGlobalInt)
    USB_FlushRxFifo                          0x08003a81   Thumb Code    54  stm32f7xx_ll_usb.o(i.USB_FlushRxFifo)
    USB_FlushTxFifo                          0x08003abd   Thumb Code    58  stm32f7xx_ll_usb.o(i.USB_FlushTxFifo)
    USB_GetCurrentFrame                      0x08003afd   Thumb Code     8  stm32f7xx_ll_usb.o(i.USB_GetCurrentFrame)
    USB_GetHostSpeed                         0x08003b05   Thumb Code    14  stm32f7xx_ll_usb.o(i.USB_GetHostSpeed)
    USB_GetMode                              0x08003b13   Thumb Code     8  stm32f7xx_ll_usb.o(i.USB_GetMode)
    USB_HC_Halt                              0x08003b1b   Thumb Code   198  stm32f7xx_ll_usb.o(i.USB_HC_Halt)
    USB_HC_Init                              0x08003be1   Thumb Code   274  stm32f7xx_ll_usb.o(i.USB_HC_Init)
    USB_HC_ReadInterrupt                     0x08003cf3   Thumb Code     8  stm32f7xx_ll_usb.o(i.USB_HC_ReadInterrupt)
    USB_HC_StartXfer                         0x08003cfb   Thumb Code   320  stm32f7xx_ll_usb.o(i.USB_HC_StartXfer)
    USB_HostInit                             0x08003e3d   Thumb Code   172  stm32f7xx_ll_usb.o(i.USB_HostInit)
    USB_InitFSLSPClkSel                      0x08003efd   Thumb Code    56  stm32f7xx_ll_usb.o(i.USB_InitFSLSPClkSel)
    USB_ReadChInterrupts                     0x08003f35   Thumb Code    16  stm32f7xx_ll_usb.o(i.USB_ReadChInterrupts)
    USB_ReadInterrupts                       0x08003f45   Thumb Code     8  stm32f7xx_ll_usb.o(i.USB_ReadInterrupts)
    USB_ReadPacket                           0x08003f4d   Thumb Code    64  stm32f7xx_ll_usb.o(i.USB_ReadPacket)
    USB_ResetPort                            0x08003f8d   Thumb Code    50  stm32f7xx_ll_usb.o(i.USB_ResetPort)
    USB_SetCurrentMode                       0x08003fbf   Thumb Code    94  stm32f7xx_ll_usb.o(i.USB_SetCurrentMode)
    USB_StopHost                             0x0800401d   Thumb Code   142  stm32f7xx_ll_usb.o(i.USB_StopHost)
    USB_WritePacket                          0x080040ad   Thumb Code    40  stm32f7xx_ll_usb.o(i.USB_WritePacket)
    UsageFault_Handler                       0x080040d5   Thumb Code     2  stm32f7xx_it.o(i.UsageFault_Handler)
    __scatterload_copy                       0x080040f9   Thumb Code    14  handlers.o(i.__scatterload_copy)
    __scatterload_null                       0x08004107   Thumb Code     2  handlers.o(i.__scatterload_null)
    __scatterload_zeroinit                   0x08004109   Thumb Code    14  handlers.o(i.__scatterload_zeroinit)
    disk_initialize                          0x080049e1   Thumb Code    34  diskio.o(i.disk_initialize)
    disk_ioctl                               0x08004a09   Thumb Code    20  diskio.o(i.disk_ioctl)
    disk_read                                0x08004a21   Thumb Code    22  diskio.o(i.disk_read)
    disk_status                              0x08004a3d   Thumb Code    16  diskio.o(i.disk_status)
    disk_write                               0x08004a51   Thumb Code    22  diskio.o(i.disk_write)
    f_close                                  0x08004a6d   Thumb Code    40  ff.o(i.f_close)
    f_mount                                  0x08004a95   Thumb Code    84  ff.o(i.f_mount)
    f_open                                   0x08004aed   Thumb Code   576  ff.o(i.f_open)
    f_read                                   0x08004d31   Thumb Code   340  ff.o(i.f_read)
    f_sync                                   0x08004e85   Thumb Code   142  ff.o(i.f_sync)
    ff_convert                               0x08004f15   Thumb Code    54  unicode.o(i.ff_convert)
    ff_memalloc                              0x08004f51   Thumb Code     4  syscall.o(i.ff_memalloc)
    ff_memfree                               0x08004f55   Thumb Code     4  syscall.o(i.ff_memfree)
    ff_wtoupper                              0x08004f59   Thumb Code   120  unicode.o(i.ff_wtoupper)
    free                                     0x080052a5   Thumb Code    76  malloc.o(i.free)
    get_fattime                              0x08005433   Thumb Code     4  diskio.o(i.get_fattime)
    main                                     0x08005635   Thumb Code   202  main.o(i.main)
    malloc                                   0x08005725   Thumb Code    92  malloc.o(i.malloc)
    USBH_Driver                              0x08005ab4   Data          20  usbh_diskio.o(.constdata)
    AHBPrescTable                            0x08005ac8   Data          16  system_stm32f7xx.o(.constdata)
    Region$$Table$$Base                      0x08005f34   Number         0  anon$$obj.o(Region$$Table)
    Region$$Table$$Limit                     0x08005f54   Number         0  anon$$obj.o(Region$$Table)
    USBH_msc                                 0x20000000   Data          32  usbh_msc.o(.data)
    AppliState                               0x20000020   Data           1  main.o(.data)
    statusEasyFlash                          0x20000021   Data           1  main.o(.data)
    statusUnlockFlash                        0x20000022   Data           1  main.o(.data)
    FirstSector                              0x20000024   Data           4  main.o(.data)
    NbOfSectors                              0x20000028   Data           4  main.o(.data)
    Address                                  0x2000002c   Data           4  main.o(.data)
    SECTORError                              0x20000030   Data           4  main.o(.data)
    USBDISKPath                              0x20000034   Data           4  main.o(.data)
    bytesRead                                0x20000038   Data           4  main.o(.data)
    flashAddress                             0x2000003c   Data           4  main.o(.data)
    fireware_size                            0x20000040   Data           4  main.o(.data)
    time_init                                0x20000044   Data           4  main.o(.data)
    init_bootload                            0x20000048   Data           4  main.o(.data)
    SystemCoreClock                          0x2000004c   Data           4  system_stm32f7xx.o(.data)
    uwTickFreq                               0x20000050   Data           1  stm32f7xx_hal.o(.data)
    uwTickPrio                               0x20000054   Data           4  stm32f7xx_hal.o(.data)
    uwTick                                   0x20000058   Data           4  stm32f7xx_hal.o(.data)
    __microlib_freelist                      0x20000068   Data           4  mvars.o(.data)
    __microlib_freelist_initialised          0x2000006c   Data           4  mvars.o(.data)
    hhcd                                     0x20000070   Data         772  usbh_conf.o(.bss)
    USBDISKFatFs                             0x20000374   Data         564  main.o(.bss)
    MyFile                                   0x200005a8   Data         560  main.o(.bss)
    hUSBHost                                 0x200007d8   Data        1240  main.o(.bss)
    buffer                                   0x20000cb0   Data        1024  main.o(.bss)
    pFlash                                   0x200010c0   Data          28  stm32f7xx_hal_flash.o(.bss)
    disk                                     0x200010dc   Data          16  ff_gen_drv.o(.bss)
    __heap_base                              0x20001110   Data           0  startup_stm32f746xx.o(HEAP)
    __heap_limit                             0x20001510   Data           0  startup_stm32f746xx.o(HEAP)
    __initial_sp                             0x20002510   Data           0  startup_stm32f746xx.o(STACK)



==============================================================================

Memory Map of the image

  Image Entry point : 0x080001c9

  Load Region LR_IROM1 (Base: 0x08000000, Size: 0x00005fc4, Max: 0x00008000, ABSOLUTE)

    Execution Region ER_IROM1 (Exec base: 0x08000000, Load base: 0x08000000, Size: 0x00005f54, Max: 0x00008000, ABSOLUTE)

    Exec Addr    Load Addr    Size         Type   Attr      Idx    E Section Name        Object

    0x08000000   0x08000000   0x000001c8   Data   RO          783    RESET               startup_stm32f746xx.o
    0x080001c8   0x080001c8   0x00000000   Code   RO         3800  * .ARM.Collect$$$$00000000  mc_w.l(entry.o)
    0x080001c8   0x080001c8   0x00000004   Code   RO         3839    .ARM.Collect$$$$00000001  mc_w.l(entry2.o)
    0x080001cc   0x080001cc   0x00000004   Code   RO         3842    .ARM.Collect$$$$00000004  mc_w.l(entry5.o)
    0x080001d0   0x080001d0   0x00000000   Code   RO         3844    .ARM.Collect$$$$00000008  mc_w.l(entry7b.o)
    0x080001d0   0x080001d0   0x00000000   Code   RO         3846    .ARM.Collect$$$$0000000A  mc_w.l(entry8b.o)
    0x080001d0   0x080001d0   0x00000008   Code   RO         3847    .ARM.Collect$$$$0000000B  mc_w.l(entry9a.o)
    0x080001d8   0x080001d8   0x00000004   Code   RO         3854    .ARM.Collect$$$$0000000E  mc_w.l(entry12b.o)
    0x080001dc   0x080001dc   0x00000000   Code   RO         3849    .ARM.Collect$$$$0000000F  mc_w.l(entry10a.o)
    0x080001dc   0x080001dc   0x00000000   Code   RO         3851    .ARM.Collect$$$$00000011  mc_w.l(entry11a.o)
    0x080001dc   0x080001dc   0x00000004   Code   RO         3840    .ARM.Collect$$$$00002712  mc_w.l(entry2.o)
    0x080001e0   0x080001e0   0x00000024   Code   RO          784    .text               startup_stm32f746xx.o
    0x08000204   0x08000204   0x00000062   Code   RO         3803    .text               mc_w.l(uldiv.o)
    0x08000266   0x08000266   0x00000024   Code   RO         3805    .text               mc_w.l(memcpya.o)
    0x0800028a   0x0800028a   0x00000024   Code   RO         3807    .text               mc_w.l(memseta.o)
    0x080002ae   0x080002ae   0x0000001e   Code   RO         3855    .text               mc_w.l(llshl.o)
    0x080002cc   0x080002cc   0x00000020   Code   RO         3857    .text               mc_w.l(llushr.o)
    0x080002ec   0x080002ec   0x00000024   Code   RO         3861    .text               mc_w.l(init.o)
    0x08000310   0x08000310   0x00000002   Code   RO          337    i.BusFault_Handler  stm32f7xx_it.o
    0x08000312   0x08000312   0x00000002   PAD
    0x08000314   0x08000314   0x00000088   Code   RO          600    i.CPU_CACHE_Enable  main.o
    0x0800039c   0x0800039c   0x00000078   Code   RO         3397    i.DeInitStateMachine  usbh_core.o
    0x08000414   0x08000414   0x00000002   Code   RO          338    i.DebugMon_Handler  stm32f7xx_it.o
    0x08000416   0x08000416   0x00000006   Code   RO         2994    i.FATFS_LinkDriver  ff_gen_drv.o
    0x0800041c   0x0800041c   0x00000040   Code   RO         2995    i.FATFS_LinkDriverEx  ff_gen_drv.o
    0x0800045c   0x0800045c   0x00000006   Code   RO         2996    i.FATFS_UnLinkDriver  ff_gen_drv.o
    0x08000462   0x08000462   0x00000002   PAD
    0x08000464   0x08000464   0x00000034   Code   RO         2997    i.FATFS_UnLinkDriverEx  ff_gen_drv.o
    0x08000498   0x08000498   0x00000054   Code   RO         2932    i.FLASH_Erase_Sector  stm32f7xx_hal_flash_ex.o
    0x080004ec   0x080004ec   0x0000002c   Code   RO         2933    i.FLASH_MassErase   stm32f7xx_hal_flash_ex.o
    0x08000518   0x08000518   0x00000024   Code   RO         2814    i.FLASH_Program_Byte  stm32f7xx_hal_flash.o
    0x0800053c   0x0800053c   0x00000030   Code   RO         2815    i.FLASH_Program_DoubleWord  stm32f7xx_hal_flash.o
    0x0800056c   0x0800056c   0x00000028   Code   RO         2816    i.FLASH_Program_HalfWord  stm32f7xx_hal_flash.o
    0x08000594   0x08000594   0x00000028   Code   RO         2817    i.FLASH_Program_Word  stm32f7xx_hal_flash.o
    0x080005bc   0x080005bc   0x00000058   Code   RO         2818    i.FLASH_SetErrorCode  stm32f7xx_hal_flash.o
    0x08000614   0x08000614   0x00000054   Code   RO         2819    i.FLASH_WaitForLastOperation  stm32f7xx_hal_flash.o
    0x08000668   0x08000668   0x0000007c   Code   RO          601    i.GetSector         main.o
    0x080006e4   0x080006e4   0x00000034   Code   RO         1038    i.HAL_DeInit        stm32f7xx_hal.o
    0x08000718   0x08000718   0x00000024   Code   RO         1039    i.HAL_Delay         stm32f7xx_hal.o
    0x0800073c   0x0800073c   0x0000008c   Code   RO         2936    i.HAL_FLASHEx_Erase  stm32f7xx_hal_flash_ex.o
    0x080007c8   0x080007c8   0x00000014   Code   RO         2823    i.HAL_FLASH_Lock    stm32f7xx_hal_flash.o
    0x080007dc   0x080007dc   0x00000084   Code   RO         2828    i.HAL_FLASH_Program  stm32f7xx_hal_flash.o
    0x08000860   0x08000860   0x00000030   Code   RO         2830    i.HAL_FLASH_Unlock  stm32f7xx_hal_flash.o
    0x08000890   0x08000890   0x00000248   Code   RO         1866    i.HAL_GPIO_Init     stm32f7xx_hal_gpio.o
    0x08000ad8   0x08000ad8   0x0000000a   Code   RO         1870    i.HAL_GPIO_WritePin  stm32f7xx_hal_gpio.o
    0x08000ae2   0x08000ae2   0x00000002   PAD
    0x08000ae4   0x08000ae4   0x0000000c   Code   RO         1047    i.HAL_GetTick       stm32f7xx_hal.o
    0x08000af0   0x08000af0   0x00000008   Code   RO          441    i.HAL_HCD_Connect_Callback  usbh_conf.o
    0x08000af8   0x08000af8   0x00000008   Code   RO          442    i.HAL_HCD_Disconnect_Callback  usbh_conf.o
    0x08000b00   0x08000b00   0x00000006   Code   RO         2123    i.HAL_HCD_GetCurrentFrame  stm32f7xx_hal_hcd.o
    0x08000b06   0x08000b06   0x00000006   Code   RO         2124    i.HAL_HCD_GetCurrentSpeed  stm32f7xx_hal_hcd.o
    0x08000b0c   0x08000b0c   0x00000012   Code   RO         2127    i.HAL_HCD_HC_GetURBState  stm32f7xx_hal_hcd.o
    0x08000b1e   0x08000b1e   0x00000010   Code   RO         2128    i.HAL_HCD_HC_GetXferCount  stm32f7xx_hal_hcd.o
    0x08000b2e   0x08000b2e   0x00000024   Code   RO         2129    i.HAL_HCD_HC_Halt   stm32f7xx_hal_hcd.o
    0x08000b52   0x08000b52   0x0000007a   Code   RO         2130    i.HAL_HCD_HC_Init   stm32f7xx_hal_hcd.o
    0x08000bcc   0x08000bcc   0x00000002   Code   RO          443    i.HAL_HCD_HC_NotifyURBChange_Callback  usbh_conf.o
    0x08000bce   0x08000bce   0x00000002   PAD
    0x08000bd0   0x08000bd0   0x000000a0   Code   RO         2132    i.HAL_HCD_HC_SubmitRequest  stm32f7xx_hal_hcd.o
    0x08000c70   0x08000c70   0x0000013a   Code   RO         2133    i.HAL_HCD_IRQHandler  stm32f7xx_hal_hcd.o
    0x08000daa   0x08000daa   0x00000072   Code   RO         2134    i.HAL_HCD_Init      stm32f7xx_hal_hcd.o
    0x08000e1c   0x08000e1c   0x000000a8   Code   RO          445    i.HAL_HCD_MspInit   usbh_conf.o
    0x08000ec4   0x08000ec4   0x00000008   Code   RO          446    i.HAL_HCD_PortDisabled_Callback  usbh_conf.o
    0x08000ecc   0x08000ecc   0x00000008   Code   RO          447    i.HAL_HCD_PortEnabled_Callback  usbh_conf.o
    0x08000ed4   0x08000ed4   0x00000006   Code   RO         2139    i.HAL_HCD_ResetPort  stm32f7xx_hal_hcd.o
    0x08000eda   0x08000eda   0x00000008   Code   RO          448    i.HAL_HCD_SOF_Callback  usbh_conf.o
    0x08000ee2   0x08000ee2   0x0000002c   Code   RO         2141    i.HAL_HCD_Start     stm32f7xx_hal_hcd.o
    0x08000f0e   0x08000f0e   0x00000024   Code   RO         2142    i.HAL_HCD_Stop      stm32f7xx_hal_hcd.o
    0x08000f32   0x08000f32   0x00000002   PAD
    0x08000f34   0x08000f34   0x00000010   Code   RO         1053    i.HAL_IncTick       stm32f7xx_hal.o
    0x08000f44   0x08000f44   0x0000002c   Code   RO         1054    i.HAL_Init          stm32f7xx_hal.o
    0x08000f70   0x08000f70   0x00000040   Code   RO         1055    i.HAL_InitTick      stm32f7xx_hal.o
    0x08000fb0   0x08000fb0   0x0000005c   Code   RO          897    i.HAL_MPU_ConfigRegion  stm32f7xx_hal_cortex.o
    0x0800100c   0x0800100c   0x0000001c   Code   RO          898    i.HAL_MPU_Disable   stm32f7xx_hal_cortex.o
    0x08001028   0x08001028   0x00000024   Code   RO          899    i.HAL_MPU_Enable    stm32f7xx_hal_cortex.o
    0x0800104c   0x0800104c   0x00000002   Code   RO         1056    i.HAL_MspDeInit     stm32f7xx_hal.o
    0x0800104e   0x0800104e   0x00000002   Code   RO         1057    i.HAL_MspInit       stm32f7xx_hal.o
    0x08001050   0x08001050   0x0000001a   Code   RO          902    i.HAL_NVIC_EnableIRQ  stm32f7xx_hal_cortex.o
    0x0800106a   0x0800106a   0x00000002   PAD
    0x0800106c   0x0800106c   0x00000040   Code   RO          908    i.HAL_NVIC_SetPriority  stm32f7xx_hal_cortex.o
    0x080010ac   0x080010ac   0x00000024   Code   RO          909    i.HAL_NVIC_SetPriorityGrouping  stm32f7xx_hal_cortex.o
    0x080010d0   0x080010d0   0x00000010   Code   RO         2309    i.HAL_PWR_EnableBkUpAccess  stm32f7xx_hal_pwr.o
    0x080010e0   0x080010e0   0x00000130   Code   RO         1762    i.HAL_RCC_ClockConfig  stm32f7xx_hal_rcc.o
    0x08001210   0x08001210   0x00000148   Code   RO         1763    i.HAL_RCC_DeInit    stm32f7xx_hal_rcc.o
    0x08001358   0x08001358   0x00000060   Code   RO         1771    i.HAL_RCC_GetSysClockFreq  stm32f7xx_hal_rcc.o
    0x080013b8   0x080013b8   0x00000384   Code   RO         1774    i.HAL_RCC_OscConfig  stm32f7xx_hal_rcc.o
    0x0800173c   0x0800173c   0x00000026   Code   RO          913    i.HAL_SYSTICK_Config  stm32f7xx_hal_cortex.o
    0x08001762   0x08001762   0x00000002   PAD
    0x08001764   0x08001764   0x000002aa   Code   RO         2144    i.HCD_HC_IN_IRQHandler  stm32f7xx_hal_hcd.o
    0x08001a0e   0x08001a0e   0x00000290   Code   RO         2145    i.HCD_HC_OUT_IRQHandler  stm32f7xx_hal_hcd.o
    0x08001c9e   0x08001c9e   0x00000094   Code   RO         2146    i.HCD_Port_IRQHandler  stm32f7xx_hal_hcd.o
    0x08001d32   0x08001d32   0x0000008e   Code   RO         2147    i.HCD_RXQLVL_IRQHandler  stm32f7xx_hal_hcd.o
    0x08001dc0   0x08001dc0   0x00000002   Code   RO          339    i.HardFault_Handler  stm32f7xx_it.o
    0x08001dc2   0x08001dc2   0x00000002   PAD
    0x08001dc4   0x08001dc4   0x00000040   Code   RO          602    i.JumpToApplication  main.o
    0x08001e04   0x08001e04   0x00000002   Code   RO          340    i.MemManage_Handler  stm32f7xx_it.o
    0x08001e06   0x08001e06   0x00000002   Code   RO          341    i.NMI_Handler       stm32f7xx_it.o
    0x08001e08   0x08001e08   0x0000000c   Code   RO          342    i.OTG_FS_IRQHandler  stm32f7xx_it.o
    0x08001e14   0x08001e14   0x00000002   Code   RO          343    i.PendSV_Handler    stm32f7xx_it.o
    0x08001e16   0x08001e16   0x00000002   Code   RO          344    i.SVC_Handler       stm32f7xx_it.o
    0x08001e18   0x08001e18   0x00000004   Code   RO          345    i.SysTick_Handler   stm32f7xx_it.o
    0x08001e1c   0x08001e1c   0x00000098   Code   RO          603    i.SystemClock_Config  main.o
    0x08001eb4   0x08001eb4   0x00000054   Code   RO          860    i.SystemInit        system_stm32f7xx.o
    0x08001f08   0x08001f08   0x00000038   Code   RO         3708    i.USBH_AllocPipe    usbh_pipes.o
    0x08001f40   0x08001f40   0x00000020   Code   RO         3636    i.USBH_BulkReceiveData  usbh_ioreq.o
    0x08001f60   0x08001f60   0x00000028   Code   RO         3637    i.USBH_BulkSendData  usbh_ioreq.o
    0x08001f88   0x08001f88   0x0000000a   Code   RO         3709    i.USBH_ClosePipe    usbh_pipes.o
    0x08001f92   0x08001f92   0x00000022   Code   RO         3532    i.USBH_ClrFeature   usbh_ctlreq.o
    0x08001fb4   0x08001fb4   0x0000001e   Code   RO         3638    i.USBH_CtlReceiveData  usbh_ioreq.o
    0x08001fd2   0x08001fd2   0x0000003a   Code   RO         3533    i.USBH_CtlReq       usbh_ctlreq.o
    0x0800200c   0x0800200c   0x00000028   Code   RO         3639    i.USBH_CtlSendData  usbh_ioreq.o
    0x08002034   0x08002034   0x0000001e   Code   RO         3640    i.USBH_CtlSendSetup  usbh_ioreq.o
    0x08002052   0x08002052   0x00000004   Code   RO          449    i.USBH_Delay        usbh_conf.o
    0x08002056   0x08002056   0x00000040   Code   RO         3399    i.USBH_FindInterface  usbh_core.o
    0x08002096   0x08002096   0x00000018   Code   RO         3710    i.USBH_FreePipe     usbh_pipes.o
    0x080020ae   0x080020ae   0x00000034   Code   RO         3534    i.USBH_GetDescriptor  usbh_ctlreq.o
    0x080020e2   0x080020e2   0x0000000e   Code   RO         3535    i.USBH_GetNextDesc  usbh_ctlreq.o
    0x080020f0   0x080020f0   0x00000034   Code   RO         3536    i.USBH_Get_CfgDesc  usbh_ctlreq.o
    0x08002124   0x08002124   0x00000036   Code   RO         3537    i.USBH_Get_DevDesc  usbh_ctlreq.o
    0x0800215a   0x0800215a   0x00000054   Code   RO         3538    i.USBH_Get_StringDesc  usbh_ctlreq.o
    0x080021ae   0x080021ae   0x00000184   Code   RO         3539    i.USBH_HandleControl  usbh_ctlreq.o
    0x08002332   0x08002332   0x00000002   PAD
    0x08002334   0x08002334   0x00000182   Code   RO         3402    i.USBH_HandleEnum   usbh_core.o
    0x080024b6   0x080024b6   0x0000003e   Code   RO         3403    i.USBH_Init         usbh_core.o
    0x080024f4   0x080024f4   0x0000000e   Code   RO          450    i.USBH_LL_ClosePipe  usbh_conf.o
    0x08002502   0x08002502   0x00000014   Code   RO         3405    i.USBH_LL_Connect   usbh_core.o
    0x08002516   0x08002516   0x0000002e   Code   RO         3406    i.USBH_LL_Disconnect  usbh_core.o
    0x08002544   0x08002544   0x00000020   Code   RO          452    i.USBH_LL_DriverVBUS  usbh_conf.o
    0x08002564   0x08002564   0x00000008   Code   RO          453    i.USBH_LL_GetLastXferSize  usbh_conf.o
    0x0800256c   0x0800256c   0x00000022   Code   RO          454    i.USBH_LL_GetSpeed  usbh_conf.o
    0x0800258e   0x0800258e   0x00000002   PAD
    0x08002590   0x08002590   0x00000024   Code   RO          455    i.USBH_LL_GetToggle  usbh_conf.o
    0x080025b4   0x080025b4   0x00000008   Code   RO          456    i.USBH_LL_GetURBState  usbh_conf.o
    0x080025bc   0x080025bc   0x0000001e   Code   RO         3407    i.USBH_LL_IncTimer  usbh_core.o
    0x080025da   0x080025da   0x00000002   PAD
    0x080025dc   0x080025dc   0x00000048   Code   RO          457    i.USBH_LL_Init      usbh_conf.o
    0x08002624   0x08002624   0x00000018   Code   RO          458    i.USBH_LL_OpenPipe  usbh_conf.o
    0x0800263c   0x0800263c   0x00000008   Code   RO         3408    i.USBH_LL_PortDisabled  usbh_core.o
    0x08002644   0x08002644   0x00000008   Code   RO         3409    i.USBH_LL_PortEnabled  usbh_core.o
    0x0800264c   0x0800264c   0x0000000e   Code   RO          459    i.USBH_LL_ResetPort  usbh_conf.o
    0x0800265a   0x0800265a   0x00000006   Code   RO         3410    i.USBH_LL_SetTimer  usbh_core.o
    0x08002660   0x08002660   0x00000028   Code   RO          460    i.USBH_LL_SetToggle  usbh_conf.o
    0x08002688   0x08002688   0x0000000e   Code   RO          461    i.USBH_LL_Start     usbh_conf.o
    0x08002696   0x08002696   0x0000000e   Code   RO          462    i.USBH_LL_Stop      usbh_conf.o
    0x080026a4   0x080026a4   0x00000020   Code   RO          463    i.USBH_LL_SubmitURB  usbh_conf.o
    0x080026c4   0x080026c4   0x00000020   Code   RO          232    i.USBH_MSC_BOT_Abort  usbh_msc_bot.o
    0x080026e4   0x080026e4   0x00000024   Code   RO          233    i.USBH_MSC_BOT_Init  usbh_msc_bot.o
    0x08002708   0x08002708   0x000001dc   Code   RO          234    i.USBH_MSC_BOT_Process  usbh_msc_bot.o
    0x080028e4   0x080028e4   0x0000001c   Code   RO          235    i.USBH_MSC_BOT_REQ_GetMaxLUN  usbh_msc_bot.o
    0x08002900   0x08002900   0x00000016   Code   RO          236    i.USBH_MSC_BOT_REQ_Reset  usbh_msc_bot.o
    0x08002916   0x08002916   0x00000078   Code   RO            4    i.USBH_MSC_ClassRequest  usbh_msc.o
    0x0800298e   0x0800298e   0x00000034   Code   RO            5    i.USBH_MSC_GetLUNInfo  usbh_msc.o
    0x080029c2   0x080029c2   0x0000004a   Code   RO            7    i.USBH_MSC_InterfaceDeInit  usbh_msc.o
    0x08002a0c   0x08002a0c   0x00000104   Code   RO            8    i.USBH_MSC_InterfaceInit  usbh_msc.o
    0x08002b10   0x08002b10   0x000002a0   Code   RO           10    i.USBH_MSC_Process  usbh_msc.o
    0x08002db0   0x08002db0   0x00000090   Code   RO           11    i.USBH_MSC_RdWrProcess  usbh_msc.o
    0x08002e40   0x08002e40   0x00000076   Code   RO           12    i.USBH_MSC_Read     usbh_msc.o
    0x08002eb6   0x08002eb6   0x000000d4   Code   RO          283    i.USBH_MSC_SCSI_Inquiry  usbh_msc_scsi.o
    0x08002f8a   0x08002f8a   0x00000094   Code   RO          284    i.USBH_MSC_SCSI_Read  usbh_msc_scsi.o
    0x0800301e   0x0800301e   0x0000007a   Code   RO          285    i.USBH_MSC_SCSI_ReadCapacity  usbh_msc_scsi.o
    0x08003098   0x08003098   0x0000009c   Code   RO          286    i.USBH_MSC_SCSI_RequestSense  usbh_msc_scsi.o
    0x08003134   0x08003134   0x0000004e   Code   RO          287    i.USBH_MSC_SCSI_TestUnitReady  usbh_msc_scsi.o
    0x08003182   0x08003182   0x00000094   Code   RO          288    i.USBH_MSC_SCSI_Write  usbh_msc_scsi.o
    0x08003216   0x08003216   0x00000004   Code   RO           13    i.USBH_MSC_SOFProcess  usbh_msc.o
    0x0800321a   0x0800321a   0x0000002a   Code   RO           14    i.USBH_MSC_UnitIsReady  usbh_msc.o
    0x08003244   0x08003244   0x00000076   Code   RO           15    i.USBH_MSC_Write    usbh_msc.o
    0x080032ba   0x080032ba   0x00000014   Code   RO         3711    i.USBH_OpenPipe     usbh_pipes.o
    0x080032ce   0x080032ce   0x00000002   PAD
    0x080032d0   0x080032d0   0x0000014e   Code   RO         3540    i.USBH_ParseCfgDesc  usbh_ctlreq.o
    0x0800341e   0x0800341e   0x0000007c   Code   RO         3541    i.USBH_ParseDevDesc  usbh_ctlreq.o
    0x0800349a   0x0800349a   0x000000b4   Code   RO         3542    i.USBH_ParseEPDesc  usbh_ctlreq.o
    0x0800354e   0x0800354e   0x00000234   Code   RO         3411    i.USBH_Process      usbh_core.o
    0x08003782   0x08003782   0x0000001e   Code   RO         3413    i.USBH_RegisterClass  usbh_core.o
    0x080037a0   0x080037a0   0x00000016   Code   RO         3414    i.USBH_SelectInterface  usbh_core.o
    0x080037b6   0x080037b6   0x0000001c   Code   RO         3543    i.USBH_SetAddress   usbh_ctlreq.o
    0x080037d2   0x080037d2   0x0000001c   Code   RO         3544    i.USBH_SetCfg       usbh_ctlreq.o
    0x080037ee   0x080037ee   0x0000001c   Code   RO         3545    i.USBH_SetFeature   usbh_ctlreq.o
    0x0800380a   0x0800380a   0x00000014   Code   RO         3415    i.USBH_Start        usbh_core.o
    0x0800381e   0x0800381e   0x00000002   PAD
    0x08003820   0x08003820   0x00000034   Code   RO          604    i.USBH_UserProcess  main.o
    0x08003854   0x08003854   0x00000004   Code   RO          791    i.USBH_initialize   usbh_diskio.o
    0x08003858   0x08003858   0x0000006c   Code   RO          792    i.USBH_ioctl        usbh_diskio.o
    0x080038c4   0x080038c4   0x00000044   Code   RO          793    i.USBH_read         usbh_diskio.o
    0x08003908   0x08003908   0x00000018   Code   RO          794    i.USBH_status       usbh_diskio.o
    0x08003920   0x08003920   0x0000004c   Code   RO          795    i.USBH_write        usbh_diskio.o
    0x0800396c   0x0800396c   0x0000006c   Code   RO         1455    i.USB_CoreInit      stm32f7xx_ll_usb.o
    0x080039d8   0x080039d8   0x00000040   Code   RO         1456    i.USB_CoreReset     stm32f7xx_ll_usb.o
    0x08003a18   0x08003a18   0x0000000c   Code   RO         1463    i.USB_DisableGlobalInt  stm32f7xx_ll_usb.o
    0x08003a24   0x08003a24   0x00000024   Code   RO         1464    i.USB_DoPing        stm32f7xx_ll_usb.o
    0x08003a48   0x08003a48   0x0000002c   Code   RO         1465    i.USB_DriveVbus     stm32f7xx_ll_usb.o
    0x08003a74   0x08003a74   0x0000000c   Code   RO         1472    i.USB_EnableGlobalInt  stm32f7xx_ll_usb.o
    0x08003a80   0x08003a80   0x0000003c   Code   RO         1473    i.USB_FlushRxFifo   stm32f7xx_ll_usb.o
    0x08003abc   0x08003abc   0x00000040   Code   RO         1474    i.USB_FlushTxFifo   stm32f7xx_ll_usb.o
    0x08003afc   0x08003afc   0x00000008   Code   RO         1475    i.USB_GetCurrentFrame  stm32f7xx_ll_usb.o
    0x08003b04   0x08003b04   0x0000000e   Code   RO         1477    i.USB_GetHostSpeed  stm32f7xx_ll_usb.o
    0x08003b12   0x08003b12   0x00000008   Code   RO         1478    i.USB_GetMode       stm32f7xx_ll_usb.o
    0x08003b1a   0x08003b1a   0x000000c6   Code   RO         1479    i.USB_HC_Halt       stm32f7xx_ll_usb.o
    0x08003be0   0x08003be0   0x00000112   Code   RO         1480    i.USB_HC_Init       stm32f7xx_ll_usb.o
    0x08003cf2   0x08003cf2   0x00000008   Code   RO         1481    i.USB_HC_ReadInterrupt  stm32f7xx_ll_usb.o
    0x08003cfa   0x08003cfa   0x00000140   Code   RO         1482    i.USB_HC_StartXfer  stm32f7xx_ll_usb.o
    0x08003e3a   0x08003e3a   0x00000002   PAD
    0x08003e3c   0x08003e3c   0x000000c0   Code   RO         1483    i.USB_HostInit      stm32f7xx_ll_usb.o
    0x08003efc   0x08003efc   0x00000038   Code   RO         1484    i.USB_InitFSLSPClkSel  stm32f7xx_ll_usb.o
    0x08003f34   0x08003f34   0x00000010   Code   RO         1485    i.USB_ReadChInterrupts  stm32f7xx_ll_usb.o
    0x08003f44   0x08003f44   0x00000008   Code   RO         1490    i.USB_ReadInterrupts  stm32f7xx_ll_usb.o
    0x08003f4c   0x08003f4c   0x00000040   Code   RO         1491    i.USB_ReadPacket    stm32f7xx_ll_usb.o
    0x08003f8c   0x08003f8c   0x00000032   Code   RO         1492    i.USB_ResetPort     stm32f7xx_ll_usb.o
    0x08003fbe   0x08003fbe   0x0000005e   Code   RO         1493    i.USB_SetCurrentMode  stm32f7xx_ll_usb.o
    0x0800401c   0x0800401c   0x0000008e   Code   RO         1498    i.USB_StopHost      stm32f7xx_ll_usb.o
    0x080040aa   0x080040aa   0x00000002   PAD
    0x080040ac   0x080040ac   0x00000028   Code   RO         1499    i.USB_WritePacket   stm32f7xx_ll_usb.o
    0x080040d4   0x080040d4   0x00000002   Code   RO          346    i.UsageFault_Handler  stm32f7xx_it.o
    0x080040d6   0x080040d6   0x00000022   Code   RO          915    i.__NVIC_SetPriority  stm32f7xx_hal_cortex.o
    0x080040f8   0x080040f8   0x0000000e   Code   RO         3865    i.__scatterload_copy  mc_w.l(handlers.o)
    0x08004106   0x08004106   0x00000002   Code   RO         3866    i.__scatterload_null  mc_w.l(handlers.o)
    0x08004108   0x08004108   0x0000000e   Code   RO         3867    i.__scatterload_zeroinit  mc_w.l(handlers.o)
    0x08004116   0x08004116   0x00000002   PAD
    0x08004118   0x08004118   0x00000070   Code   RO         3087    i.check_fs          ff.o
    0x08004188   0x08004188   0x00000010   Code   RO         3088    i.chk_chr           ff.o
    0x08004198   0x08004198   0x0000005c   Code   RO         3089    i.chk_lock          ff.o
    0x080041f4   0x080041f4   0x00000020   Code   RO         3090    i.clear_lock        ff.o
    0x08004214   0x08004214   0x00000024   Code   RO         3091    i.clmt_clust        ff.o
    0x08004238   0x08004238   0x00000018   Code   RO         3092    i.clust2sect        ff.o
    0x08004250   0x08004250   0x00000080   Code   RO         3093    i.cmp_lfn           ff.o
    0x080042d0   0x080042d0   0x000000a6   Code   RO         3094    i.create_chain      ff.o
    0x08004376   0x08004376   0x00000002   PAD
    0x08004378   0x08004378   0x00000204   Code   RO         3095    i.create_name       ff.o
    0x0800457c   0x0800457c   0x00000034   Code   RO         3096    i.dec_lock          ff.o
    0x080045b0   0x080045b0   0x000000d2   Code   RO         3097    i.dir_find          ff.o
    0x08004682   0x08004682   0x00000002   PAD
    0x08004684   0x08004684   0x000000f4   Code   RO         3098    i.dir_next          ff.o
    0x08004778   0x08004778   0x000001e4   Code   RO         3100    i.dir_register      ff.o
    0x0800495c   0x0800495c   0x00000082   Code   RO         3102    i.dir_sdi           ff.o
    0x080049de   0x080049de   0x00000002   PAD
    0x080049e0   0x080049e0   0x00000028   Code   RO         3044    i.disk_initialize   diskio.o
    0x08004a08   0x08004a08   0x00000018   Code   RO         3045    i.disk_ioctl        diskio.o
    0x08004a20   0x08004a20   0x0000001c   Code   RO         3046    i.disk_read         diskio.o
    0x08004a3c   0x08004a3c   0x00000014   Code   RO         3047    i.disk_status       diskio.o
    0x08004a50   0x08004a50   0x0000001c   Code   RO         3048    i.disk_write        diskio.o
    0x08004a6c   0x08004a6c   0x00000028   Code   RO         3103    i.f_close           ff.o
    0x08004a94   0x08004a94   0x00000058   Code   RO         3109    i.f_mount           ff.o
    0x08004aec   0x08004aec   0x00000244   Code   RO         3110    i.f_open            ff.o
    0x08004d30   0x08004d30   0x00000154   Code   RO         3112    i.f_read            ff.o
    0x08004e84   0x08004e84   0x0000008e   Code   RO         3116    i.f_sync            ff.o
    0x08004f12   0x08004f12   0x00000002   PAD
    0x08004f14   0x08004f14   0x0000003c   Code   RO         3771    i.ff_convert        unicode.o
    0x08004f50   0x08004f50   0x00000004   Code   RO         3747    i.ff_memalloc       syscall.o
    0x08004f54   0x08004f54   0x00000004   Code   RO         3748    i.ff_memfree        syscall.o
    0x08004f58   0x08004f58   0x00000080   Code   RO         3772    i.ff_wtoupper       unicode.o
    0x08004fd8   0x08004fd8   0x00000258   Code   RO         3120    i.find_volume       ff.o
    0x08005230   0x08005230   0x00000074   Code   RO         3121    i.follow_path       ff.o
    0x080052a4   0x080052a4   0x00000050   Code   RO         3811    i.free              mc_w.l(malloc.o)
    0x080052f4   0x080052f4   0x00000080   Code   RO         3122    i.gen_numname       ff.o
    0x08005374   0x08005374   0x000000be   Code   RO         3123    i.get_fat           ff.o
    0x08005432   0x08005432   0x00000004   Code   RO         3049    i.get_fattime       diskio.o
    0x08005436   0x08005436   0x0000003c   Code   RO         3125    i.get_ldnumber      ff.o
    0x08005472   0x08005472   0x00000002   PAD
    0x08005474   0x08005474   0x00000080   Code   RO         3126    i.inc_lock          ff.o
    0x080054f4   0x080054f4   0x00000026   Code   RO         3127    i.ld_clust          ff.o
    0x0800551a   0x0800551a   0x00000016   Code   RO         3128    i.ld_dword          ff.o
    0x08005530   0x08005530   0x0000000a   Code   RO         3129    i.ld_word           ff.o
    0x0800553a   0x0800553a   0x00000002   PAD
    0x0800553c   0x0800553c   0x000000f8   Code   RO          605    i.load              main.o
    0x08005634   0x08005634   0x000000f0   Code   RO          606    i.main              main.o
    0x08005724   0x08005724   0x0000006c   Code   RO         3812    i.malloc            mc_w.l(malloc.o)
    0x08005790   0x08005790   0x00000012   Code   RO         3130    i.mem_cpy           ff.o
    0x080057a2   0x080057a2   0x00000002   PAD
    0x080057a4   0x080057a4   0x0000000e   Code   RO         3131    i.mem_set           ff.o
    0x080057b2   0x080057b2   0x00000032   Code   RO         3132    i.move_window       ff.o
    0x080057e4   0x080057e4   0x000000f0   Code   RO         3134    i.put_fat           ff.o
    0x080058d4   0x080058d4   0x00000074   Code   RO         3135    i.remove_chain      ff.o
    0x08005948   0x08005948   0x00000028   Code   RO         3136    i.st_clust          ff.o
    0x08005970   0x08005970   0x00000010   Code   RO         3137    i.st_dword          ff.o
    0x08005980   0x08005980   0x00000008   Code   RO         3138    i.st_word           ff.o
    0x08005988   0x08005988   0x0000001c   Code   RO         3139    i.sum_sfn           ff.o
    0x080059a4   0x080059a4   0x00000088   Code   RO         3140    i.sync_fs           ff.o
    0x08005a2c   0x08005a2c   0x00000052   Code   RO         3141    i.sync_window       ff.o
    0x08005a7e   0x08005a7e   0x00000034   Code   RO         3142    i.validate          ff.o
    0x08005ab2   0x08005ab2   0x00000002   PAD
    0x08005ab4   0x08005ab4   0x00000014   Data   RO          796    .constdata          usbh_diskio.o
    0x08005ac8   0x08005ac8   0x00000010   Data   RO          861    .constdata          system_stm32f7xx.o
    0x08005ad8   0x08005ad8   0x000000aa   Data   RO         3144    .constdata          ff.o
    0x08005b82   0x08005b82   0x000003ae   Data   RO         3773    .constdata          unicode.o
    0x08005f30   0x08005f30   0x00000004   Data   RO           16    .conststring        usbh_msc.o
    0x08005f34   0x08005f34   0x00000020   Data   RO         3863    Region$$Table       anon$$obj.o


    Execution Region RW_IRAM1 (Exec base: 0x20000000, Load base: 0x08005f54, Size: 0x00002510, Max: 0x00050000, ABSOLUTE)

    Exec Addr    Load Addr    Size         Type   Attr      Idx    E Section Name        Object

    0x20000000   0x08005f54   0x00000020   Data   RW           17    .data               usbh_msc.o
    0x20000020   0x08005f74   0x0000002c   Data   RW          608    .data               main.o
    0x2000004c   0x08005fa0   0x00000004   Data   RW          863    .data               system_stm32f7xx.o
    0x20000050   0x08005fa4   0x0000000c   Data   RW         1061    .data               stm32f7xx_hal.o
    0x2000005c   0x08005fb0   0x0000000c   Data   RW         3145    .data               ff.o
    0x20000068   0x08005fbc   0x00000004   Data   RW         3859    .data               mc_w.l(mvars.o)
    0x2000006c   0x08005fc0   0x00000004   Data   RW         3860    .data               mc_w.l(mvars.o)
    0x20000070        -       0x00000304   Zero   RW          464    .bss                usbh_conf.o
    0x20000374        -       0x00000d4c   Zero   RW          607    .bss                main.o
    0x200010c0        -       0x0000001c   Zero   RW         2831    .bss                stm32f7xx_hal_flash.o
    0x200010dc        -       0x00000010   Zero   RW         2998    .bss                ff_gen_drv.o
    0x200010ec        -       0x00000020   Zero   RW         3143    .bss                ff.o
    0x2000110c   0x08005fc4   0x00000004   PAD
    0x20001110        -       0x00000400   Zero   RW          782    HEAP                startup_stm32f746xx.o
    0x20001510        -       0x00001000   Zero   RW          781    STACK               startup_stm32f746xx.o


==============================================================================

Image component sizes


      Code (inc. data)   RO Data    RW Data    ZI Data      Debug   Object Name

       144         26          0          0          0       4555   diskio.o
      5524         98        170         12         32      44664   ff.o
       128         10          0          0         16       7811   ff_gen_drv.o
      1016        178          0         44       3404     144391   main.o
        36          8        456          0       5120        824   startup_stm32f746xx.o
       228         32          0         12          0      11108   stm32f7xx_hal.o
       354         28          0          0          0      41417   stm32f7xx_hal_cortex.o
       536         70          0          0         28       7114   stm32f7xx_hal_flash.o
       268         20          0          0          0       3754   stm32f7xx_hal_flash_ex.o
       594         54          0          0          0       2400   stm32f7xx_hal_gpio.o
      2506          0          0          0          0      14861   stm32f7xx_hal_hcd.o
        16          4          0          0          0        583   stm32f7xx_hal_pwr.o
      1628         62          0          0          0       5103   stm32f7xx_hal_rcc.o
        32          6          0          0          0       6990   stm32f7xx_it.o
      1892         48          0          0          0      20320   stm32f7xx_ll_usb.o
         8          0          0          0          0       1795   syscall.o
        84         16         16          4          0       1331   system_stm32f7xx.o
       188         24        942          0          0       2383   unicode.o
       556         34          0          0        772      12840   usbh_conf.o
      1386         20          0          0          0      11793   usbh_core.o
      1458         12          0          0          0      13678   usbh_ctlreq.o
       280         22         20          0          0       4231   usbh_diskio.o
       172          0          0          0          0       4616   usbh_ioreq.o
      1604         10          4         32          0     807025   usbh_msc.o
       594         24          0          0          0       6760   usbh_msc_bot.o
       864          0          0          0          0       6731   usbh_msc_scsi.o
       110          0          0          0          0       3566   usbh_pipes.o

    ----------------------------------------------------------------------
     22252        806       1640        104       9376    1192644   Object Totals
         0          0         32          0          0          0   (incl. Generated)
        46          0          0          0          4          0   (incl. Padding)

    ----------------------------------------------------------------------

      Code (inc. data)   RO Data    RW Data    ZI Data      Debug   Library Member Name

         0          0          0          0          0          0   entry.o
         0          0          0          0          0          0   entry10a.o
         0          0          0          0          0          0   entry11a.o
         4          0          0          0          0          0   entry12b.o
         8          4          0          0          0          0   entry2.o
         4          0          0          0          0          0   entry5.o
         0          0          0          0          0          0   entry7b.o
         0          0          0          0          0          0   entry8b.o
         8          4          0          0          0          0   entry9a.o
        30          0          0          0          0          0   handlers.o
        36          8          0          0          0         68   init.o
        30          0          0          0          0         68   llshl.o
        32          0          0          0          0         68   llushr.o
       188         20          0          0          0        160   malloc.o
        36          0          0          0          0         68   memcpya.o
        36          0          0          0          0        108   memseta.o
         0          0          0          8          0          0   mvars.o
        98          0          0          0          0         92   uldiv.o

    ----------------------------------------------------------------------
       512         36          0          8          0        632   Library Totals
         2          0          0          0          0          0   (incl. Padding)

    ----------------------------------------------------------------------

      Code (inc. data)   RO Data    RW Data    ZI Data      Debug   Library Name

       510         36          0          8          0        632   mc_w.l

    ----------------------------------------------------------------------
       512         36          0          8          0        632   Library Totals

    ----------------------------------------------------------------------

==============================================================================


      Code (inc. data)   RO Data    RW Data    ZI Data      Debug   

     22764        842       1640        112       9376    1170920   Grand Totals
     22764        842       1640        112       9376    1170920   ELF Image Totals
     22764        842       1640        112          0          0   ROM Totals

==============================================================================

    Total RO  Size (Code + RO Data)                24404 (  23.83kB)
    Total RW  Size (RW Data + ZI Data)              9488 (   9.27kB)
    Total ROM Size (Code + RO Data + RW Data)      24516 (  23.94kB)

==============================================================================

