<html>
<body>
<pre>
<h1>µVision Build Log</h1>
<h2>Tool Versions:</h2>
IDE-Version: µVision V5.38.0.0
Copyright (C) 2022 ARM Ltd and ARM Germany GmbH. All rights reserved.
License Information: M K, B, LIC=VGXG8-3K994-PCFJ8-3H8WF-K2DWP-94LZK
 
Tool Versions:
Toolchain:       MDK-ARM Plus  Version: 5.38.0.0
Toolchain Path:  C:\Keil_v5\ARM\ARM_Compiler_5.06u7\Bin
C Compiler:      Armcc.exe V5.06 update 7 (build 960)
Assembler:       Armasm.exe V5.06 update 7 (build 960)
Linker/Locator:  ArmLink.exe V5.06 update 7 (build 960)
Library Manager: ArmAr.exe V5.06 update 7 (build 960)
Hex Converter:   FromElf.exe V5.06 update 7 (build 960)
CPU DLL:         SARMCM3.DLL V5.38.0.0
Dialog DLL:      DCM.DLL V1.17.5.0
Target DLL:      STLink\ST-LINKIII-KEIL_SWO.dll V3.1.0.0
Dialog DLL:      TCM.DLL V1.56.4.0
 
<h2>Project:</h2>
H:\Ñðî÷íî ññîõðàíèòü\Íîâàÿ ïàïêà (2)\Bootloader_F7\MDK-ARM\Project.uvprojx
Project File Date:  05/13/2025

<h2>Output:</h2>
*** Using Compiler 'V5.06 update 7 (build 960)', folder: 'C:\Keil_v5\ARM\ARM_Compiler_5.06u7\Bin'
Build target 'STM32F746ZG_Nucleo'
compiling main.c...
../Src/main.c(180): warning:  #177-D: variable "res"  was declared but never referenced
    FRESULT res;                                          /* FatFs function common result code */
../Src/main.c(181): warning:  #177-D: variable "byteswritten"  was declared but never referenced
    uint32_t byteswritten, bytesread;                     /* File write/read counts */
../Src/main.c(181): warning:  #177-D: variable "bytesread"  was declared but never referenced
    uint32_t byteswritten, bytesread;                     /* File write/read counts */
../Src/main.c(182): warning:  #177-D: variable "wtext"  was declared but never referenced
    uint8_t wtext[] = "This is STM32 working with FatFs"; /* File write buffer */
../Src/main.c(184): warning:  #177-D: variable "rtext"  was declared but never referenced
  	uint8_t rtext[100];
../Src/main.c(185): warning:  #177-D: variable "current_size"  was declared but never referenced
  	uint32_t current_size = 0;
../Src/main.c: 6 warnings, 0 errors
linking...
Program Size: Code=22764 RO-data=1640 RW-data=112 ZI-data=9376  
FromELF: creating hex file...
"STM32F746ZG_Nucleo\Exe\STM32F7-Nucleo_144.axf" - 0 Error(s), 6 Warning(s).

<h2>Software Packages used:</h2>

Package Vendor: ARM
                http://www.keil.com/pack/ARM.CMSIS.5.9.0.pack
                ARM.CMSIS.5.9.0
                CMSIS (Common Microcontroller Software Interface Standard)
   * Component: CORE Version: 5.6.0

Package Vendor: Keil
                https://www.keil.com/pack/Keil.STM32F7xx_DFP.2.15.2.pack
                Keil.STM32F7xx_DFP.2.15.2
                STMicroelectronics STM32F7 Series Device Support, Drivers and Examples

<h2>Collection of Component include folders:</h2>
  ./RTE/_STM32F746ZG_Nucleo
  C:/Keil_v5/ARM/PACK/ARM/CMSIS/5.9.0/CMSIS/Core/Include
  C:/Keil_v5/ARM/PACK/Keil/STM32F7xx_DFP/2.15.2/Drivers/CMSIS/Device/ST/STM32F7xx/Include

<h2>Collection of Component Files used:</h2>

   * Component: ARM::CMSIS:CORE:5.6.0
Build Time Elapsed:  00:00:04
</pre>
</body>
</html>
